05-02 19:05:53.478   403   403 I View    : setRequestedFrameRate frameRate=NaN, this=iej{d1fcc01 VFED..... ........ 315,0-1540,1530 aid=1073741825}, caller=android.view.ViewGroup.setRequestedFrameRate:9952 nz$$ExternalSyntheticApiModelOutline0.m:50 igk.a:1 iej.dispatchDraw:106 android.view.View.draw:26345 
05-02 19:05:53.478   403   403 I View    : setRequestedFrameRate frameRate=NaN, this=android.view.View{b65f7f0 V.ED..... ........ 0,0-0,0}, caller=nz$$ExternalSyntheticApiModelOutline0.m:50 igk.a:1 iej.dispatchDraw:115 android.view.View.draw:26345 android.view.View.updateDisplayListIfDirty:25175 
05-02 19:05:53.486   403   403 I View    : setRequestedFrameRate frameRate=NaN, this=iej{d1fcc01 VFED..... ........ 315,0-1540,1530 aid=1073741825}, caller=android.view.ViewGroup.setRequestedFrameRate:9952 nz$$ExternalSyntheticApiModelOutline0.m:50 igk.a:1 iej.dispatchDraw:106 android.view.View.draw:26345 
05-02 19:05:53.487   403   403 I View    : setRequestedFrameRate frameRate=NaN, this=android.view.View{b65f7f0 V.ED..... ........ 0,0-0,0}, caller=nz$$ExternalSyntheticApiModelOutline0.m:50 igk.a:1 iej.dispatchDraw:115 android.view.View.draw:26345 android.view.View.updateDisplayListIfDirty:25175 
05-02 19:05:53.495   403   403 I View    : setRequestedFrameRate frameRate=NaN, this=iej{d1fcc01 VFED..... ........ 315,0-1540,1530 aid=1073741825}, caller=android.view.ViewGroup.setRequestedFrameRate:9952 nz$$ExternalSyntheticApiModelOutline0.m:50 igk.a:1 iej.dispatchDraw:106 android.view.View.draw:26345 
05-02 19:05:53.495   403   403 I View    : setRequestedFrameRate frameRate=NaN, this=android.view.View{b65f7f0 V.ED..... ........ 0,0-0,0}, caller=nz$$ExternalSyntheticApiModelOutline0.m:50 igk.a:1 iej.dispatchDraw:115 android.view.View.draw:26345 android.view.View.updateDisplayListIfDirty:25175 
05-02 19:05:53.503   403   403 I View    : setRequestedFrameRate frameRate=NaN, this=iej{d1fcc01 VFED..... ........ 315,0-1540,1530 aid=1073741825}, caller=android.view.ViewGroup.setRequestedFrameRate:9952 nz$$ExternalSyntheticApiModelOutline0.m:50 igk.a:1 iej.dispatchDraw:106 android.view.View.draw:26345 
05-02 19:05:53.503   403   403 I View    : setRequestedFrameRate frameRate=NaN, this=android.view.View{b65f7f0 V.ED..... ........ 0,0-0,0}, caller=nz$$ExternalSyntheticApiModelOutline0.m:50 igk.a:1 iej.dispatchDraw:115 android.view.View.draw:26345 android.view.View.updateDisplayListIfDirty:25175 
05-02 19:05:53.511   403   403 I View    : setRequestedFrameRate frameRate=NaN, this=iej{d1fcc01 VFED..... ........ 315,0-1540,1530 aid=1073741825}, caller=android.view.ViewGroup.setRequestedFrameRate:9952 nz$$ExternalSyntheticApiModelOutline0.m:50 igk.a:1 iej.dispatchDraw:106 android.view.View.draw:26345 
05-02 19:05:53.511   403   403 I View    : setRequestedFrameRate frameRate=NaN, this=android.view.View{b65f7f0 V.ED..... ........ 0,0-0,0}, caller=nz$$ExternalSyntheticApiModelOutline0.m:50 igk.a:1 iej.dispatchDraw:115 android.view.View.draw:26345 android.view.View.updateDisplayListIfDirty:25175 
05-02 19:05:53.520   403   403 I View    : setRequestedFrameRate frameRate=NaN, this=iej{d1fcc01 VFED..... ........ 315,0-1540,1530 aid=1073741825}, caller=android.view.ViewGroup.setRequestedFrameRate:9952 nz$$ExternalSyntheticApiModelOutline0.m:50 igk.a:1 iej.dispatchDraw:106 android.view.View.draw:26345 
05-02 19:05:53.520   403   403 I View    : setRequestedFrameRate frameRate=NaN, this=android.view.View{b65f7f0 V.ED..... ........ 0,0-0,0}, caller=nz$$ExternalSyntheticApiModelOutline0.m:50 igk.a:1 iej.dispatchDraw:115 android.view.View.draw:26345 android.view.View.updateDisplayListIfDirty:25175 
05-02 19:05:53.528   403   403 I View    : setRequestedFrameRate frameRate=NaN, this=iej{d1fcc01 VFED..... ........ 315,0-1540,1530 aid=1073741825}, caller=android.view.ViewGroup.setRequestedFrameRate:9952 nz$$ExternalSyntheticApiModelOutline0.m:50 igk.a:1 iej.dispatchDraw:106 android.view.View.draw:26345 
05-02 19:05:53.528   403   403 I View    : setRequestedFrameRate frameRate=NaN, this=android.view.View{b65f7f0 V.ED..... ........ 0,0-0,0}, caller=nz$$ExternalSyntheticApiModelOutline0.m:50 igk.a:1 iej.dispatchDraw:115 android.view.View.draw:26345 android.view.View.updateDisplayListIfDirty:25175 
05-02 19:05:53.537   403   403 I View    : setRequestedFrameRate frameRate=NaN, this=iej{d1fcc01 VFED..... ........ 315,0-1540,1530 aid=1073741825}, caller=android.view.ViewGroup.setRequestedFrameRate:9952 nz$$ExternalSyntheticApiModelOutline0.m:50 igk.a:1 iej.dispatchDraw:106 android.view.View.draw:26345 
05-02 19:05:53.537   403   403 I View    : setRequestedFrameRate frameRate=NaN, this=android.view.View{b65f7f0 V.ED..... ........ 0,0-0,0}, caller=nz$$ExternalSyntheticApiModelOutline0.m:50 igk.a:1 iej.dispatchDraw:115 android.view.View.draw:26345 android.view.View.updateDisplayListIfDirty:25175 
05-02 19:05:53.545   403   403 I View    : setRequestedFrameRate frameRate=NaN, this=iej{d1fcc01 VFED..... ........ 315,0-1540,1530 aid=1073741825}, caller=android.view.ViewGroup.setRequestedFrameRate:9952 nz$$ExternalSyntheticApiModelOutline0.m:50 igk.a:1 iej.dispatchDraw:106 android.view.View.draw:26345 
05-02 19:05:53.545   403   403 I View    : setRequestedFrameRate frameRate=NaN, this=android.view.View{b65f7f0 V.ED..... ........ 0,0-0,0}, caller=nz$$ExternalSyntheticApiModelOutline0.m:50 igk.a:1 iej.dispatchDraw:115 android.view.View.draw:26345 android.view.View.updateDisplayListIfDirty:25175 
05-02 19:05:53.554   403   403 I View    : setRequestedFrameRate frameRate=NaN, this=iej{d1fcc01 VFED..... ........ 315,0-1540,1530 aid=1073741825}, caller=android.view.ViewGroup.setRequestedFrameRate:9952 nz$$ExternalSyntheticApiModelOutline0.m:50 igk.a:1 iej.dispatchDraw:106 android.view.View.draw:26345 
05-02 19:05:53.554   403   403 I View    : setRequestedFrameRate frameRate=NaN, this=android.view.View{b65f7f0 V.ED..... ........ 0,0-0,0}, caller=nz$$ExternalSyntheticApiModelOutline0.m:50 igk.a:1 iej.dispatchDraw:115 android.view.View.draw:26345 android.view.View.updateDisplayListIfDirty:25175 
05-02 19:05:53.555 12016 12241 D PowerManagerService: UserActivityStateListenerState: 0
05-02 19:05:53.561   403   403 I View    : setRequestedFrameRate frameRate=NaN, this=iej{d1fcc01 VFED..... ........ 315,0-1540,1530 aid=1073741825}, caller=android.view.ViewGroup.setRequestedFrameRate:9952 nz$$ExternalSyntheticApiModelOutline0.m:50 igk.a:1 iej.dispatchDraw:106 android.view.View.draw:26345 
05-02 19:05:53.562   403   403 I View    : setRequestedFrameRate frameRate=NaN, this=android.view.View{b65f7f0 V.ED..... ........ 0,0-0,0}, caller=nz$$ExternalSyntheticApiModelOutline0.m:50 igk.a:1 iej.dispatchDraw:115 android.view.View.draw:26345 android.view.View.updateDisplayListIfDirty:25175 
05-02 19:05:53.570   403   403 I View    : setRequestedFrameRate frameRate=NaN, this=iej{d1fcc01 VFED..... ........ 315,0-1540,1530 aid=1073741825}, caller=android.view.ViewGroup.setRequestedFrameRate:9952 nz$$ExternalSyntheticApiModelOutline0.m:50 igk.a:1 iej.dispatchDraw:106 android.view.View.draw:26345 
05-02 19:05:53.570   403   403 I View    : setRequestedFrameRate frameRate=NaN, this=android.view.View{b65f7f0 V.ED..... ........ 0,0-0,0}, caller=nz$$ExternalSyntheticApiModelOutline0.m:50 igk.a:1 iej.dispatchDraw:115 android.view.View.draw:26345 android.view.View.updateDisplayListIfDirty:25175 
05-02 19:05:53.578   403   403 I View    : setRequestedFrameRate frameRate=NaN, this=iej{d1fcc01 VFED..... ........ 315,0-1540,1530 aid=1073741825}, caller=android.view.ViewGroup.setRequestedFrameRate:9952 nz$$ExternalSyntheticApiModelOutline0.m:50 igk.a:1 iej.dispatchDraw:106 android.view.View.draw:26345 
05-02 19:05:53.578   403   403 I View    : setRequestedFrameRate frameRate=NaN, this=android.view.View{b65f7f0 V.ED..... ........ 0,0-0,0}, caller=nz$$ExternalSyntheticApiModelOutline0.m:50 igk.a:1 iej.dispatchDraw:115 android.view.View.draw:26345 android.view.View.updateDisplayListIfDirty:25175 
05-02 19:05:53.586   403   403 I View    : setRequestedFrameRate frameRate=NaN, this=iej{d1fcc01 VFED..... ........ 315,0-1540,1530 aid=1073741825}, caller=android.view.ViewGroup.setRequestedFrameRate:9952 nz$$ExternalSyntheticApiModelOutline0.m:50 igk.a:1 iej.dispatchDraw:106 android.view.View.draw:26345 
05-02 19:05:53.586   403   403 I View    : setRequestedFrameRate frameRate=NaN, this=android.view.View{b65f7f0 V.ED..... ........ 0,0-0,0}, caller=nz$$ExternalSyntheticApiModelOutline0.m:50 igk.a:1 iej.dispatchDraw:115 android.view.View.draw:26345 android.view.View.updateDisplayListIfDirty:25175 
05-02 19:05:53.594   403   403 I View    : setRequestedFrameRate frameRate=NaN, this=iej{d1fcc01 VFED..... ........ 315,0-1540,1530 aid=1073741825}, caller=android.view.ViewGroup.setRequestedFrameRate:9952 nz$$ExternalSyntheticApiModelOutline0.m:50 igk.a:1 iej.dispatchDraw:106 android.view.View.draw:26345 
05-02 19:05:53.594   403   403 I View    : setRequestedFrameRate frameRate=NaN, this=android.view.View{b65f7f0 V.ED..... ........ 0,0-0,0}, caller=nz$$ExternalSyntheticApiModelOutline0.m:50 igk.a:1 iej.dispatchDraw:115 android.view.View.draw:26345 android.view.View.updateDisplayListIfDirty:25175 
05-02 19:05:53.603   403   403 I View    : setRequestedFrameRate frameRate=NaN, this=iej{d1fcc01 VFED..... ........ 315,0-1540,1530 aid=1073741825}, caller=android.view.ViewGroup.setRequestedFrameRate:9952 nz$$ExternalSyntheticApiModelOutline0.m:50 igk.a:1 iej.dispatchDraw:106 android.view.View.draw:26345 
05-02 19:05:53.603   403   403 I View    : setRequestedFrameRate frameRate=NaN, this=android.view.View{b65f7f0 V.ED..... ........ 0,0-0,0}, caller=nz$$ExternalSyntheticApiModelOutline0.m:50 igk.a:1 iej.dispatchDraw:115 android.view.View.draw:26345 android.view.View.updateDisplayListIfDirty:25175 
05-02 19:05:53.607 18580 18684 E d       : (Berry)(1.16)handleAudioPathTask() : can't get dual play mode - Attempt to invoke virtual method 'boolean android.bluetooth.BluetoothA2dp.semIsDualPlayMode()' on a null object reference
05-02 19:05:53.611   403   403 I View    : setRequestedFrameRate frameRate=NaN, this=iej{d1fcc01 VFED..... ........ 315,0-1540,1530 aid=1073741825}, caller=android.view.ViewGroup.setRequestedFrameRate:9952 nz$$ExternalSyntheticApiModelOutline0.m:50 igk.a:1 iej.dispatchDraw:106 android.view.View.draw:26345 
05-02 19:05:53.611   403   403 I View    : setRequestedFrameRate frameRate=NaN, this=android.view.View{b65f7f0 V.ED..... ........ 0,0-0,0}, caller=nz$$ExternalSyntheticApiModelOutline0.m:50 igk.a:1 iej.dispatchDraw:115 android.view.View.draw:26345 android.view.View.updateDisplayListIfDirty:25175 
05-02 19:05:53.614   403   403 I VRI[PlayProtectDialogsActivity]@40eab51: call setFrameRateCategory for touch hint category=no preference, reason=boost timeout, vri=VRI[PlayProtectDialogsActivity]@40eab51
05-02 19:05:53.618  2153  2153 I SurfaceFlinger: [com.android.vending/com.google.android.finsky.protectdialogs.activity.PlayProtectDialogsActivity$_403#219682] setFrameRateCategory: NoPreference
05-02 19:05:53.619   403   403 I View    : setRequestedFrameRate frameRate=NaN, this=iej{d1fcc01 VFED..... ........ 315,0-1540,1530 aid=1073741825}, caller=android.view.ViewGroup.setRequestedFrameRate:9952 nz$$ExternalSyntheticApiModelOutline0.m:50 igk.a:1 iej.dispatchDraw:106 android.view.View.draw:26345 
05-02 19:05:53.619   403   403 I View    : setRequestedFrameRate frameRate=NaN, this=android.view.View{b65f7f0 V.ED..... ........ 0,0-0,0}, caller=nz$$ExternalSyntheticApiModelOutline0.m:50 igk.a:1 iej.dispatchDraw:115 android.view.View.draw:26345 android.view.View.updateDisplayListIfDirty:25175 
05-02 19:05:53.627   403   403 I View    : setRequestedFrameRate frameRate=NaN, this=iej{d1fcc01 VFED..... ........ 315,0-1540,1530 aid=1073741825}, caller=android.view.ViewGroup.setRequestedFrameRate:9952 nz$$ExternalSyntheticApiModelOutline0.m:50 igk.a:1 iej.dispatchDraw:106 android.view.View.draw:26345 
05-02 19:05:53.628   403   403 I View    : setRequestedFrameRate frameRate=NaN, this=android.view.View{b65f7f0 V.ED..... ........ 0,0-0,0}, caller=nz$$ExternalSyntheticApiModelOutline0.m:50 igk.a:1 iej.dispatchDraw:115 android.view.View.draw:26345 android.view.View.updateDisplayListIfDirty:25175 
05-02 19:05:53.636   403   403 I View    : setRequestedFrameRate frameRate=NaN, this=iej{d1fcc01 VFED..... ........ 315,0-1540,1530 aid=1073741825}, caller=android.view.ViewGroup.setRequestedFrameRate:9952 nz$$ExternalSyntheticApiModelOutline0.m:50 igk.a:1 iej.dispatchDraw:106 android.view.View.draw:26345 
05-02 19:05:53.637   403   403 I View    : setRequestedFrameRate frameRate=NaN, this=android.view.View{b65f7f0 V.ED..... ........ 0,0-0,0}, caller=nz$$ExternalSyntheticApiModelOutline0.m:50 igk.a:1 iej.dispatchDraw:115 android.view.View.draw:26345 android.view.View.updateDisplayListIfDirty:25175 
05-02 19:05:53.645   403   403 I View    : setRequestedFrameRate frameRate=NaN, this=iej{d1fcc01 VFED..... ........ 315,0-1540,1530 aid=1073741825}, caller=android.view.ViewGroup.setRequestedFrameRate:9952 nz$$ExternalSyntheticApiModelOutline0.m:50 igk.a:1 iej.dispatchDraw:106 android.view.View.draw:26345 
05-02 19:05:53.645   403   403 I View    : setRequestedFrameRate frameRate=NaN, this=android.view.View{b65f7f0 V.ED..... ........ 0,0-0,0}, caller=nz$$ExternalSyntheticApiModelOutline0.m:50 igk.a:1 iej.dispatchDraw:115 android.view.View.draw:26345 android.view.View.updateDisplayListIfDirty:25175 
05-02 19:05:53.653   403   403 I View    : setRequestedFrameRate frameRate=NaN, this=iej{d1fcc01 VFED..... ........ 315,0-1540,1530 aid=1073741825}, caller=android.view.ViewGroup.setRequestedFrameRate:9952 nz$$ExternalSyntheticApiModelOutline0.m:50 igk.a:1 iej.dispatchDraw:106 android.view.View.draw:26345 
05-02 19:05:53.653   403   403 I View    : setRequestedFrameRate frameRate=NaN, this=android.view.View{b65f7f0 V.ED..... ........ 0,0-0,0}, caller=nz$$ExternalSyntheticApiModelOutline0.m:50 igk.a:1 iej.dispatchDraw:115 android.view.View.draw:26345 android.view.View.updateDisplayListIfDirty:25175 
05-02 19:05:53.653  2153  2748 D DisplayModeController: setDesiredMode 4630946165277524611 {mode={fps=60.00 Hz, modePtr={id=2, vsyncRate=60.00 Hz, peakRefreshRate=60.00 Hz}}, emitEvent=true, force=false}
05-02 19:05:53.654  2153  2153 I LayerHistory: com.android.vending/com.google.android.finsky.protectdialogs.activity.PlayProtectDialogsActivity$_403#219682 Max (can't resolve refresh rate)
05-02 19:05:53.654  2153  2153 I LayerHistory: com.google.android.packageinstaller/com.android.packageinstaller.InstallInstalling$_19334#219666 is small dirty
05-02 19:05:53.654  2153  2153 I SurfaceFlinger: HRR ignores com.android.vending/com.google.android.finsky.protectdialogs.activity.PlayProtectDialogsActivity$_403#219682 (type=Max, weight=0.89, seamlessness=Default) 0.00 Hz's 10.00 Hz
05-02 19:05:53.654  2153  2153 I SurfaceFlinger: HRR ignores com.android.vending/com.google.android.finsky.protectdialogs.activity.PlayProtectDialogsActivity$_403#219682 (type=Max, weight=0.89, seamlessness=Default) 0.00 Hz's 20.00 Hz
05-02 19:05:53.654  2153  2153 I SurfaceFlinger: HRR ignores com.android.vending/com.google.android.finsky.protectdialogs.activity.PlayProtectDialogsActivity$_403#219682 (type=Max, weight=0.89, seamlessness=Default) 0.00 Hz's 24.00 Hz
05-02 19:05:53.654  2153  2153 I SurfaceFlinger: HRR ignores com.android.vending/com.google.android.finsky.protectdialogs.activity.PlayProtectDialogsActivity$_403#219682 (type=Max, weight=0.89, seamlessness=Default) 0.00 Hz's 30.00 Hz
05-02 19:05:53.654  2153  2153 I SurfaceFlinger: HRR ignores com.android.vending/com.google.android.finsky.protectdialogs.activity.PlayProtectDialogsActivity$_403#219682 (type=Max, weight=0.89, seamlessness=Default) 0.00 Hz's 32.00 Hz
05-02 19:05:53.654  2153  2153 I SurfaceFlinger: HRR ignores com.android.vending/com.google.android.finsky.protectdialogs.activity.PlayProtect
05-02 19:05:53.654  1177  1177 D io_stats: !@   8,0 r 146038948 3281218512 w 43285140 917017724 d 5018578 1013871448 f 1234979 4987630 iot 26734684 0 th 0 0 0 pt 0 inp 0 0 523267.446
05-02 19:05:53.655   403   403 I View    : setRequestedFrameRate frameRate=NaN, this=iej{d1fcc01 VFED..... ........ 315,0-1540,1530 aid=1073741825}, caller=android.view.ViewGroup.setRequestedFrameRate:9952 nz$$ExternalSyntheticApiModelOutline0.m:50 igk.a:1 iej.dispatchDraw:106 android.view.View.draw:26345 
05-02 19:05:53.655  2153  2153 I HWComposer: [4630946165277524611] ActiveConfigToHWC, ID : 2
05-02 19:05:53.656   403   403 I View    : setRequestedFrameRate frameRate=NaN, this=android.view.View{b65f7f0 V.ED..... ........ 0,0-0,0}, caller=nz$$ExternalSyntheticApiModelOutline0.m:50 igk.a:1 iej.dispatchDraw:115 android.view.View.draw:26345 android.view.View.updateDisplayListIfDirty:25175 
05-02 19:05:53.658  2051 29400 I SDM     : HWDeviceDRM::SetDisplaySwitchMode: [DispConfigs] check hs_mode 1
05-02 19:05:53.658  2051 29400 W SDM     : HWDeviceDRM::GetSupportedBitClkRate: Requested rate not supported: 1362000000
05-02 19:05:53.659  2051 29400 I SDM     : HWDeviceDRM::SetDisplaySwitchMode: [DispConfigs] Set mode index:2 2160x1856x60xcmdHS, hs_mode(1), found_mode(1)
05-02 19:05:53.659  2051 29400 I SDM     : HWDeviceDRM::UpdateMixerAttributes: Mixer WxH 2160x1856-1 for Peripheral
05-02 19:05:53.659  2051 29400 I SDM     : HWCDisplay::SubmitDisplayConfig: Active configuration changed from config 0 to 2
05-02 19:05:53.661   403   403 I View    : setRequestedFrameRate frameRate=NaN, this=iej{d1fcc01 VFED..... ........ 315,0-1540,1530 aid=1073741825}, caller=android.view.ViewGroup.setRequestedFrameRate:9952 nz$$ExternalSyntheticApiModelOutline0.m:50 igk.a:1 iej.dispatchDraw:106 android.view.View.draw:26345 
05-02 19:05:53.662   403   403 I View    : setRequestedFrameRate frameRate=NaN, this=android.view.View{b65f7f0 V.ED..... ........ 0,0-0,0}, caller=nz$$ExternalSyntheticApiModelOutline0.m:50 igk.a:1 iej.dispatchDraw:115 android.view.View.draw:26345 android.view.View.updateDisplayListIfDirty:25175 
05-02 19:05:53.663  2153  2153 I SurfaceFlinger: finalizeDisplayModeChange 4630946165277524611
05-02 19:05:53.665 12016 12136 D LocalDisplayAdapter: updateActiveModeLocked for d=4630946165277524611, mActiveModeId=3, mActiveSfDisplayMode=DisplayMode{id=2, width=1856, height=2160, xDpi=377.139, yDpi=375.78, peakRefreshRate=60.000004, vsyncRate=60.000004, appVsyncOffsetNanos=16666666, presentationDeadlineNanos=17666666, supportedHdrTypes=[4, 2, 3], group=2160}
05-02 19:05:53.666 12016 12136 I DisplayDeviceRepository: Display device changed render timings: "Built-in Screen", renderFrameRate=60.000004, presentationDeadlineNanos=17666666, appVsyncOffsetNanos=16666666, frameRateOverrides=[{uid=10082 frameRateHz=60.000004}]
05-02 19:05:53.668 11749 11795 D AudioFlinger: setParameters: filtered dev setParameters keyvalue screen_state=on
05-02 19:05:53.669  2153  4275 I VSyncReactor: Current= 120, Period= 60, hwcPeriod= 60
05-02 19:05:53.669 11755 11874 D AHAL: AudioDevice: SetParameters: 1865: enter
05-02 19:05:53.669 11755 11874 D AHAL: AudioVoice: VoiceSetParameters: 200: Enter
05-02 19:05:53.669 11755 11874 D AHAL: AudioVoice: VoiceSetParameters: 479: Exit ret: 0
05-02 19:05:53.669 11755 11874 D AHAL: hfp: hfp_set_parameters: 444: enter
05-02 19:05:53.669 12016 12133 D WindowManager: DeferredDisplayUpdater: partially applying DisplayInfo(1856 x 2160) immediately
05-02 19:05:53.669 11755 11874 D AHAL: AudioDevice: SetParameters: 1945:  - screen = on
05-02 19:05:53.669 11755 11874 I PAL: ResourceManager: setParameter: 10683: Screen State:1
05-02 19:05:53.669 11755 11874 D AHAL: AudioDevice: SetParameters: 2798: exit: screen_state=on
05-02 19:05:53.670   403   403 I View    : setRequestedFrameRate frameRate=NaN, this=iej{d1fcc01 VFED..... ........ 315,0-1540,1530 aid=1073741825}, caller=android.view.ViewGroup.setRequestedFrameRate:9952 nz$$ExternalSyntheticApiModelOutline0.m:50 igk.a:1 iej.dispatchDraw:106 android.view.View.draw:26345 
05-02 19:05:53.670   403   403 I View    : setRequestedFrameRate frameRate=NaN, this=android.view.View{b65f7f0 V.ED..... ........ 0,0-0,0}, caller=nz$$ExternalSyntheticApiModelOutline0.m:50 igk.a:1 iej.dispatchDraw:115 android.view.View.draw:26345 android.view.View.updateDisplayListIfDirty:25175 
05-02 19:05:53.670 12016 12485 D AS.DesktopModeHelper: onDisplayChanged: #Id=0
05-02 19:05:53.671 12016 12016 D SGM:GameManager: onDisplayChanged. displyId: 0, state: 2
05-02 19:05:53.671 12016 12133 D SurfaceComposerClient: setCornerRadius ## 9e6dfbb com.android.vending/com.google.android.finsky.protectdialogs.activity.PlayProtectDialogsActivity#219676 cornerRadius=0.000000
05-02 19:05:53.672 12016 12133 D SurfaceComposerClient: setCornerRadius ## 603d293 com.google.android.packageinstaller/com.android.packageinstaller.InstallInstalling#219665 cornerRadius=0.000000
05-02 19:05:53.672 12016 12133 D SurfaceComposerClient: setCornerRadius ## dda60c1 com.google.android.packageinstaller/com.android.packageinstaller.DeleteStagedFileOnResult#219631 cornerRadius=0.000000
05-02 19:05:53.672 12016 12133 D SurfaceComposerClient: setCornerRadius ## 151eaa4 com.pocketnode.app/com.pocketnode.app.MainActivity#219578 cornerRadius=0.000000
05-02 19:05:53.672 12016 12016 D AODManagerService: requestReCalToTSP IsSingleTouchMode = falserequestedReCalToTSP = false / previousDisplayState = ON
05-02 19:05:53.674 12016 17875 D LiftUpHandler: [LTW] Stopped already.
05-02 19:05:53.674 12016 12390 D SGM:FgCheckThread: onLooperPrepared(), msg: MSG_LCD_ON
05-02 19:05:53.675 17811 17811 I MotoDesktopLog: [ R4DisplayService ] - getFoldType, mFoldType0
05-02 19:05:53.675 13307  9614 I HoneySpace.Memory-Monitor: current state = 2, didTrim = false
05-02 19:05:53.676 13307 10840 I HoneySpace.RefreshRateSource: singleFrameMs 16
05-02 19:05:53.676 17811 17811 I MotoDesktopLog: [ FS_ScreenSizeManager ] - [Display] Changed display: 0
05-02 19:05:53.676 17811 17811 I MotoDesktopLog: [ FS_ScreenSizeManager ] - [Display] Current activity display id: null
05-02 19:05:53.676 17811 17811 I MotoDesktopLog: [ FS_ScreenSizeManager ] - [Logic] Retrieved display info: LogicDisplayInfo(width=1856, height=2160, orientation=1, rotation=0, displayId=0)
05-02 19:05:53.676 17811 17811 I MotoDesktopLog: [ FS_ScreenSizeManager ] - [Display] New logical size: 1856x2160
05-02 19:05:53.676 17811 17811 I MotoDesktopLog: [ FS_ScreenSizeManager ] - [Display] Screen width unchanged: 1856
05-02 19:05:53.676 16335 16335 I CAMERA_CONTROLLER: [2]a.n():2 - display changed
05-02 19:05:53.677 12716 12716 D DisplayLifecycle: updateDisplay id = 0
05-02 19:05:53.677 16335 16335 I CAMERA_CONTROLLER: [2]a.n():2
05-02 19:05:53.677 16335 16335 I CAMERA_CONTROLLER: [2]ProviderServiceImpl.checkDisplayModePortrait():39 - presentationDisplaynull
05-02 19:05:53.677 16335 16335 W CAMERA_CONTROLLER: [2]a.A():2 - presentationDisplay is null, return
05-02 19:05:53.677 16335 16335 W CAMERA_CONTROLLER: [2]ProviderServiceImpl$registerDisplayListener$displayListener$1.onDisplayChanged():17 - display is not portrait mode 
05-02 19:05:53.677 12716 12894 D StackScroller: onDisplayChanged for predraw skip to 2
05-02 19:05:53.677 12016 14774 D WifiDisplayAdapter: isFitToActiveDisplayLocked : false
05-02 19:05:53.691   403   403 I View    : setRequestedFrameRate frameRate=NaN, this=iej{d1fcc01 VFED..... ........ 315,0-1540,1530 aid=1073741825}, caller=android.view.ViewGroup.setRequestedFrameRate:9952 nz$$ExternalSyntheticApiModelOutline0.m:50 igk.a:1 iej.dispatchDraw:106 android.view.View.draw:26345 
05-02 19:05:53.691   403   403 I View    : setRequestedFrameRate frameRate=NaN, this=android.view.View{b65f7f0 V.ED..... ........ 0,0-0,0}, caller=nz$$ExternalSyntheticApiModelOutline0.m:50 igk.a:1 iej.dispatchDraw:115 android.view.View.draw:26345 android.view.View.updateDisplayListIfDirty:25175 
05-02 19:05:53.709   403   403 I View    : setRequestedFrameRate frameRate=NaN, this=iej{d1fcc01 VFED..... ........ 315,0-1540,1530 aid=1073741825}, caller=android.view.ViewGroup.setRequestedFrameRate:9952 nz$$ExternalSyntheticApiModelOutline0.m:50 igk.a:1 iej.dispatchDraw:106 android.view.View.draw:26345 
05-02 19:05:53.709   403   403 I View    : setRequestedFrameRate frameRate=NaN, this=android.view.View{b65f7f0 V.ED..... ........ 0,0-0,0}, caller=nz$$ExternalSyntheticApiModelOutline0.m:50 igk.a:1 iej.dispatchDraw:115 android.view.View.draw:26345 android.view.View.updateDisplayListIfDirty:25175 
05-02 19:05:53.726   403   403 I View    : setRequestedFrameRate frameRate=NaN, this=iej{d1fcc01 VFED..... ........ 315,0-1540,1530 aid=1073741825}, caller=android.view.ViewGroup.setRequestedFrameRate:9952 nz$$ExternalSyntheticApiModelOutline0.m:50 igk.a:1 iej.dispatchDraw:106 android.view.View.draw:26345 
05-02 19:05:53.726   403   403 I View    : setRequestedFrameRate frameRate=NaN, this=android.view.View{b65f7f0 V.ED..... ........ 0,0-0,0}, caller=nz$$ExternalSyntheticApiModelOutline0.m:50 igk.a:1 iej.dispatchDraw:115 android.view.View.draw:26345 android.view.View.updateDisplayListIfDirty:25175 
05-02 19:05:53.742   403   403 I View    : setRequestedFrameRate frameRate=NaN, this=iej{d1fcc01 VFED..... ........ 315,0-1540,1530 aid=1073741825}, caller=android.view.ViewGroup.setRequestedFrameRate:9952 nz$$ExternalSyntheticApiModelOutline0.m:50 igk.a:1 iej.dispatchDraw:106 android.view.View.draw:26345 
05-02 19:05:53.742   403   403 I View    : setRequestedFrameRate frameRate=NaN, this=android.view.View{b65f7f0 V.ED..... ........ 0,0-0,0}, caller=nz$$ExternalSyntheticApiModelOutline0.m:50 igk.a:1 iej.dispatchDraw:115 android.view.View.draw:26345 android.view.View.updateDisplayListIfDirty:25175 
05-02 19:05:53.749  3151 12614 I NearbySharing: Network state changed: NetworkState(isRestricted=false, isOnline=true, isCongested=false, isMetered=false, isWifiConnected=true)
05-02 19:05:53.758   403   403 I View    : setRequestedFrameRate frameRate=NaN, this=iej{d1fcc01 VFED..... ........ 315,0-1540,1530 aid=1073741825}, caller=android.view.ViewGroup.setRequestedFrameRate:9952 nz$$ExternalSyntheticApiModelOutline0.m:50 igk.a:1 iej.dispatchDraw:106 android.view.View.draw:26345 
05-02 19:05:53.758   403   403 I View    : setRequestedFrameRate frameRate=NaN, this=android.view.View{b65f7f0 V.ED..... ........ 0,0-0,0}, caller=nz$$ExternalSyntheticApiModelOutline0.m:50 igk.a:1 iej.dispatchDraw:115 android.view.View.draw:26345 android.view.View.updateDisplayListIfDirty:25175 
05-02 19:05:53.775   403   403 I View    : setRequestedFrameRate frameRate=NaN, this=iej{d1fcc01 VFED..... ........ 315,0-1540,1530 aid=1073741825}, caller=android.view.ViewGroup.setRequestedFrameRate:9952 nz$$ExternalSyntheticApiModelOutline0.m:50 igk.a:1 iej.dispatchDraw:106 android.view.View.draw:26345 
05-02 19:05:53.776   403   403 I View    : setRequestedFrameRate frameRate=NaN, this=android.view.View{b65f7f0 V.ED..... ........ 0,0-0,0}, caller=nz$$ExternalSyntheticApiModelOutline0.m:50 igk.a:1 iej.dispatchDraw:115 android.view.View.draw:26345 android.view.View.updateDisplayListIfDirty:25175 
05-02 19:05:53.787   403   403 I View    : setRequestedFrameRate frameRate=NaN, this=iej{d1fcc01 VFED..... ........ 315,0-1540,1530 aid=1073741825}, caller=android.view.ViewGroup.setRequestedFrameRate:9952 nz$$ExternalSyntheticApiModelOutline0.m:50 igk.a:1 iej.dispatchDraw:106 android.view.View.draw:26345 
05-02 19:05:53.787   403   403 I View    : setRequestedFrameRate frameRate=NaN, this=android.view.View{b65f7f0 V.ED..... ........ 0,0-0,0}, caller=nz$$ExternalSyntheticApiModelOutline0.m:50 igk.a:1 iej.dispatchDraw:115 android.view.View.draw:26345 android.view.View.updateDisplayListIfDirty:25175 
05-02 19:05:53.803   403   403 I View    : setRequestedFrameRate frameRate=NaN, this=iej{d1fcc01 VFED..... ........ 315,0-1540,1530 aid=1073741825}, caller=android.view.ViewGroup.setRequestedFrameRate:9952 nz$$ExternalSyntheticApiModelOutline0.m:50 igk.a:1 iej.dispatchDraw:106 android.view.View.draw:26345 
05-02 19:05:53.804   403   403 I View    : setRequestedFrameRate frameRate=NaN, this=android.view.View{b65f7f0 V.ED..... ........ 0,0-0,0}, caller=nz$$ExternalSyntheticApiModelOutline0.m:50 igk.a:1 iej.dispatchDraw:115 android.view.View.draw:26345 android.view.View.updateDisplayListIfDirty:25175 
05-02 19:05:53.809 12016 12343 D ActivityManager: FCA:Reclamation for pid: 23408
05-02 19:05:53.820   403   403 I View    : setRequestedFrameRate frameRate=NaN, this=iej{d1fcc01 VFED..... ........ 315,0-1540,1530 aid=1073741825}, caller=android.view.ViewGroup.setRequestedFrameRate:9952 nz$$ExternalSyntheticApiModelOutline0.m:50 igk.a:1 iej.dispatchDraw:106 android.view.View.draw:26345 
05-02 19:05:53.821   403   403 I View    : setRequestedFrameRate frameRate=NaN, this=android.view.View{b65f7f0 V.ED..... ........ 0,0-0,0}, caller=nz$$ExternalSyntheticApiModelOutline0.m:50 igk.a:1 iej.dispatchDraw:115 android.view.View.draw:26345 android.view.View.updateDisplayListIfDirty:25175 
05-02 19:05:53.837   403   403 I View    : setRequestedFrameRate frameRate=NaN, this=iej{d1fcc01 VFED..... ........ 315,0-1540,1530 aid=1073741825}, caller=android.view.ViewGroup.setRequestedFrameRate:9952 nz$$ExternalSyntheticApiModelOutline0.m:50 igk.a:1 iej.dispatchDraw:106 android.view.View.draw:26345 
05-02 19:05:53.837   403   403 I View    : setRequestedFrameRate frameRate=NaN, this=android.view.View{b65f7f0 V.ED..... ........ 0,0-0,0}, caller=nz$$ExternalSyntheticApiModelOutline0.m:50 igk.a:1 iej.dispatchDraw:115 android.view.View.draw:26345 android.view.View.updateDisplayListIfDirty:25175 
05-02 19:05:53.853   403   403 I View    : setRequestedFrameRate frameRate=NaN, this=iej{d1fcc01 VFED..... ........ 315,0-1540,1530 aid=1073741825}, caller=android.view.ViewGroup.setRequestedFrameRate:9952 nz$$ExternalSyntheticApiModelOutline0.m:50 igk.a:1 iej.dispatchDraw:106 android.view.View.draw:26345 
05-02 19:05:53.853   403   403 I View    : setRequestedFrameRate frameRate=NaN, this=android.view.View{b65f7f0 V.ED..... ........ 0,0-0,0}, caller=nz$$ExternalSyntheticApiModelOutline0.m:50 igk.a:1 iej.dispatchDraw:115 android.view.View.draw:26345 android.view.View.updateDisplayListIfDirty:25175 
05-02 19:05:53.871   403   403 I View    : setRequestedFrameRate frameRate=NaN, this=iej{d1fcc01 VFED..... ........ 315,0-1540,1530 aid=1073741825}, caller=android.view.ViewGroup.setRequestedFrameRate:9952 nz$$ExternalSyntheticApiModelOutline0.m:50 igk.a:1 iej.dispatchDraw:106 android.view.View.draw:26345 
05-02 19:05:53.871   403   403 I View    : setRequestedFrameRate frameRate=NaN, this=android.view.View{b65f7f0 V.ED..... ........ 0,0-0,0}, caller=nz$$ExternalSyntheticApiModelOutline0.m:50 igk.a:1 iej.dispatchDraw:115 android.view.View.draw:26345 android.view.View.updateDisplayListIfDirty:25175 
05-02 19:05:53.886   403   403 I View    : setRequestedFrameRate frameRate=NaN, this=iej{d1fcc01 VFED..... ........ 315,0-1540,1530 aid=1073741825}, caller=android.view.ViewGroup.setRequestedFrameRate:9952 nz$$ExternalSyntheticApiModelOutline0.m:50 igk.a:1 iej.dispatchDraw:106 android.view.View.draw:26345 
05-02 19:05:53.886   403   403 I View    : setRequestedFrameRate frameRate=NaN, this=android.view.View{b65f7f0 V.ED..... ........ 0,0-0,0}, caller=nz$$ExternalSyntheticApiModelOutline0.m:50 igk.a:1 iej.dispatchDraw:115 android.view.View.draw:26345 android.view.View.updateDisplayListIfDirty:25175 
05-02 19:05:53.903   403   403 I View    : setRequestedFrameRate frameRate=NaN, this=iej{d1fcc01 VFED..... ........ 315,0-1540,1530 aid=1073741825}, caller=android.view.ViewGroup.setRequestedFrameRate:9952 nz$$ExternalSyntheticApiModelOutline0.m:50 igk.a:1 iej.dispatchDraw:106 android.view.View.draw:26345 
05-02 19:05:53.904   403   403 I View    : setRequestedFrameRate frameRate=NaN, this=android.view.View{b65f7f0 V.ED..... ........ 0,0-0,0}, caller=nz$$ExternalSyntheticApiModelOutline0.m:50 igk.a:1 iej.dispatchDraw:115 android.view.View.draw:26345 android.view.View.updateDisplayListIfDirty:25175 
05-02 19:05:53.920   403   403 I View    : setRequestedFrameRate frameRate=NaN, this=iej{d1fcc01 VFED..... ........ 315,0-1540,1530 aid=1073741825}, caller=android.view.ViewGroup.setRequestedFrameRate:9952 nz$$ExternalSyntheticApiModelOutline0.m:50 igk.a:1 iej.dispatchDraw:106 android.view.View.draw:26345 
05-02 19:05:53.921   403   403 I View    : setRequestedFrameRate frameRate=NaN, this=android.view.View{b65f7f0 V.ED..... ........ 0,0-0,0}, caller=nz$$ExternalSyntheticApiModelOutline0.m:50 igk.a:1 iej.dispatchDraw:115 android.view.View.draw:26345 android.view.View.updateDisplayListIfDirty:25175 
05-02 19:05:53.937   403   403 I View    : setRequestedFrameRate frameRate=NaN, this=iej{d1fcc01 VFED..... ........ 315,0-1540,1530 aid=1073741825}, caller=android.view.ViewGroup.setRequestedFrameRate:9952 nz$$ExternalSyntheticApiModelOutline0.m:50 igk.a:1 iej.dispatchDraw:106 android.view.View.draw:26345 
05-02 19:05:53.937   403   403 I View    : setRequestedFrameRate frameRate=NaN, this=android.view.View{b65f7f0 V.ED..... ........ 0,0-0,0}, caller=nz$$ExternalSyntheticApiModelOutline0.m:50 igk.a:1 iej.dispatchDraw:115 android.view.View.draw:26345 android.view.View.updateDisplayListIfDirty:25175 
05-02 19:05:53.953   403   403 I View    : setRequestedFrameRate frameRate=NaN, this=iej{d1fcc01 VFED..... ........ 315,0-1540,1530 aid=1073741825}, caller=android.view.ViewGroup.setRequestedFrameRate:9952 nz$$ExternalSyntheticApiModelOutline0.m:50 igk.a:1 iej.dispatchDraw:106 android.view.View.draw:26345 
05-02 19:05:53.953   403   403 I View    : setRequestedFrameRate frameRate=NaN, this=android.view.View{b65f7f0 V.ED..... ........ 0,0-0,0}, caller=nz$$ExternalSyntheticApiModelOutline0.m:50 igk.a:1 iej.dispatchDraw:115 android.view.View.draw:26345 android.view.View.updateDisplayListIfDirty:25175 
05-02 19:05:53.970   403   403 I View    : setRequestedFrameRate frameRate=NaN, this=iej{d1fcc01 VFED..... ........ 315,0-1540,1530 aid=1073741825}, caller=android.view.ViewGroup.setRequestedFrameRate:9952 nz$$ExternalSyntheticApiModelOutline0.m:50 igk.a:1 iej.dispatchDraw:106 android.view.View.draw:26345 
05-02 19:05:53.970   403   403 I View    : setRequestedFrameRate frameRate=NaN, this=android.view.View{b65f7f0 V.ED..... ........ 0,0-0,0}, caller=nz$$ExternalSyntheticApiModelOutline0.m:50 igk.a:1 iej.dispatchDraw:115 android.view.View.draw:26345 android.view.View.updateDisplayListIfDirty:25175 
05-02 19:05:53.987   403   403 I View    : setRequestedFrameRate frameRate=NaN, this=iej{d1fcc01 VFED..... ........ 315,0-1540,1530 aid=1073741825}, caller=android.view.ViewGroup.setRequestedFrameRate:9952 nz$$ExternalSyntheticApiModelOutline0.m:50 igk.a:1 iej.dispatchDraw:106 android.view.View.draw:26345 
05-02 19:05:53.987   403   403 I View    : setRequestedFrameRate frameRate=NaN, this=android.view.View{b65f7f0 V.ED..... ........ 0,0-0,0}, caller=nz$$ExternalSyntheticApiModelOutline0.m:50 igk.a:1 iej.dispatchDraw:115 android.view.View.draw:26345 android.view.View.updateDisplayListIfDirty:25175 
05-02 19:05:54.003   403   403 I View    : setRequestedFrameRate frameRate=NaN, this=iej{d1fcc01 VFED..... ........ 315,0-1540,1530 aid=1073741825}, caller=android.view.ViewGroup.setRequestedFrameRate:9952 nz$$ExternalSyntheticApiModelOutline0.m:50 igk.a:1 iej.dispatchDraw:106 android.view.View.draw:26345 
05-02 19:05:54.003   403   403 I View    : setRequestedFrameRate frameRate=NaN, this=android.view.View{b65f7f0 V.ED..... ........ 0,0-0,0}, caller=nz$$ExternalSyntheticApiModelOutline0.m:50 igk.a:1 iej.dispatchDraw:115 android.view.View.draw:26345 android.view.View.updateDisplayListIfDirty:25175 
05-02 19:05:54.020   403   403 I View    : setRequestedFrameRate frameRate=NaN, this=iej{d1fcc01 VFED..... ........ 315,0-1540,1530 aid=1073741825}, caller=android.view.ViewGroup.setRequestedFrameRate:9952 nz$$ExternalSyntheticApiModelOutline0.m:50 igk.a:1 iej.dispatchDraw:106 android.view.View.draw:26345 
05-02 19:05:54.020   403   403 I View    : setRequestedFrameRate frameRate=NaN, this=android.view.View{b65f7f0 V.ED..... ........ 0,0-0,0}, caller=nz$$ExternalSyntheticApiModelOutline0.m:50 igk.a:1 iej.dispatchDraw:115 android.view.View.draw:26345 android.view.View.updateDisplayListIfDirty:25175 
05-02 19:05:54.038   403   403 I View    : setRequestedFrameRate frameRate=NaN, this=iej{d1fcc01 VFED..... ........ 315,0-1540,1530 aid=1073741825}, caller=android.view.ViewGroup.setRequestedFrameRate:9952 nz$$ExternalSyntheticApiModelOutline0.m:50 igk.a:1 iej.dispatchDraw:106 android.view.View.draw:26345 
05-02 19:05:54.038   403   403 I View    : setRequestedFrameRate frameRate=NaN, this=android.view.View{b65f7f0 V.ED..... ........ 0,0-0,0}, caller=nz$$ExternalSyntheticApiModelOutline0.m:50 igk.a:1 iej.dispatchDraw:115 android.view.View.draw:26345 android.view.View.updateDisplayListIfDirty:25175 
05-02 19:05:54.053   403   403 I View    : setRequestedFrameRate frameRate=NaN, this=iej{d1fcc01 VFED..... ........ 315,0-1540,1530 aid=1073741825}, caller=android.view.ViewGroup.setRequestedFrameRate:9952 nz$$ExternalSyntheticApiModelOutline0.m:50 igk.a:1 iej.dispatchDraw:106 android.view.View.draw:26345 
05-02 19:05:54.054   403   403 I View    : setRequestedFrameRate frameRate=NaN, this=android.view.View{b65f7f0 V.ED..... ........ 0,0-0,0}, caller=nz$$ExternalSyntheticApiModelOutline0.m:50 igk.a:1 iej.dispatchDraw:115 android.view.View.draw:26345 android.view.View.updateDisplayListIfDirty:25175 
05-02 19:05:54.070   403   403 I View    : setRequestedFrameRate frameRate=NaN, this=iej{d1fcc01 VFED..... ........ 315,0-1540,1530 aid=1073741825}, caller=android.view.ViewGroup.setRequestedFrameRate:9952 nz$$ExternalSyntheticApiModelOutline0.m:50 igk.a:1 iej.dispatchDraw:106 android.view.View.draw:26345 
05-02 19:05:54.070   403   403 I View    : setRequestedFrameRate frameRate=NaN, this=android.view.View{b65f7f0 V.ED..... ........ 0,0-0,0}, caller=nz$$ExternalSyntheticApiModelOutline0.m:50 igk.a:1 iej.dispatchDraw:115 android.view.View.draw:26345 android.view.View.updateDisplayListIfDirty:25175 
05-02 19:05:54.086   403   403 I View    : setRequestedFrameRate frameRate=NaN, this=iej{d1fcc01 VFED..... ........ 315,0-1540,1530 aid=1073741825}, caller=android.view.ViewGroup.setRequestedFrameRate:9952 nz$$ExternalSyntheticApiModelOutline0.m:50 igk.a:1 iej.dispatchDraw:106 android.view.View.draw:26345 
05-02 19:05:54.087   403   403 I View    : setRequestedFrameRate frameRate=NaN, this=android.view.View{b65f7f0 V.ED..... ........ 0,0-0,0}, caller=nz$$ExternalSyntheticApiModelOutline0.m:50 igk.a:1 iej.dispatchDraw:115 android.view.View.draw:26345 android.view.View.updateDisplayListIfDirty:25175 
05-02 19:05:54.103   403   403 I View    : setRequestedFrameRate frameRate=NaN, this=iej{d1fcc01 VFED..... ........ 315,0-1540,1530 aid=1073741825}, caller=android.view.ViewGroup.setRequestedFrameRate:9952 nz$$ExternalSyntheticApiModelOutline0.m:50 igk.a:1 iej.dispatchDraw:106 android.view.View.draw:26345 
05-02 19:05:54.104   403   403 I View    : setRequestedFrameRate frameRate=NaN, this=android.view.View{b65f7f0 V.ED..... ........ 0,0-0,0}, caller=nz$$ExternalSyntheticApiModelOutline0.m:50 igk.a:1 iej.dispatchDraw:115 android.view.View.draw:26345 android.view.View.updateDisplayListIfDirty:25175 
05-02 19:05:54.120   403   403 I View    : setRequestedFrameRate frameRate=NaN, this=iej{d1fcc01 VFED..... ........ 315,0-1540,1530 aid=1073741825}, caller=android.view.ViewGroup.setRequestedFrameRate:9952 nz$$ExternalSyntheticApiModelOutline0.m:50 igk.a:1 iej.dispatchDraw:106 android.view.View.draw:26345 
05-02 19:05:54.120   403   403 I View    : setRequestedFrameRate frameRate=NaN, this=android.view.View{b65f7f0 V.ED..... ........ 0,0-0,0}, caller=nz$$ExternalSyntheticApiModelOutline0.m:50 igk.a:1 iej.dispatchDraw:115 android.view.View.draw:26345 android.view.View.updateDisplayListIfDirty:25175 
05-02 19:05:54.136   403   403 I View    : setRequestedFrameRate frameRate=NaN, this=iej{d1fcc01 VFED..... ........ 315,0-1540,1530 aid=1073741825}, caller=android.view.ViewGroup.setRequestedFrameRate:9952 nz$$ExternalSyntheticApiModelOutline0.m:50 igk.a:1 iej.dispatchDraw:106 android.view.View.draw:26345 
05-02 19:05:54.137   403   403 I View    : setRequestedFrameRate frameRate=NaN, this=android.view.View{b65f7f0 V.ED..... ........ 0,0-0,0}, caller=nz$$ExternalSyntheticApiModelOutline0.m:50 igk.a:1 iej.dispatchDraw:115 android.view.View.draw:26345 android.view.View.updateDisplayListIfDirty:25175 
05-02 19:05:54.154   403   403 I View    : setRequestedFrameRate frameRate=NaN, this=iej{d1fcc01 VFED..... ........ 315,0-1540,1530 aid=1073741825}, caller=android.view.ViewGroup.setRequestedFrameRate:9952 nz$$ExternalSyntheticApiModelOutline0.m:50 igk.a:1 iej.dispatchDraw:106 android.view.View.draw:26345 
05-02 19:05:54.155   403   403 I View    : setRequestedFrameRate frameRate=NaN, this=android.view.View{b65f7f0 V.ED..... ........ 0,0-0,0}, caller=nz$$ExternalSyntheticApiModelOutline0.m:50 igk.a:1 iej.dispatchDraw:115 android.view.View.draw:26345 android.view.View.updateDisplayListIfDirty:25175 
05-02 19:05:54.170   403   403 I View    : setRequestedFrameRate frameRate=NaN, this=iej{d1fcc01 VFED..... ........ 315,0-1540,1530 aid=1073741825}, caller=android.view.ViewGroup.setRequestedFrameRate:9952 nz$$ExternalSyntheticApiModelOutline0.m:50 igk.a:1 iej.dispatchDraw:106 android.view.View.draw:26345 
05-02 19:05:54.170   403   403 I View    : setRequestedFrameRate frameRate=NaN, this=android.view.View{b65f7f0 V.ED..... ........ 0,0-0,0}, caller=nz$$ExternalSyntheticApiModelOutline0.m:50 igk.a:1 iej.dispatchDraw:115 android.view.View.draw:26345 android.view.View.updateDisplayListIfDirty:25175 
05-02 19:05:54.186   403   403 I View    : setRequestedFrameRate frameRate=NaN, this=iej{d1fcc01 VFED..... ........ 315,0-1540,1530 aid=1073741825}, caller=android.view.ViewGroup.setRequestedFrameRate:9952 nz$$ExternalSyntheticApiModelOutline0.m:50 igk.a:1 iej.dispatchDraw:106 android.view.View.draw:26345 
05-02 19:05:54.187   403   403 I View    : setRequestedFrameRate frameRate=NaN, this=android.view.View{b65f7f0 V.ED..... ........ 0,0-0,0}, caller=nz$$ExternalSyntheticApiModelOutline0.m:50 igk.a:1 iej.dispatchDraw:115 android.view.View.draw:26345 android.view.View.updateDisplayListIfDirty:25175 
05-02 19:05:54.203   403   403 I View    : setRequestedFrameRate frameRate=NaN, this=iej{d1fcc01 VFED..... ........ 315,0-1540,1530 aid=1073741825}, caller=android.view.ViewGroup.setRequestedFrameRate:9952 nz$$ExternalSyntheticApiModelOutline0.m:50 igk.a:1 iej.dispatchDraw:106 android.view.View.draw:26345 
05-02 19:05:54.203   403   403 I View    : setRequestedFrameRate frameRate=NaN, this=android.view.View{b65f7f0 V.ED..... ........ 0,0-0,0}, caller=nz$$ExternalSyntheticApiModelOutline0.m:50 igk.a:1 iej.dispatchDraw:115 android.view.View.draw:26345 android.view.View.updateDisplayListIfDirty:25175 
05-02 19:05:54.213  2023   661 I sensors-hal: handle_sns_client_event:375, [0][28167330] accel_sample [ 0.751, -0.158,  9.846] 1076500635500636
05-02 19:05:54.220   403   403 I View    : setRequestedFrameRate frameRate=NaN, this=iej{d1fcc01 VFED..... ........ 315,0-1540,1530 aid=1073741825}, caller=android.view.ViewGroup.setRequestedFrameRate:9952 nz$$ExternalSyntheticApiModelOutline0.m:50 igk.a:1 iej.dispatchDraw:106 android.view.View.draw:26345 
05-02 19:05:54.221   403   403 I View    : setRequestedFrameRate frameRate=NaN, this=android.view.View{b65f7f0 V.ED..... ........ 0,0-0,0}, caller=nz$$ExternalSyntheticApiModelOutline0.m:50 igk.a:1 iej.dispatchDraw:115 android.view.View.draw:26345 android.view.View.updateDisplayListIfDirty:25175 
05-02 19:05:54.238   403   403 I View    : setRequestedFrameRate frameRate=NaN, this=iej{d1fcc01 VFED..... ........ 315,0-1540,1530 aid=1073741825}, caller=android.view.ViewGroup.setRequestedFrameRate:9952 nz$$ExternalSyntheticApiModelOutline0.m:50 igk.a:1 iej.dispatchDraw:106 android.view.View.draw:26345 
05-02 19:05:54.238   403   403 I View    : setRequestedFrameRate frameRate=NaN, this=android.view.View{b65f7f0 V.ED..... ........ 0,0-0,0}, caller=nz$$ExternalSyntheticApiModelOutline0.m:50 igk.a:1 iej.dispatchDraw:115 android.view.View.draw:26345 android.view.View.updateDisplayListIfDirty:25175 
05-02 19:05:54.253   403   403 I View    : setRequestedFrameRate frameRate=NaN, this=iej{d1fcc01 VFED..... ........ 315,0-1540,1530 aid=1073741825}, caller=android.view.ViewGroup.setRequestedFrameRate:9952 nz$$ExternalSyntheticApiModelOutline0.m:50 igk.a:1 iej.dispatchDraw:106 android.view.View.draw:26345 
05-02 19:05:54.254   403   403 I View    : setRequestedFrameRate frameRate=NaN, this=android.view.View{b65f7f0 V.ED..... ........ 0,0-0,0}, caller=nz$$ExternalSyntheticApiModelOutline0.m:50 igk.a:1 iej.dispatchDraw:115 android.view.View.draw:26345 android.view.View.updateDisplayListIfDirty:25175 
05-02 19:05:54.270   403   403 I View    : setRequestedFrameRate frameRate=NaN, this=iej{d1fcc01 VFED..... ........ 315,0-1540,1530 aid=1073741825}, caller=android.view.ViewGroup.setRequestedFrameRate:9952 nz$$ExternalSyntheticApiModelOutline0.m:50 igk.a:1 iej.dispatchDraw:106 android.view.View.draw:26345 
05-02 19:05:54.270   403   403 I View    : setRequestedFrameRate frameRate=NaN, this=android.view.View{b65f7f0 V.ED..... ........ 0,0-0,0}, caller=nz$$ExternalSyntheticApiModelOutline0.m:50 igk.a:1 iej.dispatchDraw:115 android.view.View.draw:26345 android.view.View.updateDisplayListIfDirty:25175 
05-02 19:05:54.286   403   403 I View    : setRequestedFrameRate frameRate=NaN, this=iej{d1fcc01 VFED..... ........ 315,0-1540,1530 aid=1073741825}, caller=android.view.ViewGroup.setRequestedFrameRate:9952 nz$$ExternalSyntheticApiModelOutline0.m:50 igk.a:1 iej.dispatchDraw:106 android.view.View.draw:26345 
05-02 19:05:54.287   403   403 I View    : setRequestedFrameRate frameRate=NaN, this=android.view.View{b65f7f0 V.ED..... ........ 0,0-0,0}, caller=nz$$ExternalSyntheticApiModelOutline0.m:50 igk.a:1 iej.dispatchDraw:115 android.view.View.draw:26345 android.view.View.updateDisplayListIfDirty:25175 
05-02 19:05:54.305   403   403 I View    : setRequestedFrameRate frameRate=NaN, this=iej{d1fcc01 VFED..... ........ 315,0-1540,1530 aid=1073741825}, caller=android.view.ViewGroup.setRequestedFrameRate:9952 nz$$ExternalSyntheticApiModelOutline0.m:50 igk.a:1 iej.dispatchDraw:106 android.view.View.draw:26345 
05-02 19:05:54.305   403   403 I View    : setRequestedFrameRate frameRate=NaN, this=android.view.View{b65f7f0 V.ED..... ........ 0,0-0,0}, caller=nz$$ExternalSyntheticApiModelOutline0.m:50 igk.a:1 iej.dispatchDraw:115 android.view.View.draw:26345 android.view.View.updateDisplayListIfDirty:25175 
05-02 19:05:54.320   403   403 I View    : setRequestedFrameRate frameRate=NaN, this=iej{d1fcc01 VFED..... ........ 315,0-1540,1530 aid=1073741825}, caller=android.view.ViewGroup.setRequestedFrameRate:9952 nz$$ExternalSyntheticApiModelOutline0.m:50 igk.a:1 iej.dispatchDraw:106 android.view.View.draw:26345 
05-02 19:05:54.320   403   403 I View    : setRequestedFrameRate frameRate=NaN, this=android.view.View{b65f7f0 V.ED..... ........ 0,0-0,0}, caller=nz$$ExternalSyntheticApiModelOutline0.m:50 igk.a:1 iej.dispatchDraw:115 android.view.View.draw:26345 android.view.View.updateDisplayListIfDirty:25175 
05-02 19:05:54.337   403   403 I View    : setRequestedFrameRate frameRate=NaN, this=iej{d1fcc01 VFED..... ........ 315,0-1540,1530 aid=1073741825}, caller=android.view.ViewGroup.setRequestedFrameRate:9952 nz$$ExternalSyntheticApiModelOutline0.m:50 igk.a:1 iej.dispatchDraw:106 android.view.View.draw:26345 
05-02 19:05:54.337   403   403 I View    : setRequestedFrameRate frameRate=NaN, this=android.view.View{b65f7f0 V.ED..... ........ 0,0-0,0}, caller=nz$$ExternalSyntheticApiModelOutline0.m:50 igk.a:1 iej.dispatchDraw:115 android.view.View.draw:26345 android.view.View.updateDisplayListIfDirty:25175 
05-02 19:05:54.353   403   403 I View    : setRequestedFrameRate frameRate=NaN, this=iej{d1fcc01 VFED..... ........ 315,0-1540,1530 aid=1073741825}, caller=android.view.ViewGroup.setRequestedFrameRate:9952 nz$$ExternalSyntheticApiModelOutline0.m:50 igk.a:1 iej.dispatchDraw:106 android.view.View.draw:26345 
05-02 19:05:54.354   403   403 I View    : setRequestedFrameRate frameRate=NaN, this=android.view.View{b65f7f0 V.ED..... ........ 0,0-0,0}, caller=nz$$ExternalSyntheticApiModelOutline0.m:50 igk.a:1 iej.dispatchDraw:115 android.view.View.draw:26345 android.view.View.updateDisplayListIfDirty:25175 
05-02 19:05:54.370   403   403 I View    : setRequestedFrameRate frameRate=NaN, this=iej{d1fcc01 VFED..... ........ 315,0-1540,1530 aid=1073741825}, caller=android.view.ViewGroup.setRequestedFrameRate:9952 nz$$ExternalSyntheticApiModelOutline0.m:50 igk.a:1 iej.dispatchDraw:106 android.view.View.draw:26345 
05-02 19:05:54.370   403   403 I View    : setRequestedFrameRate frameRate=NaN, this=android.view.View{b65f7f0 V.ED..... ........ 0,0-0,0}, caller=nz$$ExternalSyntheticApiModelOutline0.m:50 igk.a:1 iej.dispatchDraw:115 android.view.View.draw:26345 android.view.View.updateDisplayListIfDirty:25175 
05-02 19:05:54.387   403   403 I View    : setRequestedFrameRate frameRate=NaN, this=iej{d1fcc01 VFED..... ........ 315,0-1540,1530 aid=1073741825}, caller=android.view.ViewGroup.setRequestedFrameRate:9952 nz$$ExternalSyntheticApiModelOutline0.m:50 igk.a:1 iej.dispatchDraw:106 android.view.View.draw:26345 
05-02 19:05:54.387   403   403 I View    : setRequestedFrameRate frameRate=NaN, this=android.view.View{b65f7f0 V.ED..... ........ 0,0-0,0}, caller=nz$$ExternalSyntheticApiModelOutline0.m:50 igk.a:1 iej.dispatchDraw:115 android.view.View.draw:26345 android.view.View.updateDisplayListIfDirty:25175 
