05-02 19:06:00.620   403   403 I View    : setRequestedFrameRate frameRate=NaN, this=android.view.View{b65f7f0 V.ED..... ........ 0,0-0,0}, caller=nz$$ExternalSyntheticApiModelOutline0.m:50 igk.a:1 iej.dispatchDraw:115 android.view.View.draw:26345 android.view.View.updateDisplayListIfDirty:25175 
05-02 19:06:00.625 18580 18684 E d       : (Berry)(1.16)handleAudioPathTask() : can't get dual play mode - Attempt to invoke virtual method 'boolean android.bluetooth.BluetoothA2dp.semIsDualPlayMode()' on a null object reference
05-02 19:06:00.637   403   403 I View    : setRequestedFrameRate frameRate=NaN, this=iej{d1fcc01 VFED..... ........ 315,0-1540,1530 aid=1073741825}, caller=android.view.ViewGroup.setRequestedFrameRate:9952 nz$$ExternalSyntheticApiModelOutline0.m:50 igk.a:1 iej.dispatchDraw:106 android.view.View.draw:26345 
05-02 19:06:00.638   403   403 I View    : setRequestedFrameRate frameRate=NaN, this=android.view.View{b65f7f0 V.ED..... ........ 0,0-0,0}, caller=nz$$ExternalSyntheticApiModelOutline0.m:50 igk.a:1 iej.dispatchDraw:115 android.view.View.draw:26345 android.view.View.updateDisplayListIfDirty:25175 
05-02 19:06:00.653   403   403 I View    : setRequestedFrameRate frameRate=NaN, this=iej{d1fcc01 VFED..... ........ 315,0-1540,1530 aid=1073741825}, caller=android.view.ViewGroup.setRequestedFrameRate:9952 nz$$ExternalSyntheticApiModelOutline0.m:50 igk.a:1 iej.dispatchDraw:106 android.view.View.draw:26345 
05-02 19:06:00.654   403   403 I View    : setRequestedFrameRate frameRate=NaN, this=android.view.View{b65f7f0 V.ED..... ........ 0,0-0,0}, caller=nz$$ExternalSyntheticApiModelOutline0.m:50 igk.a:1 iej.dispatchDraw:115 android.view.View.draw:26345 android.view.View.updateDisplayListIfDirty:25175 
05-02 19:06:00.670   403   403 I View    : setRequestedFrameRate frameRate=NaN, this=iej{d1fcc01 VFED..... ........ 315,0-1540,1530 aid=1073741825}, caller=android.view.ViewGroup.setRequestedFrameRate:9952 nz$$ExternalSyntheticApiModelOutline0.m:50 igk.a:1 iej.dispatchDraw:106 android.view.View.draw:26345 
05-02 19:06:00.670   403   403 I View    : setRequestedFrameRate frameRate=NaN, this=android.view.View{b65f7f0 V.ED..... ........ 0,0-0,0}, caller=nz$$ExternalSyntheticApiModelOutline0.m:50 igk.a:1 iej.dispatchDraw:115 android.view.View.draw:26345 android.view.View.updateDisplayListIfDirty:25175 
05-02 19:06:00.687   403   403 I View    : setRequestedFrameRate frameRate=NaN, this=iej{d1fcc01 VFED..... ........ 315,0-1540,1530 aid=1073741825}, caller=android.view.ViewGroup.setRequestedFrameRate:9952 nz$$ExternalSyntheticApiModelOutline0.m:50 igk.a:1 iej.dispatchDraw:106 android.view.View.draw:26345 
05-02 19:06:00.688   403   403 I View    : setRequestedFrameRate frameRate=NaN, this=android.view.View{b65f7f0 V.ED..... ........ 0,0-0,0}, caller=nz$$ExternalSyntheticApiModelOutline0.m:50 igk.a:1 iej.dispatchDraw:115 android.view.View.draw:26345 android.view.View.updateDisplayListIfDirty:25175 
05-02 19:06:00.705   403   403 I View    : setRequestedFrameRate frameRate=NaN, this=iej{d1fcc01 VFED..... ........ 315,0-1540,1530 aid=1073741825}, caller=android.view.ViewGroup.setRequestedFrameRate:9952 nz$$ExternalSyntheticApiModelOutline0.m:50 igk.a:1 iej.dispatchDraw:106 android.view.View.draw:26345 
05-02 19:06:00.705   403   403 I View    : setRequestedFrameRate frameRate=NaN, this=android.view.View{b65f7f0 V.ED..... ........ 0,0-0,0}, caller=nz$$ExternalSyntheticApiModelOutline0.m:50 igk.a:1 iej.dispatchDraw:115 android.view.View.draw:26345 android.view.View.updateDisplayListIfDirty:25175 
05-02 19:06:00.719   403   403 I View    : setRequestedFrameRate frameRate=NaN, this=iej{d1fcc01 VFED..... ........ 315,0-1540,1530 aid=1073741825}, caller=android.view.ViewGroup.setRequestedFrameRate:9952 nz$$ExternalSyntheticApiModelOutline0.m:50 igk.a:1 iej.dispatchDraw:106 android.view.View.draw:26345 
05-02 19:06:00.720   403   403 I View    : setRequestedFrameRate frameRate=NaN, this=android.view.View{b65f7f0 V.ED..... ........ 0,0-0,0}, caller=nz$$ExternalSyntheticApiModelOutline0.m:50 igk.a:1 iej.dispatchDraw:115 android.view.View.draw:26345 android.view.View.updateDisplayListIfDirty:25175 
05-02 19:06:00.736   403   403 I View    : setRequestedFrameRate frameRate=NaN, this=iej{d1fcc01 VFED..... ........ 315,0-1540,1530 aid=1073741825}, caller=android.view.ViewGroup.setRequestedFrameRate:9952 nz$$ExternalSyntheticApiModelOutline0.m:50 igk.a:1 iej.dispatchDraw:106 android.view.View.draw:26345 
05-02 19:06:00.736   403   403 I View    : setRequestedFrameRate frameRate=NaN, this=android.view.View{b65f7f0 V.ED..... ........ 0,0-0,0}, caller=nz$$ExternalSyntheticApiModelOutline0.m:50 igk.a:1 iej.dispatchDraw:115 android.view.View.draw:26345 android.view.View.updateDisplayListIfDirty:25175 
05-02 19:06:00.754   403   403 I View    : setRequestedFrameRate frameRate=NaN, this=iej{d1fcc01 VFED..... ........ 315,0-1540,1530 aid=1073741825}, caller=android.view.ViewGroup.setRequestedFrameRate:9952 nz$$ExternalSyntheticApiModelOutline0.m:50 igk.a:1 iej.dispatchDraw:106 android.view.View.draw:26345 
05-02 19:06:00.754   403   403 I View    : setRequestedFrameRate frameRate=NaN, this=android.view.View{b65f7f0 V.ED..... ........ 0,0-0,0}, caller=nz$$ExternalSyntheticApiModelOutline0.m:50 igk.a:1 iej.dispatchDraw:115 android.view.View.draw:26345 android.view.View.updateDisplayListIfDirty:25175 
05-02 19:06:00.771   403   403 I View    : setRequestedFrameRate frameRate=NaN, this=iej{d1fcc01 VFED..... ........ 315,0-1540,1530 aid=1073741825}, caller=android.view.ViewGroup.setRequestedFrameRate:9952 nz$$ExternalSyntheticApiModelOutline0.m:50 igk.a:1 iej.dispatchDraw:106 android.view.View.draw:26345 
05-02 19:06:00.771   403   403 I View    : setRequestedFrameRate frameRate=NaN, this=android.view.View{b65f7f0 V.ED..... ........ 0,0-0,0}, caller=nz$$ExternalSyntheticApiModelOutline0.m:50 igk.a:1 iej.dispatchDraw:115 android.view.View.draw:26345 android.view.View.updateDisplayListIfDirty:25175 
05-02 19:06:00.786   403   403 I View    : setRequestedFrameRate frameRate=NaN, this=iej{d1fcc01 VFED..... ........ 315,0-1540,1530 aid=1073741825}, caller=android.view.ViewGroup.setRequestedFrameRate:9952 nz$$ExternalSyntheticApiModelOutline0.m:50 igk.a:1 iej.dispatchDraw:106 android.view.View.draw:26345 
05-02 19:06:00.787   403   403 I View    : setRequestedFrameRate frameRate=NaN, this=android.view.View{b65f7f0 V.ED..... ........ 0,0-0,0}, caller=nz$$ExternalSyntheticApiModelOutline0.m:50 igk.a:1 iej.dispatchDraw:115 android.view.View.draw:26345 android.view.View.updateDisplayListIfDirty:25175 
05-02 19:06:00.803   403   403 I View    : setRequestedFrameRate frameRate=NaN, this=iej{d1fcc01 VFED..... ........ 315,0-1540,1530 aid=1073741825}, caller=android.view.ViewGroup.setRequestedFrameRate:9952 nz$$ExternalSyntheticApiModelOutline0.m:50 igk.a:1 iej.dispatchDraw:106 android.view.View.draw:26345 
05-02 19:06:00.803   403   403 I View    : setRequestedFrameRate frameRate=NaN, this=android.view.View{b65f7f0 V.ED..... ........ 0,0-0,0}, caller=nz$$ExternalSyntheticApiModelOutline0.m:50 igk.a:1 iej.dispatchDraw:115 android.view.View.draw:26345 android.view.View.updateDisplayListIfDirty:25175 
05-02 19:06:00.820   403   403 I View    : setRequestedFrameRate frameRate=NaN, this=iej{d1fcc01 VFED..... ........ 315,0-1540,1530 aid=1073741825}, caller=android.view.ViewGroup.setRequestedFrameRate:9952 nz$$ExternalSyntheticApiModelOutline0.m:50 igk.a:1 iej.dispatchDraw:106 android.view.View.draw:26345 
05-02 19:06:00.821   403   403 I View    : setRequestedFrameRate frameRate=NaN, this=android.view.View{b65f7f0 V.ED..... ........ 0,0-0,0}, caller=nz$$ExternalSyntheticApiModelOutline0.m:50 igk.a:1 iej.dispatchDraw:115 android.view.View.draw:26345 android.view.View.updateDisplayListIfDirty:25175 
05-02 19:06:00.837   403   403 I View    : setRequestedFrameRate frameRate=NaN, this=iej{d1fcc01 VFED..... ........ 315,0-1540,1530 aid=1073741825}, caller=android.view.ViewGroup.setRequestedFrameRate:9952 nz$$ExternalSyntheticApiModelOutline0.m:50 igk.a:1 iej.dispatchDraw:106 android.view.View.draw:26345 
05-02 19:06:00.837   403   403 I View    : setRequestedFrameRate frameRate=NaN, this=android.view.View{b65f7f0 V.ED..... ........ 0,0-0,0}, caller=nz$$ExternalSyntheticApiModelOutline0.m:50 igk.a:1 iej.dispatchDraw:115 android.view.View.draw:26345 android.view.View.updateDisplayListIfDirty:25175 
05-02 19:06:00.853   403   403 I View    : setRequestedFrameRate frameRate=NaN, this=iej{d1fcc01 VFED..... ........ 315,0-1540,1530 aid=1073741825}, caller=android.view.ViewGroup.setRequestedFrameRate:9952 nz$$ExternalSyntheticApiModelOutline0.m:50 igk.a:1 iej.dispatchDraw:106 android.view.View.draw:26345 
05-02 19:06:00.853   403   403 I View    : setRequestedFrameRate frameRate=NaN, this=android.view.View{b65f7f0 V.ED..... ........ 0,0-0,0}, caller=nz$$ExternalSyntheticApiModelOutline0.m:50 igk.a:1 iej.dispatchDraw:115 android.view.View.draw:26345 android.view.View.updateDisplayListIfDirty:25175 
05-02 19:06:00.871   403   403 I View    : setRequestedFrameRate frameRate=NaN, this=iej{d1fcc01 VFED..... ........ 315,0-1540,1530 aid=1073741825}, caller=android.view.ViewGroup.setRequestedFrameRate:9952 nz$$ExternalSyntheticApiModelOutline0.m:50 igk.a:1 iej.dispatchDraw:106 android.view.View.draw:26345 
05-02 19:06:00.871   403   403 I View    : setRequestedFrameRate frameRate=NaN, this=android.view.View{b65f7f0 V.ED..... ........ 0,0-0,0}, caller=nz$$ExternalSyntheticApiModelOutline0.m:50 igk.a:1 iej.dispatchDraw:115 android.view.View.draw:26345 android.view.View.updateDisplayListIfDirty:25175 
05-02 19:06:00.886   403   403 I View    : setRequestedFrameRate frameRate=NaN, this=iej{d1fcc01 VFED..... ........ 315,0-1540,1530 aid=1073741825}, caller=android.view.ViewGroup.setRequestedFrameRate:9952 nz$$ExternalSyntheticApiModelOutline0.m:50 igk.a:1 iej.dispatchDraw:106 android.view.View.draw:26345 
05-02 19:06:00.886   403   403 I View    : setRequestedFrameRate frameRate=NaN, this=android.view.View{b65f7f0 V.ED..... ........ 0,0-0,0}, caller=nz$$ExternalSyntheticApiModelOutline0.m:50 igk.a:1 iej.dispatchDraw:115 android.view.View.draw:26345 android.view.View.updateDisplayListIfDirty:25175 
05-02 19:06:00.904   403   403 I View    : setRequestedFrameRate frameRate=NaN, this=iej{d1fcc01 VFED..... ........ 315,0-1540,1530 aid=1073741825}, caller=android.view.ViewGroup.setRequestedFrameRate:9952 nz$$ExternalSyntheticApiModelOutline0.m:50 igk.a:1 iej.dispatchDraw:106 android.view.View.draw:26345 
05-02 19:06:00.905   403   403 I View    : setRequestedFrameRate frameRate=NaN, this=android.view.View{b65f7f0 V.ED..... ........ 0,0-0,0}, caller=nz$$ExternalSyntheticApiModelOutline0.m:50 igk.a:1 iej.dispatchDraw:115 android.view.View.draw:26345 android.view.View.updateDisplayListIfDirty:25175 
05-02 19:06:00.920   403   403 I View    : setRequestedFrameRate frameRate=NaN, this=iej{d1fcc01 VFED..... ........ 315,0-1540,1530 aid=1073741825}, caller=android.view.ViewGroup.setRequestedFrameRate:9952 nz$$ExternalSyntheticApiModelOutline0.m:50 igk.a:1 iej.dispatchDraw:106 android.view.View.draw:26345 
05-02 19:06:00.920   403   403 I View    : setRequestedFrameRate frameRate=NaN, this=android.view.View{b65f7f0 V.ED..... ........ 0,0-0,0}, caller=nz$$ExternalSyntheticApiModelOutline0.m:50 igk.a:1 iej.dispatchDraw:115 android.view.View.draw:26345 android.view.View.updateDisplayListIfDirty:25175 
05-02 19:06:00.938   403   403 I View    : setRequestedFrameRate frameRate=NaN, this=iej{d1fcc01 VFED..... ........ 315,0-1540,1530 aid=1073741825}, caller=android.view.ViewGroup.setRequestedFrameRate:9952 nz$$ExternalSyntheticApiModelOutline0.m:50 igk.a:1 iej.dispatchDraw:106 android.view.View.draw:26345 
05-02 19:06:00.938   403   403 I View    : setRequestedFrameRate frameRate=NaN, this=android.view.View{b65f7f0 V.ED..... ........ 0,0-0,0}, caller=nz$$ExternalSyntheticApiModelOutline0.m:50 igk.a:1 iej.dispatchDraw:115 android.view.View.draw:26345 android.view.View.updateDisplayListIfDirty:25175 
05-02 19:06:00.953   403   403 I View    : setRequestedFrameRate frameRate=NaN, this=iej{d1fcc01 VFED..... ........ 315,0-1540,1530 aid=1073741825}, caller=android.view.ViewGroup.setRequestedFrameRate:9952 nz$$ExternalSyntheticApiModelOutline0.m:50 igk.a:1 iej.dispatchDraw:106 android.view.View.draw:26345 
05-02 19:06:00.953   403   403 I View    : setRequestedFrameRate frameRate=NaN, this=android.view.View{b65f7f0 V.ED..... ........ 0,0-0,0}, caller=nz$$ExternalSyntheticApiModelOutline0.m:50 igk.a:1 iej.dispatchDraw:115 android.view.View.draw:26345 android.view.View.updateDisplayListIfDirty:25175 
05-02 19:06:00.970   403   403 I View    : setRequestedFrameRate frameRate=NaN, this=iej{d1fcc01 VFED..... ........ 315,0-1540,1530 aid=1073741825}, caller=android.view.ViewGroup.setRequestedFrameRate:9952 nz$$ExternalSyntheticApiModelOutline0.m:50 igk.a:1 iej.dispatchDraw:106 android.view.View.draw:26345 
05-02 19:06:00.970   403   403 I View    : setRequestedFrameRate frameRate=NaN, this=android.view.View{b65f7f0 V.ED..... ........ 0,0-0,0}, caller=nz$$ExternalSyntheticApiModelOutline0.m:50 igk.a:1 iej.dispatchDraw:115 android.view.View.draw:26345 android.view.View.updateDisplayListIfDirty:25175 
05-02 19:06:00.986   403   403 I View    : setRequestedFrameRate frameRate=NaN, this=iej{d1fcc01 VFED..... ........ 315,0-1540,1530 aid=1073741825}, caller=android.view.ViewGroup.setRequestedFrameRate:9952 nz$$ExternalSyntheticApiModelOutline0.m:50 igk.a:1 iej.dispatchDraw:106 android.view.View.draw:26345 
05-02 19:06:00.986   403   403 I View    : setRequestedFrameRate frameRate=NaN, this=android.view.View{b65f7f0 V.ED..... ........ 0,0-0,0}, caller=nz$$ExternalSyntheticApiModelOutline0.m:50 igk.a:1 iej.dispatchDraw:115 android.view.View.draw:26345 android.view.View.updateDisplayListIfDirty:25175 
05-02 19:06:01.003   403   403 I View    : setRequestedFrameRate frameRate=NaN, this=iej{d1fcc01 VFED..... ........ 315,0-1540,1530 aid=1073741825}, caller=android.view.ViewGroup.setRequestedFrameRate:9952 nz$$ExternalSyntheticApiModelOutline0.m:50 igk.a:1 iej.dispatchDraw:106 android.view.View.draw:26345 
05-02 19:06:01.003   403   403 I View    : setRequestedFrameRate frameRate=NaN, this=android.view.View{b65f7f0 V.ED..... ........ 0,0-0,0}, caller=nz$$ExternalSyntheticApiModelOutline0.m:50 igk.a:1 iej.dispatchDraw:115 android.view.View.draw:26345 android.view.View.updateDisplayListIfDirty:25175 
05-02 19:06:01.020   403   403 I View    : setRequestedFrameRate frameRate=NaN, this=iej{d1fcc01 VFED..... ........ 315,0-1540,1530 aid=1073741825}, caller=android.view.ViewGroup.setRequestedFrameRate:9952 nz$$ExternalSyntheticApiModelOutline0.m:50 igk.a:1 iej.dispatchDraw:106 android.view.View.draw:26345 
05-02 19:06:01.021   403   403 I View    : setRequestedFrameRate frameRate=NaN, this=android.view.View{b65f7f0 V.ED..... ........ 0,0-0,0}, caller=nz$$ExternalSyntheticApiModelOutline0.m:50 igk.a:1 iej.dispatchDraw:115 android.view.View.draw:26345 android.view.View.updateDisplayListIfDirty:25175 
05-02 19:06:01.037   403   403 I View    : setRequestedFrameRate frameRate=NaN, this=iej{d1fcc01 VFED..... ........ 315,0-1540,1530 aid=1073741825}, caller=android.view.ViewGroup.setRequestedFrameRate:9952 nz$$ExternalSyntheticApiModelOutline0.m:50 igk.a:1 iej.dispatchDraw:106 android.view.View.draw:26345 
05-02 19:06:01.038   403   403 I View    : setRequestedFrameRate frameRate=NaN, this=android.view.View{b65f7f0 V.ED..... ........ 0,0-0,0}, caller=nz$$ExternalSyntheticApiModelOutline0.m:50 igk.a:1 iej.dispatchDraw:115 android.view.View.draw:26345 android.view.View.updateDisplayListIfDirty:25175 
05-02 19:06:01.053   403   403 I View    : setRequestedFrameRate frameRate=NaN, this=iej{d1fcc01 VFED..... ........ 315,0-1540,1530 aid=1073741825}, caller=android.view.ViewGroup.setRequestedFrameRate:9952 nz$$ExternalSyntheticApiModelOutline0.m:50 igk.a:1 iej.dispatchDraw:106 android.view.View.draw:26345 
05-02 19:06:01.054   403   403 I View    : setRequestedFrameRate frameRate=NaN, this=android.view.View{b65f7f0 V.ED..... ........ 0,0-0,0}, caller=nz$$ExternalSyntheticApiModelOutline0.m:50 igk.a:1 iej.dispatchDraw:115 android.view.View.draw:26345 android.view.View.updateDisplayListIfDirty:25175 
05-02 19:06:01.071   403   403 I View    : setRequestedFrameRate frameRate=NaN, this=iej{d1fcc01 VFED..... ........ 315,0-1540,1530 aid=1073741825}, caller=android.view.ViewGroup.setRequestedFrameRate:9952 nz$$ExternalSyntheticApiModelOutline0.m:50 igk.a:1 iej.dispatchDraw:106 android.view.View.draw:26345 
05-02 19:06:01.071   403   403 I View    : setRequestedFrameRate frameRate=NaN, this=android.view.View{b65f7f0 V.ED..... ........ 0,0-0,0}, caller=nz$$ExternalSyntheticApiModelOutline0.m:50 igk.a:1 iej.dispatchDraw:115 android.view.View.draw:26345 android.view.View.updateDisplayListIfDirty:25175 
05-02 19:06:01.088   403   403 I View    : setRequestedFrameRate frameRate=NaN, this=iej{d1fcc01 VFED..... ........ 315,0-1540,1530 aid=1073741825}, caller=android.view.ViewGroup.setRequestedFrameRate:9952 nz$$ExternalSyntheticApiModelOutline0.m:50 igk.a:1 iej.dispatchDraw:106 android.view.View.draw:26345 
05-02 19:06:01.088   403   403 I View    : setRequestedFrameRate frameRate=NaN, this=android.view.View{b65f7f0 V.ED..... ........ 0,0-0,0}, caller=nz$$ExternalSyntheticApiModelOutline0.m:50 igk.a:1 iej.dispatchDraw:115 android.view.View.draw:26345 android.view.View.updateDisplayListIfDirty:25175 
05-02 19:06:01.103   403   403 I View    : setRequestedFrameRate frameRate=NaN, this=iej{d1fcc01 VFED..... ........ 315,0-1540,1530 aid=1073741825}, caller=android.view.ViewGroup.setRequestedFrameRate:9952 nz$$ExternalSyntheticApiModelOutline0.m:50 igk.a:1 iej.dispatchDraw:106 android.view.View.draw:26345 
05-02 19:06:01.103   403   403 I View    : setRequestedFrameRate frameRate=NaN, this=android.view.View{b65f7f0 V.ED..... ........ 0,0-0,0}, caller=nz$$ExternalSyntheticApiModelOutline0.m:50 igk.a:1 iej.dispatchDraw:115 android.view.View.draw:26345 android.view.View.updateDisplayListIfDirty:25175 
05-02 19:06:01.120   403   403 I View    : setRequestedFrameRate frameRate=NaN, this=iej{d1fcc01 VFED..... ........ 315,0-1540,1530 aid=1073741825}, caller=android.view.ViewGroup.setRequestedFrameRate:9952 nz$$ExternalSyntheticApiModelOutline0.m:50 igk.a:1 iej.dispatchDraw:106 android.view.View.draw:26345 
05-02 19:06:01.120   403   403 I View    : setRequestedFrameRate frameRate=NaN, this=android.view.View{b65f7f0 V.ED..... ........ 0,0-0,0}, caller=nz$$ExternalSyntheticApiModelOutline0.m:50 igk.a:1 iej.dispatchDraw:115 android.view.View.draw:26345 android.view.View.updateDisplayListIfDirty:25175 
05-02 19:06:01.138   403   403 I View    : setRequestedFrameRate frameRate=NaN, this=iej{d1fcc01 VFED..... ........ 315,0-1540,1530 aid=1073741825}, caller=android.view.ViewGroup.setRequestedFrameRate:9952 nz$$ExternalSyntheticApiModelOutline0.m:50 igk.a:1 iej.dispatchDraw:106 android.view.View.draw:26345 
05-02 19:06:01.138   403   403 I View    : setRequestedFrameRate frameRate=NaN, this=android.view.View{b65f7f0 V.ED..... ........ 0,0-0,0}, caller=nz$$ExternalSyntheticApiModelOutline0.m:50 igk.a:1 iej.dispatchDraw:115 android.view.View.draw:26345 android.view.View.updateDisplayListIfDirty:25175 
05-02 19:06:01.154   403   403 I View    : setRequestedFrameRate frameRate=NaN, this=iej{d1fcc01 VFED..... ........ 315,0-1540,1530 aid=1073741825}, caller=android.view.ViewGroup.setRequestedFrameRate:9952 nz$$ExternalSyntheticApiModelOutline0.m:50 igk.a:1 iej.dispatchDraw:106 android.view.View.draw:26345 
05-02 19:06:01.155   403   403 I View    : setRequestedFrameRate frameRate=NaN, this=android.view.View{b65f7f0 V.ED..... ........ 0,0-0,0}, caller=nz$$ExternalSyntheticApiModelOutline0.m:50 igk.a:1 iej.dispatchDraw:115 android.view.View.draw:26345 android.view.View.updateDisplayListIfDirty:25175 
05-02 19:06:01.171   403   403 I View    : setRequestedFrameRate frameRate=NaN, this=iej{d1fcc01 VFED..... ........ 315,0-1540,1530 aid=1073741825}, caller=android.view.ViewGroup.setRequestedFrameRate:9952 nz$$ExternalSyntheticApiModelOutline0.m:50 igk.a:1 iej.dispatchDraw:106 android.view.View.draw:26345 
05-02 19:06:01.171   403   403 I View    : setRequestedFrameRate frameRate=NaN, this=android.view.View{b65f7f0 V.ED..... ........ 0,0-0,0}, caller=nz$$ExternalSyntheticApiModelOutline0.m:50 igk.a:1 iej.dispatchDraw:115 android.view.View.draw:26345 android.view.View.updateDisplayListIfDirty:25175 
05-02 19:06:01.186   403   403 I View    : setRequestedFrameRate frameRate=NaN, this=iej{d1fcc01 VFED..... ........ 315,0-1540,1530 aid=1073741825}, caller=android.view.ViewGroup.setRequestedFrameRate:9952 nz$$ExternalSyntheticApiModelOutline0.m:50 igk.a:1 iej.dispatchDraw:106 android.view.View.draw:26345 
05-02 19:06:01.186   403   403 I View    : setRequestedFrameRate frameRate=NaN, this=android.view.View{b65f7f0 V.ED..... ........ 0,0-0,0}, caller=nz$$ExternalSyntheticApiModelOutline0.m:50 igk.a:1 iej.dispatchDraw:115 android.view.View.draw:26345 android.view.View.updateDisplayListIfDirty:25175 
05-02 19:06:01.203   403   403 I View    : setRequestedFrameRate frameRate=NaN, this=iej{d1fcc01 VFED..... ........ 315,0-1540,1530 aid=1073741825}, caller=android.view.ViewGroup.setRequestedFrameRate:9952 nz$$ExternalSyntheticApiModelOutline0.m:50 igk.a:1 iej.dispatchDraw:106 android.view.View.draw:26345 
05-02 19:06:01.204   403   403 I View    : setRequestedFrameRate frameRate=NaN, this=android.view.View{b65f7f0 V.ED..... ........ 0,0-0,0}, caller=nz$$ExternalSyntheticApiModelOutline0.m:50 igk.a:1 iej.dispatchDraw:115 android.view.View.draw:26345 android.view.View.updateDisplayListIfDirty:25175 
05-02 19:06:01.213 12016 14794 E BatteryStatsService: Invalid uid for waking network packet: -1
05-02 19:06:01.220   403   403 I View    : setRequestedFrameRate frameRate=NaN, this=iej{d1fcc01 VFED..... ........ 315,0-1540,1530 aid=1073741825}, caller=android.view.ViewGroup.setRequestedFrameRate:9952 nz$$ExternalSyntheticApiModelOutline0.m:50 igk.a:1 iej.dispatchDraw:106 android.view.View.draw:26345 
05-02 19:06:01.220   403   403 I View    : setRequestedFrameRate frameRate=NaN, this=android.view.View{b65f7f0 V.ED..... ........ 0,0-0,0}, caller=nz$$ExternalSyntheticApiModelOutline0.m:50 igk.a:1 iej.dispatchDraw:115 android.view.View.draw:26345 android.view.View.updateDisplayListIfDirty:25175 
05-02 19:06:01.236   403   403 I View    : setRequestedFrameRate frameRate=NaN, this=iej{d1fcc01 VFED..... ........ 315,0-1540,1530 aid=1073741825}, caller=android.view.ViewGroup.setRequestedFrameRate:9952 nz$$ExternalSyntheticApiModelOutline0.m:50 igk.a:1 iej.dispatchDraw:106 android.view.View.draw:26345 
05-02 19:06:01.236   403   403 I View    : setRequestedFrameRate frameRate=NaN, this=android.view.View{b65f7f0 V.ED..... ........ 0,0-0,0}, caller=nz$$ExternalSyntheticApiModelOutline0.m:50 igk.a:1 iej.dispatchDraw:115 android.view.View.draw:26345 android.view.View.updateDisplayListIfDirty:25175 
05-02 19:06:01.253   403   403 I View    : setRequestedFrameRate frameRate=NaN, this=iej{d1fcc01 VFED..... ........ 315,0-1540,1530 aid=1073741825}, caller=android.view.ViewGroup.setRequestedFrameRate:9952 nz$$ExternalSyntheticApiModelOutline0.m:50 igk.a:1 iej.dispatchDraw:106 android.view.View.draw:26345 
05-02 19:06:01.253   403   403 I View    : setRequestedFrameRate frameRate=NaN, this=android.view.View{b65f7f0 V.ED..... ........ 0,0-0,0}, caller=nz$$ExternalSyntheticApiModelOutline0.m:50 igk.a:1 iej.dispatchDraw:115 android.view.View.draw:26345 android.view.View.updateDisplayListIfDirty:25175 
05-02 19:06:01.270   403   403 I View    : setRequestedFrameRate frameRate=NaN, this=iej{d1fcc01 VFED..... ........ 315,0-1540,1530 aid=1073741825}, caller=android.view.ViewGroup.setRequestedFrameRate:9952 nz$$ExternalSyntheticApiModelOutline0.m:50 igk.a:1 iej.dispatchDraw:106 android.view.View.draw:26345 
05-02 19:06:01.270   403   403 I View    : setRequestedFrameRate frameRate=NaN, this=android.view.View{b65f7f0 V.ED..... ........ 0,0-0,0}, caller=nz$$ExternalSyntheticApiModelOutline0.m:50 igk.a:1 iej.dispatchDraw:115 android.view.View.draw:26345 android.view.View.updateDisplayListIfDirty:25175 
05-02 19:06:01.286   403   403 I View    : setRequestedFrameRate frameRate=NaN, this=iej{d1fcc01 VFED..... ........ 315,0-1540,1530 aid=1073741825}, caller=android.view.ViewGroup.setRequestedFrameRate:9952 nz$$ExternalSyntheticApiModelOutline0.m:50 igk.a:1 iej.dispatchDraw:106 android.view.View.draw:26345 
05-02 19:06:01.286   403   403 I View    : setRequestedFrameRate frameRate=NaN, this=android.view.View{b65f7f0 V.ED..... ........ 0,0-0,0}, caller=nz$$ExternalSyntheticApiModelOutline0.m:50 igk.a:1 iej.dispatchDraw:115 android.view.View.draw:26345 android.view.View.updateDisplayListIfDirty:25175 
05-02 19:06:01.304   403   403 I View    : setRequestedFrameRate frameRate=NaN, this=iej{d1fcc01 VFED..... ........ 315,0-1540,1530 aid=1073741825}, caller=android.view.ViewGroup.setRequestedFrameRate:9952 nz$$ExternalSyntheticApiModelOutline0.m:50 igk.a:1 iej.dispatchDraw:106 android.view.View.draw:26345 
05-02 19:06:01.304   403   403 I View    : setRequestedFrameRate frameRate=NaN, this=android.view.View{b65f7f0 V.ED..... ........ 0,0-0,0}, caller=nz$$ExternalSyntheticApiModelOutline0.m:50 igk.a:1 iej.dispatchDraw:115 android.view.View.draw:26345 android.view.View.updateDisplayListIfDirty:25175 
05-02 19:06:01.320   403   403 I View    : setRequestedFrameRate frameRate=NaN, this=iej{d1fcc01 VFED..... ........ 315,0-1540,1530 aid=1073741825}, caller=android.view.ViewGroup.setRequestedFrameRate:9952 nz$$ExternalSyntheticApiModelOutline0.m:50 igk.a:1 iej.dispatchDraw:106 android.view.View.draw:26345 
05-02 19:06:01.320   403   403 I View    : setRequestedFrameRate frameRate=NaN, this=android.view.View{b65f7f0 V.ED..... ........ 0,0-0,0}, caller=nz$$ExternalSyntheticApiModelOutline0.m:50 igk.a:1 iej.dispatchDraw:115 android.view.View.draw:26345 android.view.View.updateDisplayListIfDirty:25175 
05-02 19:06:01.336   403   403 I View    : setRequestedFrameRate frameRate=NaN, this=iej{d1fcc01 VFED..... ........ 315,0-1540,1530 aid=1073741825}, caller=android.view.ViewGroup.setRequestedFrameRate:9952 nz$$ExternalSyntheticApiModelOutline0.m:50 igk.a:1 iej.dispatchDraw:106 android.view.View.draw:26345 
05-02 19:06:01.336   403   403 I View    : setRequestedFrameRate frameRate=NaN, this=android.view.View{b65f7f0 V.ED..... ........ 0,0-0,0}, caller=nz$$ExternalSyntheticApiModelOutline0.m:50 igk.a:1 iej.dispatchDraw:115 android.view.View.draw:26345 android.view.View.updateDisplayListIfDirty:25175 
05-02 19:06:01.353   403   403 I View    : setRequestedFrameRate frameRate=NaN, this=iej{d1fcc01 VFED..... ........ 315,0-1540,1530 aid=1073741825}, caller=android.view.ViewGroup.setRequestedFrameRate:9952 nz$$ExternalSyntheticApiModelOutline0.m:50 igk.a:1 iej.dispatchDraw:106 android.view.View.draw:26345 
05-02 19:06:01.353   403   403 I View    : setRequestedFrameRate frameRate=NaN, this=android.view.View{b65f7f0 V.ED..... ........ 0,0-0,0}, caller=nz$$ExternalSyntheticApiModelOutline0.m:50 igk.a:1 iej.dispatchDraw:115 android.view.View.draw:26345 android.view.View.updateDisplayListIfDirty:25175 
05-02 19:06:01.370   403   403 I View    : setRequestedFrameRate frameRate=NaN, this=iej{d1fcc01 VFED..... ........ 315,0-1540,1530 aid=1073741825}, caller=android.view.ViewGroup.setRequestedFrameRate:9952 nz$$ExternalSyntheticApiModelOutline0.m:50 igk.a:1 iej.dispatchDraw:106 android.view.View.draw:26345 
05-02 19:06:01.371   403   403 I View    : setRequestedFrameRate frameRate=NaN, this=android.view.View{b65f7f0 V.ED..... ........ 0,0-0,0}, caller=nz$$ExternalSyntheticApiModelOutline0.m:50 igk.a:1 iej.dispatchDraw:115 android.view.View.draw:26345 android.view.View.updateDisplayListIfDirty:25175 
05-02 19:06:01.386   403   403 I View    : setRequestedFrameRate frameRate=NaN, this=iej{d1fcc01 VFED..... ........ 315,0-1540,1530 aid=1073741825}, caller=android.view.ViewGroup.setRequestedFrameRate:9952 nz$$ExternalSyntheticApiModelOutline0.m:50 igk.a:1 iej.dispatchDraw:106 android.view.View.draw:26345 
05-02 19:06:01.387   403   403 I View    : setRequestedFrameRate frameRate=NaN, this=android.view.View{b65f7f0 V.ED..... ........ 0,0-0,0}, caller=nz$$ExternalSyntheticApiModelOutline0.m:50 igk.a:1 iej.dispatchDraw:115 android.view.View.draw:26345 android.view.View.updateDisplayListIfDirty:25175 
05-02 19:06:01.403   403   403 I View    : setRequestedFrameRate frameRate=NaN, this=iej{d1fcc01 VFED..... ........ 315,0-1540,1530 aid=1073741825}, caller=android.view.ViewGroup.setRequestedFrameRate:9952 nz$$ExternalSyntheticApiModelOutline0.m:50 igk.a:1 iej.dispatchDraw:106 android.view.View.draw:26345 
05-02 19:06:01.403   403   403 I View    : setRequestedFrameRate frameRate=NaN, this=android.view.View{b65f7f0 V.ED..... ........ 0,0-0,0}, caller=nz$$ExternalSyntheticApiModelOutline0.m:50 igk.a:1 iej.dispatchDraw:115 android.view.View.draw:26345 android.view.View.updateDisplayListIfDirty:25175 
05-02 19:06:01.409  2145  2204 E HeatmapThread: ECT Thread time in milliseconds: 1777763161
05-02 19:06:01.415  2145  2204 D HeatmapThread: !@ batteryplugType : 2
05-02 19:06:01.415  2145  2204 D HeatmapThread: !@ batteryLevel : 99  batteryTemperature : 301 
05-02 19:06:01.415  2145  2204 D HeatmapThread: !@ Heatmap currtime: 29629386
05-02 19:06:01.415  2145  2204 D HeatmapThread: !@ Heatmap prevtime: 29629374
05-02 19:06:01.415  2145  2204 D HeatmapThread: !@ Heatmap plugstarttime: 29629346
05-02 19:06:01.415  2145  2204 D HeatmapThread: !@ Heatmap prevv_dsoh_update_time: 29629358
05-02 19:06:01.415  2145  2204 E HeatmapThread: !@ CAM New BSOH: 98
05-02 19:06:01.415  2145  2204 E HeatmapThread: !@ CAM is Working
05-02 19:06:01.420   403   403 I View    : setRequestedFrameRate frameRate=NaN, this=iej{d1fcc01 VFED..... ........ 315,0-1540,1530 aid=1073741825}, caller=android.view.ViewGroup.setRequestedFrameRate:9952 nz$$ExternalSyntheticApiModelOutline0.m:50 igk.a:1 iej.dispatchDraw:106 android.view.View.draw:26345 
05-02 19:06:01.420   403   403 I View    : setRequestedFrameRate frameRate=NaN, this=android.view.View{b65f7f0 V.ED..... ........ 0,0-0,0}, caller=nz$$ExternalSyntheticApiModelOutline0.m:50 igk.a:1 iej.dispatchDraw:115 android.view.View.draw:26345 android.view.View.updateDisplayListIfDirty:25175 
05-02 19:06:01.431   403 15051 I Finsky  : [1065] VerifyApps: JIT scan response: {"verdict":"SAFE"}
05-02 19:06:01.432   403 15051 I Finsky  : [1065] VerifyApps: JIT scan completed successfully with response code: 200
05-02 19:06:01.433   403 15051 I Finsky  : [1065] VerifyApps: Error tracking SAB build time
05-02 19:06:01.433   403 15051 I Finsky  : [1065] VerifyApps: Error tracking SAB upload time
05-02 19:06:01.433   403 15051 I Finsky  : [1065] VerifyApps: JIT latency: Latency(buildAndUploadSabTime=PT0S, scanTime=PT10.819471819S)
05-02 19:06:01.435   403   403 I View    : setRequestedFrameRate frameRate=NaN, this=iej{d1fcc01 VFED..... ........ 315,0-1540,1530 aid=1073741825}, caller=android.view.ViewGroup.setRequestedFrameRate:9952 nz$$ExternalSyntheticApiModelOutline0.m:50 igk.a:1 iej.dispatchDraw:106 android.view.View.draw:26345 
05-02 19:06:01.436   403   403 I View    : setRequestedFrameRate frameRate=NaN, this=android.view.View{b65f7f0 V.ED..... ........ 0,0-0,0}, caller=nz$$ExternalSyntheticApiModelOutline0.m:50 igk.a:1 iej.dispatchDraw:115 android.view.View.draw:26345 android.view.View.updateDisplayListIfDirty:25175 
05-02 19:06:01.456   403   403 W Finsky  : [2] Container width not initialized.
05-02 19:06:01.457   403   403 W Finsky  : [2] Container width not initialized.
05-02 19:06:01.457   403   403 W Finsky  : [2] Container width not initialized.
05-02 19:06:01.457   403   403 W Finsky  : [2] Container width not initialized.
05-02 19:06:01.457   403   403 W Finsky  : [2] Container width not initialized.
05-02 19:06:01.457   403   403 W Finsky  : [2] Container width not initialized.
05-02 19:06:01.457   403   403 W Finsky  : [2] Container width not initialized.
05-02 19:06:01.460   403   403 W Finsky  : [2] Container width not initialized.
05-02 19:06:01.460   403   403 W Finsky  : [2] Container width not initialized.
05-02 19:06:01.463   403   403 W Finsky  : [2] Container width not initialized.
05-02 19:06:01.474   403   403 W Finsky  : [2] Container width not initialized.
05-02 19:06:01.482 12016 14774 I WindowManager: Relayout Window{72c1a1c u0 com.android.vending/com.google.android.finsky.protectdialogs.activity.PlayProtectDialogsActivity}: viewVisibility=0 req=1856x1511 ty=2 d0
05-02 19:06:01.483 12016 14774 D SurfaceComposerClient: setCornerRadius ## 9e6dfbb com.android.vending/com.google.android.finsky.protectdialogs.activity.PlayProtectDialogsActivity#219676 cornerRadius=0.000000
05-02 19:06:01.483 12016 14774 D SurfaceComposerClient: setCornerRadius ## 603d293 com.google.android.packageinstaller/com.android.packageinstaller.InstallInstalling#219665 cornerRadius=0.000000
05-02 19:06:01.483 12016 14774 D SurfaceComposerClient: setCornerRadius ## dda60c1 com.google.android.packageinstaller/com.android.packageinstaller.DeleteStagedFileOnResult#219631 cornerRadius=0.000000
05-02 19:06:01.483 12016 14774 D SurfaceComposerClient: setCornerRadius ## 151eaa4 com.pocketnode.app/com.pocketnode.app.MainActivity#219578 cornerRadius=0.000000
05-02 19:06:01.483 12016 14774 I WindowManager: Reparenting to leash, surface=Surface(name=72c1a1c com.android.vending/com.google.android.finsky.protectdialogs.activity.PlayProtectDialogsActivity)/@0x1da196f, leashParent=Surface(name=ActivityRecord{20102667 u0 com.android.vending/com.google.android.finsky.protectdialogs.activity.PlayProtectDialogsActivity t2774})/@0x876d67c
05-02 19:06:01.484  2153  2763 I SurfaceFlinger: id=219690 createSurf, flag=24000, Surface(name=72c1a1c com.android.vending/com.google.android.finsky.protectdialogs.activity.PlayProtectDialogsActivity)/@0x1da196f - animation-leash of window_animation#219690
05-02 19:06:01.485  2153  2153 I SurfaceFlinger: [Surface(name=72c1a1c com.android.vending/com.google.android.finsky.protectdialogs.activity.PlayProtectDialogsActivity)/@0x1da196f - animation-leash of window_animation#219690] attach to parent LayerHierarchy{RequestedLayerState{ActivityRecord{20102667 u0 com.android.vending/com.google.android.finsky.protectdialogs.activity.PlayProtectDialogsActivity t2774}#219672 parentId=219671} 5 children}
05-02 19:06:01.485 12016 14774 D WindowManager: makeSurface duration=1 leash=Surface(name=Surface(name=72c1a1c com.android.vending/com.google.android.finsky.protectdialogs.activity.PlayProtectDialogsActivity)/@0x1da196f - animation-leash of window_animation)/@0x5959273
05-02 19:06:01.485 12016 14774 D SurfaceComposerClient: setCornerRadius ## 9e6dfbb com.android.vending/com.google.android.finsky.protectdialogs.activity.PlayProtectDialogsActivity#219676 cornerRadius=0.000000
05-02 19:06:01.485 12016 14774 D SurfaceComposerClient: setCornerRadius ## 603d293 com.google.android.packageinstaller/com.android.packageinstaller.InstallInstalling#219665 cornerRadius=0.000000
05-02 19:06:01.485 12016 14774 D SurfaceComposerClient: setCornerRadius ## dda60c1 com.google.android.packageinstaller/com.android.packageinstaller.DeleteStagedFileOnResult#219631 cornerRadius=0.000000
05-02 19:06:01.485 12016 14774 D SurfaceComposerClient: setCornerRadius ## 151eaa4 com.pocketnode.app/com.pocketnode.app.MainActivity#219578 cornerRadius=0.000000
05-02 19:06:01.488 12016 14774 I WindowManager: Relayout hash=72c1a1c, pid=403, syncId=-1: mAttrs={(0,0)(fillxwrap) gr=CENTER sim={adjust=pan} ty=APPLICATION fmt=TRANSPARENT wanim=0x1030318 surfaceInsets=Rect(100, 100 - 100, 100)
05-02 19:06:01.488 12016 14774 I WindowManager:   fl=1800002
05-02 19:06:01.488 12016 14774 I WindowManager:   pfl=40080800
05-02 19:06:01.488 12016 14774 I WindowManager:   bhv=1
05-02 19:06:01.488 12016 14774 I WindowManager:   fitTypes=207
05-02 19:06:01.488 12016 14774 I WindowManager:   frameRateBoostOnTouch=true
05-02 19:06:01.488 12016 14774 I WindowManager:   dvrrWindowFrameRateHint=true
05-02 19:06:01.488 12016 14774 I WindowManager:  dimAmount=0.6 naviIconColor=0}
05-02 19:06:01.489   403   403 I BLASTBufferQueue_Java: update, w= 2056 h= 1711 mName = VRI[PlayProtectDialogsActivity]@40eab51 mNativeObject= 0xb400007088116b60 sc.mNativeObject= 0xb400006fe7d86ad0 format= -2 caller= android.view.ViewRootImpl.updateBlastSurfaceIfNeeded:3574 android.view.ViewRootImpl.relayoutWindow:11685 android.view.ViewRootImpl.performTraversals:4804 android.view.ViewRootImpl.doTraversal:3924 android.view.ViewRootImpl$TraversalRunnable.run:12903 android.view.Choreographer$CallbackRecord.run:1901 
05-02 19:06:01.489   403   403 I VRI[PlayProtectDialogsActivity]@40eab51: Relayout returned: old=(0,287,1856,1817) new=(0,297,1856,1808) relayoutAsync=false req=(1856,1511)0 dur=7 res=0x0 s={true 0xb400006f480583a0} ch=false seqId=0
05-02 19:06:01.489   403   403 D VRI[PlayProtectDialogsActivity]@40eab51: mThreadedRenderer.updateSurface() mSurface={isValid=true 0xb400006f480583a0}
05-02 19:06:01.491   403   403 I VRI[PlayProtectDialogsActivity]@40eab51: registerCallbackForPendingTransactions
05-02 19:06:01.492   403   403 I View    : setRequestedFrameRate frameRate=NaN, this=iej{d1fcc01 VFED..... ........ 315,0-1540,1511 aid=1073741825}, caller=android.view.ViewGroup.setRequestedFrameRate:9952 nz$$ExternalSyntheticApiModelOutline0.m:50 igk.a:1 iej.dispatchDraw:106 android.view.View.draw:26345 
05-02 19:06:01.493   403   403 I View    : setRequestedFrameRate frameRate=-4.0, this=android.view.View{b65f7f0 V.ED..... ........ 0,0-0,0}, caller=nz$$ExternalSyntheticApiModelOutline0.m:50 igk.a:1 iej.dispatchDraw:115 android.view.View.draw:26345 android.view.View.updateDisplayListIfDirty:25175 
05-02 19:06:01.493   403  3834 I VRI[PlayProtectDialogsActivity]@40eab51: mWNT: t=0xb400007137d83a10 mBlastBufferQueue=0xb400007088116b60 fn= 838 HdrRenderState mRenderHdrSdrRatio=1.0 caller= android.view.ViewRootImpl$10.onFrameDraw:6536 android.view.ViewRootImpl$4.onFrameDraw:2489 android.view.ThreadedRenderer$1.onFrameDraw:718 
05-02 19:06:01.494   403   403 I VRI[PlayProtectDialogsActivity]@40eab51: handleResized, frames=ClientWindowFrames{frame=[0,297][1856,1808] display=[0,94][1856,2011] parentFrame=[0,0][0,0]} displayId=0 dragResizing=false compatScale=1.0 frameChanged=false attachedFrameChanged=false configChanged=false displayChanged=false compatScaleChanged=false dragResizingChanged=false
05-02 19:06:01.495   403  3825 W qdgralloc: getInterlacedFlag: getMetaData returned 3, defaulting to interlaced_flag = 0
05-02 19:06:01.501  2153  2153 I SurfaceFlinger: [Display 0 name="Built-in Screen"#102783] setFrameRateCategory: High
05-02 19:06:01.501  2153  2153 I SurfaceFlinger: [LayerHierarchy{RequestedLayerState{72c1a1c com.android.vending/com.google.android.finsky.protectdialogs.activity.PlayProtectDialogsActivity#219677 parentId=219690 z=1} 3 children}] reparent to LayerHierarchy{RequestedLayerState{Surface(name=72c1a1c com.android.vending/com.google.android.finsky.protectdialogs.activity.PlayProtectDialogsActivity)/@0x1da196f - animation-leash of window_animation#219690 parentId=219672 z=1} 1 children}
05-02 19:06:01.502 12016 12139 D PowerManagerService: [api] setPowerBoost(L) boost:0, durationMs:0, caller (uid: 1000 pid: 12016) <- m() in com.android.server.display.DisplayManagerService$BinderService$$ExternalSyntheticOutline0:1
05-02 19:06:01.505  2153  2747 D DisplayModeController: setDesiredMode 4630946165277524611 {mode={fps=120.00 Hz, modePtr={id=0, vsyncRate=120.00 Hz, peakRefreshRate=120.00 Hz}}, emitEvent=true, force=false}
05-02 19:06:01.506  2153  2153 I LayerHistory: TaskbarWindow$_13307#102932 voted ExplicitCategory with category: High
05-02 19:06:01.506  2153  2153 I LayerHistory: com.sec.android.app.launcher/com.samsung.app.honeyspace.edge.edgepanel.app.CocktailBarService$_13307#218595 voted ExplicitCategory with category: High
05-02 19:06:01.506  2153  2153 I LayerHistory: StatusBar$_12716#102864 voted ExplicitCategory with category: High
05-02 19:06:01.506  2153  2153 I LayerHistory: Dim Layer for - Task=2774#219686 voted ExplicitCategory with category: High
05-02 19:06:01.506  2153  2153 I LayerHistory: com.android.vending/com.google.android.finsky.protectdialogs.activity.PlayProtectDialogsActivity$_403#219681 voted ExplicitCategory with category: High
05-02 19:06:01.506  2153  2153 I LayerHistory: com.google.android.packageinstaller/com.android.packageinstaller.DeleteStagedFileOnResult$_19334#219632 voted ExplicitCategory with category: High
05-02 19:06:01.506  2153  2153 I LayerHistory: com.pocketnode.app/com.pocketnode.app.MainActivity$_14720#219579 voted ExplicitCategory with category: High
05-02 19:06:01.506  2153  2153 I LayerHistory: Dim Layer for - Task=2773#219625 voted ExplicitCategory with category: High
05-02 19:06:01.506  2153  2153 I LayerHistory: com.google.android.packageinstaller/com.android.packageinstaller.InstallInstalling$_19334#219667 voted ExplicitCategory with category: High
05-02 19:06:01.506  2153  2153 I LayerHistory: com.android.vending/com.google.android.finsky.protectdialogs.activity.PlayProtectDialogsActivity$_403#219682 voted ExplicitCategory with category: High
05-02 19:06:01.506  2153  2153 I LayerHistory: com.google.android.packageinstaller/com.android.packageinstaller.InstallInstalling$_19334#219666 voted ExplicitCategory with category: High
05-02 19:06:01.506  2153  2153 I SurfaceFlinger: Touch Control - choose 120.00 Hz
05-02 19:06:01.507  2153  2153 I HWComposer: [4630946165277524611] ActiveConfigToHWC, ID : 0
05-02 19:06:01.508 12016 12136 I DisplayDeviceRepository: Display device changed render timings: "Built-in Screen", renderFrameRate=60.000004, presentationDeadlineNanos=17666666, appVsyncOffsetNanos=16666666, frameRateOverrides=[{uid=1000 frameRateHz=120.00001}, {uid=10050 frameRateHz=120.00001}, {uid=10082 frameRateHz=120.00001}, {uid=10149 frameRateHz=120.00001}, {uid=10259 frameRateHz=120.00001}, {uid=10625 frameRateHz=120.00001}]
05-02 19:06:01.509  2051 29400 I SDM     : HWDeviceDRM::SetDisplaySwitchMode: [DispConfigs] check hs_mode 1
05-02 19:06:01.509  2051 29400 W SDM     : HWDeviceDRM::GetSupportedBitClkRate: Requested rate not supported: 1362000000
05-02 19:06:01.509  2051 29400 I SDM     : HWDeviceDRM::SetDisplaySwitchMode: [DispConfigs] Set mode index:0 2160x1856x120xcmdHS, hs_mode(1), found_mode(1)
05-02 19:06:01.509  2051 29400 I SDM     : HWDeviceDRM::UpdateMixerAttributes: Mixer WxH 2160x1856-1 for Peripheral
05-02 19:06:01.510  2051 29400 I SDM     : HWCDisplay::SubmitDisplayConfig: Active configuration changed from config 2 to 0
05-02 19:06:01.510 11749 11795 D AudioFlinger: setParameters: filtered dev setParameters keyvalue screen_state=on
05-02 19:06:01.510 12016 17875 D LiftUpHandler: [LTW] Stopped already.
05-02 19:06:01.512 11755 11874 D AHAL: AudioDevice: SetParameters: 1865: enter
05-02 19:06:01.512 11755 11874 D AHAL: AudioVoice: VoiceSetParameters: 200: Enter
05-02 19:06:01.512 11755 11874 D AHAL: AudioVoice: VoiceSetParameters: 479: Exit ret: 0
05-02 19:06:01.512 12016 12016 D SGM:GameManager: onDisplayChanged. displyId: 0, state: 2
05-02 19:06:01.512 11755 11874 D AHAL: hfp: hfp_set_parameters: 444: enter
05-02 19:06:01.512 12016 12016 D AODManagerService: requestReCalToTSP IsSingleTouchMode = falserequestedReCalToTSP = false / previousDisplayState = ON
05-02 19:06:01.513 12016 12390 D SGM:FgCheckThread: onLooperPrepared(), msg: MSG_LCD_ON
05-02 19:06:01.513 13307  9614 I HoneySpace.Memory-Monitor: current state = 2, didTrim = false
05-02 19:06:01.514 11755 11874 D AHAL: AudioDevice: SetParameters: 1945:  - screen = on
05-02 19:06:01.514 11755 11874 I PAL: ResourceManager: setParameter: 10683: Screen State:1
05-02 19:06:01.514 11755 11874 D AHAL: AudioDevice: SetParameters: 2798: exit: screen_state=on
05-02 19:06:01.515 12716 12894 D StackScroller: onDisplayChanged for predraw skip to 2
05-02 19:06:01.515 12716 12716 D DisplayLifecycle: updateDisplay id = 0
05-02 19:06:01.515 12016 14785 D WifiDisplayAdapter: isFitToActiveDisplayLocked : false
05-02 19:06:01.516 12016 12485 D AS.DesktopModeHelper: onDisplayChanged: #Id=0
05-02 19:06:01.517 12016 12137 D SurfaceComposerClient: setCornerRadius ## 9e6dfbb com.android.vending/com.google.android.finsky.protectdialogs.activity.PlayProtectDialogsActivity#219676 cornerRadius=0.000000
05-02 19:06:01.517 12016 12137 D SurfaceComposerClient: setCornerRadius ## 603d293 com.google.android.packageinstaller/com.android.packageinstaller.InstallInstalling#219665 cornerRadius=0.000000
05-02 19:06:01.517 12016 12137 D SurfaceComposerClient: setCornerRadius ## dda60c1 com.google.android.packageinstaller/com.android.packageinstaller.DeleteStagedFileOnResult#219631 cornerRadius=0.000000
05-02 19:06:01.517 12016 12137 D SurfaceComposerClient: setCornerRadius ## 151eaa4 com.pocketnode.app/com.pocketnode.app.MainActivity#219578 cornerRadius=0.000000
05-02 19:06:01.526  2153  2153 I SurfaceFlinger: finalizeDisplayModeChange 4630946165277524611
05-02 19:06:01.526 12016 12136 D LocalDisplayAdapter: updateActiveModeLocked for d=4630946165277524611, mActiveModeId=1, mActiveSfDisplayMode=DisplayMode{id=0, width=1856, height=2160, xDpi=377.139, yDpi=375.78, peakRefreshRate=120.00001, vsyncRate=120.00001, appVsyncOffsetNanos=8333333, presentationDeadlineNanos=9333333, supportedHdrTypes=[4, 2, 3], group=2160}
05-02 19:06:01.527 12016 12136 I DisplayDeviceRepository: Display device changed render timings: "Built-in Screen", renderFrameRate=120.00001, presentationDeadlineNanos=9333333, appVsyncOffsetNanos=8333333, frameRateOverrides=[{uid=1000 frameRateHz=120.00001}, {uid=10050 frameRateHz=120.00001}, {uid=10082 frameRateHz=120.00001}, {uid=10149 frameRateHz=120.00001}, {uid=10259 frameRateHz=120.00001}, {uid=10625 frameRateHz=120.00001}]
05-02 19:06:01.529 12016 12133 D WindowManager: DeferredDisplayUpdater: partially applying DisplayInfo(1856 x 2160) immediately
05-02 19:06:01.531 12016 17875 D LiftUpHandler: [LTW] Stopped already.
05-02 19:06:01.532 12016 12016 D SGM:GameManager: onDisplayChanged. displyId: 0, state: 2
05-02 19:06:01.533 12016 12016 D AODManagerService: requestReCalToTSP IsSingleTouchMode = falserequestedReCalToTSP = false / previousDisplayState = ON
05-02 19:06:01.533 12016 12390 D SGM:FgCheckThread: onLooperPrepared(), msg: MSG_LCD_ON
05-02 19:06:01.534 11749 11795 D AudioFlinger: setParameters: filtered dev setParameters keyvalue screen_state=on
05-02 19:06:01.534 13307 10840 I HoneySpace.RefreshRateSource: singleFrameMs 8
05-02 19:06:01.534 11755 11874 D AHAL: AudioDevice: SetParameters: 1865: enter
05-02 19:06:01.534 11755 11874 D AHAL: AudioVoice: VoiceSetParameters: 200: Enter
05-02 19:06:01.534 11755 11874 D AHAL: AudioVoice: VoiceSetParameters: 479: Exit ret: 0
05-02 19:06:01.534  2153  4275 I VSyncReactor: Current= 60, Period= 120, hwcPeriod= 120
05-02 19:06:01.534 11755 11874 D AHAL: hfp: hfp_set_parameters: 444: enter
05-02 19:06:01.534 11755 11874 D AHAL: AudioDevice: SetParameters: 1945:  - screen = on
05-02 19:06:01.535 11755 11874 I PAL: ResourceManager: setParameter: 10683: Screen State:1
05-02 19:06:01.535 11755 11874 D AHAL: AudioDevice: SetParameters: 2798: exit: screen_state=on
05-02 19:06:01.536 12016 12133 D SurfaceComposerClient: setCornerRadius ## 9e6dfbb com.android.vending/com.google.android.finsky.protectdialogs.activity.PlayProtectDialogsActivity#219676 cornerRadius=0.000000
05-02 19:06:01.536 12016 12133 D SurfaceComposerClient: setCornerRadius ## 603d293 com.google.android.packageinstaller/com.android.packageinstaller.InstallInstalling#219665 cornerRadius=0.000000
05-02 19:06:01.536 12016 12133 D SurfaceComposerClient: setCornerRadius ## dda60c1 com.google.android.packageinstaller/com.android.packageinstaller.DeleteStagedFileOnResult#219631 cornerRadius=0.000000
05-02 19:06:01.536 12016 12133 D SurfaceComposerClient: setCornerRadius ## 151eaa4 com.pocketnode.app/com.pocketnode.app.MainActivity#219578 cornerRadius=0.000000
05-02 19:06:01.536 17811 17811 I MotoDesktopLog: [ R4DisplayService ] - getFoldType, mFoldType0
05-02 19:06:01.537 12716 12894 D StackScroller: onDisplayChanged for predraw skip to 2
05-02 19:06:01.537 12716 12716 D DisplayLifecycle: updateDisplay id = 0
05-02 19:06:01.538 12016 12485 D AS.DesktopModeHelper: onDisplayChanged: #Id=0
05-02 19:06:01.538 16335 16335 I CAMERA_CONTROLLER: [2]a.n():2 - display changed
05-02 19:06:01.538 16335 16335 I CAMERA_CONTROLLER: [2]a.n():2
05-02 19:06:01.538 16335 16335 I CAMERA_CONTROLLER: [2]ProviderServiceImpl.checkDisplayModePortrait():39 - presentationDisplaynull
05-02 19:06:01.538 16335 16335 W CAMERA_CONTROLLER: [2]a.A():2 - presentationDisplay is null, return
05-02 19:06:01.538 16335 16335 W CAMERA_CONTROLLER: [2]ProviderServiceImpl$registerDisplayListener$displayListener$1.onDisplayChanged():17 - display is not portrait mode 
05-02 19:06:01.538 13307 10840 I HoneySpace.Memory-Monitor: current state = 2, didTrim = false
05-02 19:06:01.539 12016 14785 D WifiDisplayAdapter: isFitToActiveDisplayLocked : false
05-02 19:06:01.541 17811 17811 I MotoDesktopLog: [ FS_ScreenSizeManager ] - [Display] Changed display: 0
05-02 19:06:01.541 17811 17811 I MotoDesktopLog: [ FS_ScreenSizeManager ] - [Display] Current activity display id: null
05-02 19:06:01.541 17811 17811 I MotoDesktopLog: [ FS_ScreenSizeManager ] - [Logic] Retrieved display info: LogicDisplayInfo(width=1856, height=2160, orientation=1, rotation=0, displayId=0)
05-02 19:06:01.541 17811 17811 I MotoDesktopLog: [ FS_ScreenSizeManager ] - [Display] New logical size: 1856x2160
05-02 19:06:01.541 17811 17811 I MotoDesktopLog: [ FS_ScreenSizeManager ] - [Display] Screen width unchanged: 1856
