05-02 19:05:58.137   403   403 I View    : setRequestedFrameRate frameRate=NaN, this=android.view.View{b65f7f0 V.ED..... ........ 0,0-0,0}, caller=nz$$ExternalSyntheticApiModelOutline0.m:50 igk.a:1 iej.dispatchDraw:115 android.view.View.draw:26345 android.view.View.updateDisplayListIfDirty:25175 
05-02 19:05:58.153   403   403 I View    : setRequestedFrameRate frameRate=NaN, this=iej{d1fcc01 VFED..... ........ 315,0-1540,1530 aid=1073741825}, caller=android.view.ViewGroup.setRequestedFrameRate:9952 nz$$ExternalSyntheticApiModelOutline0.m:50 igk.a:1 iej.dispatchDraw:106 android.view.View.draw:26345 
05-02 19:05:58.153   403   403 I View    : setRequestedFrameRate frameRate=NaN, this=android.view.View{b65f7f0 V.ED..... ........ 0,0-0,0}, caller=nz$$ExternalSyntheticApiModelOutline0.m:50 igk.a:1 iej.dispatchDraw:115 android.view.View.draw:26345 android.view.View.updateDisplayListIfDirty:25175 
05-02 19:05:58.170   403   403 I View    : setRequestedFrameRate frameRate=NaN, this=iej{d1fcc01 VFED..... ........ 315,0-1540,1530 aid=1073741825}, caller=android.view.ViewGroup.setRequestedFrameRate:9952 nz$$ExternalSyntheticApiModelOutline0.m:50 igk.a:1 iej.dispatchDraw:106 android.view.View.draw:26345 
05-02 19:05:58.170   403   403 I View    : setRequestedFrameRate frameRate=NaN, this=android.view.View{b65f7f0 V.ED..... ........ 0,0-0,0}, caller=nz$$ExternalSyntheticApiModelOutline0.m:50 igk.a:1 iej.dispatchDraw:115 android.view.View.draw:26345 android.view.View.updateDisplayListIfDirty:25175 
05-02 19:05:58.186   403   403 I View    : setRequestedFrameRate frameRate=NaN, this=iej{d1fcc01 VFED..... ........ 315,0-1540,1530 aid=1073741825}, caller=android.view.ViewGroup.setRequestedFrameRate:9952 nz$$ExternalSyntheticApiModelOutline0.m:50 igk.a:1 iej.dispatchDraw:106 android.view.View.draw:26345 
05-02 19:05:58.187   403   403 I View    : setRequestedFrameRate frameRate=NaN, this=android.view.View{b65f7f0 V.ED..... ........ 0,0-0,0}, caller=nz$$ExternalSyntheticApiModelOutline0.m:50 igk.a:1 iej.dispatchDraw:115 android.view.View.draw:26345 android.view.View.updateDisplayListIfDirty:25175 
05-02 19:05:58.203   403   403 I View    : setRequestedFrameRate frameRate=NaN, this=iej{d1fcc01 VFED..... ........ 315,0-1540,1530 aid=1073741825}, caller=android.view.ViewGroup.setRequestedFrameRate:9952 nz$$ExternalSyntheticApiModelOutline0.m:50 igk.a:1 iej.dispatchDraw:106 android.view.View.draw:26345 
05-02 19:05:58.203   403   403 I View    : setRequestedFrameRate frameRate=NaN, this=android.view.View{b65f7f0 V.ED..... ........ 0,0-0,0}, caller=nz$$ExternalSyntheticApiModelOutline0.m:50 igk.a:1 iej.dispatchDraw:115 android.view.View.draw:26345 android.view.View.updateDisplayListIfDirty:25175 
05-02 19:05:58.220   403   403 I View    : setRequestedFrameRate frameRate=NaN, this=iej{d1fcc01 VFED..... ........ 315,0-1540,1530 aid=1073741825}, caller=android.view.ViewGroup.setRequestedFrameRate:9952 nz$$ExternalSyntheticApiModelOutline0.m:50 igk.a:1 iej.dispatchDraw:106 android.view.View.draw:26345 
05-02 19:05:58.220   403   403 I View    : setRequestedFrameRate frameRate=NaN, this=android.view.View{b65f7f0 V.ED..... ........ 0,0-0,0}, caller=nz$$ExternalSyntheticApiModelOutline0.m:50 igk.a:1 iej.dispatchDraw:115 android.view.View.draw:26345 android.view.View.updateDisplayListIfDirty:25175 
05-02 19:05:58.233  2023   661 I sensors-hal: handle_sns_client_event:375, [0][28167804] accel_sample [ 0.763, -0.156,  9.794] 1076504642489229
05-02 19:05:58.236   403   403 I View    : setRequestedFrameRate frameRate=NaN, this=iej{d1fcc01 VFED..... ........ 315,0-1540,1530 aid=1073741825}, caller=android.view.ViewGroup.setRequestedFrameRate:9952 nz$$ExternalSyntheticApiModelOutline0.m:50 igk.a:1 iej.dispatchDraw:106 android.view.View.draw:26345 
05-02 19:05:58.237   403   403 I View    : setRequestedFrameRate frameRate=NaN, this=android.view.View{b65f7f0 V.ED..... ........ 0,0-0,0}, caller=nz$$ExternalSyntheticApiModelOutline0.m:50 igk.a:1 iej.dispatchDraw:115 android.view.View.draw:26345 android.view.View.updateDisplayListIfDirty:25175 
05-02 19:05:58.254   403   403 I View    : setRequestedFrameRate frameRate=NaN, this=iej{d1fcc01 VFED..... ........ 315,0-1540,1530 aid=1073741825}, caller=android.view.ViewGroup.setRequestedFrameRate:9952 nz$$ExternalSyntheticApiModelOutline0.m:50 igk.a:1 iej.dispatchDraw:106 android.view.View.draw:26345 
05-02 19:05:58.255   403   403 I View    : setRequestedFrameRate frameRate=NaN, this=android.view.View{b65f7f0 V.ED..... ........ 0,0-0,0}, caller=nz$$ExternalSyntheticApiModelOutline0.m:50 igk.a:1 iej.dispatchDraw:115 android.view.View.draw:26345 android.view.View.updateDisplayListIfDirty:25175 
05-02 19:05:58.263  3151  3151 D BoundBrokerSvc: onUnbind: Intent { act=com.google.android.gms.common.telemetry.service.START dat=chimera-action:/... xflg=0x4 cmp=com.google.android.gms/.chimera.PersistentApiService }
05-02 19:05:58.271   403   403 I View    : setRequestedFrameRate frameRate=NaN, this=iej{d1fcc01 VFED..... ........ 315,0-1540,1530 aid=1073741825}, caller=android.view.ViewGroup.setRequestedFrameRate:9952 nz$$ExternalSyntheticApiModelOutline0.m:50 igk.a:1 iej.dispatchDraw:106 android.view.View.draw:26345 
05-02 19:05:58.271   403   403 I View    : setRequestedFrameRate frameRate=NaN, this=android.view.View{b65f7f0 V.ED..... ........ 0,0-0,0}, caller=nz$$ExternalSyntheticApiModelOutline0.m:50 igk.a:1 iej.dispatchDraw:115 android.view.View.draw:26345 android.view.View.updateDisplayListIfDirty:25175 
05-02 19:05:58.286   403   403 I View    : setRequestedFrameRate frameRate=NaN, this=iej{d1fcc01 VFED..... ........ 315,0-1540,1530 aid=1073741825}, caller=android.view.ViewGroup.setRequestedFrameRate:9952 nz$$ExternalSyntheticApiModelOutline0.m:50 igk.a:1 iej.dispatchDraw:106 android.view.View.draw:26345 
05-02 19:05:58.287   403   403 I View    : setRequestedFrameRate frameRate=NaN, this=android.view.View{b65f7f0 V.ED..... ........ 0,0-0,0}, caller=nz$$ExternalSyntheticApiModelOutline0.m:50 igk.a:1 iej.dispatchDraw:115 android.view.View.draw:26345 android.view.View.updateDisplayListIfDirty:25175 
05-02 19:05:58.303   403   403 I View    : setRequestedFrameRate frameRate=NaN, this=iej{d1fcc01 VFED..... ........ 315,0-1540,1530 aid=1073741825}, caller=android.view.ViewGroup.setRequestedFrameRate:9952 nz$$ExternalSyntheticApiModelOutline0.m:50 igk.a:1 iej.dispatchDraw:106 android.view.View.draw:26345 
05-02 19:05:58.303   403   403 I View    : setRequestedFrameRate frameRate=NaN, this=android.view.View{b65f7f0 V.ED..... ........ 0,0-0,0}, caller=nz$$ExternalSyntheticApiModelOutline0.m:50 igk.a:1 iej.dispatchDraw:115 android.view.View.draw:26345 android.view.View.updateDisplayListIfDirty:25175 
05-02 19:05:58.321   403   403 I View    : setRequestedFrameRate frameRate=NaN, this=iej{d1fcc01 VFED..... ........ 315,0-1540,1530 aid=1073741825}, caller=android.view.ViewGroup.setRequestedFrameRate:9952 nz$$ExternalSyntheticApiModelOutline0.m:50 igk.a:1 iej.dispatchDraw:106 android.view.View.draw:26345 
05-02 19:05:58.321   403   403 I View    : setRequestedFrameRate frameRate=NaN, this=android.view.View{b65f7f0 V.ED..... ........ 0,0-0,0}, caller=nz$$ExternalSyntheticApiModelOutline0.m:50 igk.a:1 iej.dispatchDraw:115 android.view.View.draw:26345 android.view.View.updateDisplayListIfDirty:25175 
05-02 19:05:58.337   403   403 I View    : setRequestedFrameRate frameRate=NaN, this=iej{d1fcc01 VFED..... ........ 315,0-1540,1530 aid=1073741825}, caller=android.view.ViewGroup.setRequestedFrameRate:9952 nz$$ExternalSyntheticApiModelOutline0.m:50 igk.a:1 iej.dispatchDraw:106 android.view.View.draw:26345 
05-02 19:05:58.337   403   403 I View    : setRequestedFrameRate frameRate=NaN, this=android.view.View{b65f7f0 V.ED..... ........ 0,0-0,0}, caller=nz$$ExternalSyntheticApiModelOutline0.m:50 igk.a:1 iej.dispatchDraw:115 android.view.View.draw:26345 android.view.View.updateDisplayListIfDirty:25175 
05-02 19:05:58.353   403   403 I View    : setRequestedFrameRate frameRate=NaN, this=iej{d1fcc01 VFED..... ........ 315,0-1540,1530 aid=1073741825}, caller=android.view.ViewGroup.setRequestedFrameRate:9952 nz$$ExternalSyntheticApiModelOutline0.m:50 igk.a:1 iej.dispatchDraw:106 android.view.View.draw:26345 
05-02 19:05:58.353   403   403 I View    : setRequestedFrameRate frameRate=NaN, this=android.view.View{b65f7f0 V.ED..... ........ 0,0-0,0}, caller=nz$$ExternalSyntheticApiModelOutline0.m:50 igk.a:1 iej.dispatchDraw:115 android.view.View.draw:26345 android.view.View.updateDisplayListIfDirty:25175 
05-02 19:05:58.369   403   403 I View    : setRequestedFrameRate frameRate=NaN, this=iej{d1fcc01 VFED..... ........ 315,0-1540,1530 aid=1073741825}, caller=android.view.ViewGroup.setRequestedFrameRate:9952 nz$$ExternalSyntheticApiModelOutline0.m:50 igk.a:1 iej.dispatchDraw:106 android.view.View.draw:26345 
05-02 19:05:58.370   403   403 I View    : setRequestedFrameRate frameRate=NaN, this=android.view.View{b65f7f0 V.ED..... ........ 0,0-0,0}, caller=nz$$ExternalSyntheticApiModelOutline0.m:50 igk.a:1 iej.dispatchDraw:115 android.view.View.draw:26345 android.view.View.updateDisplayListIfDirty:25175 
05-02 19:05:58.386   403   403 I View    : setRequestedFrameRate frameRate=NaN, this=iej{d1fcc01 VFED..... ........ 315,0-1540,1530 aid=1073741825}, caller=android.view.ViewGroup.setRequestedFrameRate:9952 nz$$ExternalSyntheticApiModelOutline0.m:50 igk.a:1 iej.dispatchDraw:106 android.view.View.draw:26345 
05-02 19:05:58.386   403   403 I View    : setRequestedFrameRate frameRate=NaN, this=android.view.View{b65f7f0 V.ED..... ........ 0,0-0,0}, caller=nz$$ExternalSyntheticApiModelOutline0.m:50 igk.a:1 iej.dispatchDraw:115 android.view.View.draw:26345 android.view.View.updateDisplayListIfDirty:25175 
05-02 19:05:58.404   403   403 I View    : setRequestedFrameRate frameRate=NaN, this=iej{d1fcc01 VFED..... ........ 315,0-1540,1530 aid=1073741825}, caller=android.view.ViewGroup.setRequestedFrameRate:9952 nz$$ExternalSyntheticApiModelOutline0.m:50 igk.a:1 iej.dispatchDraw:106 android.view.View.draw:26345 
05-02 19:05:58.405   403   403 I View    : setRequestedFrameRate frameRate=NaN, this=android.view.View{b65f7f0 V.ED..... ........ 0,0-0,0}, caller=nz$$ExternalSyntheticApiModelOutline0.m:50 igk.a:1 iej.dispatchDraw:115 android.view.View.draw:26345 android.view.View.updateDisplayListIfDirty:25175 
05-02 19:05:58.409  2145  2204 E HeatmapThread: ECT Thread time in milliseconds: 1777763158
05-02 19:05:58.415  2145  2204 D HeatmapThread: !@ batteryplugType : 2
05-02 19:05:58.416  2145  2204 D HeatmapThread: !@ batteryLevel : 99  batteryTemperature : 301 
05-02 19:05:58.416  2145  2204 D HeatmapThread: !@ Heatmap currtime: 29629385
05-02 19:05:58.416  2145  2204 D HeatmapThread: !@ Heatmap prevtime: 29629374
05-02 19:05:58.416  2145  2204 D HeatmapThread: !@ Heatmap plugstarttime: 29629346
05-02 19:05:58.416  2145  2204 D HeatmapThread: !@ Heatmap prevv_dsoh_update_time: 29629358
05-02 19:05:58.416  2145  2204 E HeatmapThread: !@ CAM New BSOH: 98
05-02 19:05:58.416  2145  2204 E HeatmapThread: !@ CAM is Working
05-02 19:05:58.419   403   403 I View    : setRequestedFrameRate frameRate=NaN, this=iej{d1fcc01 VFED..... ........ 315,0-1540,1530 aid=1073741825}, caller=android.view.ViewGroup.setRequestedFrameRate:9952 nz$$ExternalSyntheticApiModelOutline0.m:50 igk.a:1 iej.dispatchDraw:106 android.view.View.draw:26345 
05-02 19:05:58.420   403   403 I View    : setRequestedFrameRate frameRate=NaN, this=android.view.View{b65f7f0 V.ED..... ........ 0,0-0,0}, caller=nz$$ExternalSyntheticApiModelOutline0.m:50 igk.a:1 iej.dispatchDraw:115 android.view.View.draw:26345 android.view.View.updateDisplayListIfDirty:25175 
05-02 19:05:58.436   403   403 I View    : setRequestedFrameRate frameRate=NaN, this=iej{d1fcc01 VFED..... ........ 315,0-1540,1530 aid=1073741825}, caller=android.view.ViewGroup.setRequestedFrameRate:9952 nz$$ExternalSyntheticApiModelOutline0.m:50 igk.a:1 iej.dispatchDraw:106 android.view.View.draw:26345 
05-02 19:05:58.437   403   403 I View    : setRequestedFrameRate frameRate=NaN, this=android.view.View{b65f7f0 V.ED..... ........ 0,0-0,0}, caller=nz$$ExternalSyntheticApiModelOutline0.m:50 igk.a:1 iej.dispatchDraw:115 android.view.View.draw:26345 android.view.View.updateDisplayListIfDirty:25175 
05-02 19:05:58.453   403   403 I View    : setRequestedFrameRate frameRate=NaN, this=iej{d1fcc01 VFED..... ........ 315,0-1540,1530 aid=1073741825}, caller=android.view.ViewGroup.setRequestedFrameRate:9952 nz$$ExternalSyntheticApiModelOutline0.m:50 igk.a:1 iej.dispatchDraw:106 android.view.View.draw:26345 
05-02 19:05:58.453   403   403 I View    : setRequestedFrameRate frameRate=NaN, this=android.view.View{b65f7f0 V.ED..... ........ 0,0-0,0}, caller=nz$$ExternalSyntheticApiModelOutline0.m:50 igk.a:1 iej.dispatchDraw:115 android.view.View.draw:26345 android.view.View.updateDisplayListIfDirty:25175 
05-02 19:05:58.471   403   403 I View    : setRequestedFrameRate frameRate=NaN, this=iej{d1fcc01 VFED..... ........ 315,0-1540,1530 aid=1073741825}, caller=android.view.ViewGroup.setRequestedFrameRate:9952 nz$$ExternalSyntheticApiModelOutline0.m:50 igk.a:1 iej.dispatchDraw:106 android.view.View.draw:26345 
05-02 19:05:58.471   403   403 I View    : setRequestedFrameRate frameRate=NaN, this=android.view.View{b65f7f0 V.ED..... ........ 0,0-0,0}, caller=nz$$ExternalSyntheticApiModelOutline0.m:50 igk.a:1 iej.dispatchDraw:115 android.view.View.draw:26345 android.view.View.updateDisplayListIfDirty:25175 
05-02 19:05:58.486   403   403 I View    : setRequestedFrameRate frameRate=NaN, this=iej{d1fcc01 VFED..... ........ 315,0-1540,1530 aid=1073741825}, caller=android.view.ViewGroup.setRequestedFrameRate:9952 nz$$ExternalSyntheticApiModelOutline0.m:50 igk.a:1 iej.dispatchDraw:106 android.view.View.draw:26345 
05-02 19:05:58.486   403   403 I View    : setRequestedFrameRate frameRate=NaN, this=android.view.View{b65f7f0 V.ED..... ........ 0,0-0,0}, caller=nz$$ExternalSyntheticApiModelOutline0.m:50 igk.a:1 iej.dispatchDraw:115 android.view.View.draw:26345 android.view.View.updateDisplayListIfDirty:25175 
05-02 19:05:58.503   403   403 I View    : setRequestedFrameRate frameRate=NaN, this=iej{d1fcc01 VFED..... ........ 315,0-1540,1530 aid=1073741825}, caller=android.view.ViewGroup.setRequestedFrameRate:9952 nz$$ExternalSyntheticApiModelOutline0.m:50 igk.a:1 iej.dispatchDraw:106 android.view.View.draw:26345 
05-02 19:05:58.504   403   403 I View    : setRequestedFrameRate frameRate=NaN, this=android.view.View{b65f7f0 V.ED..... ........ 0,0-0,0}, caller=nz$$ExternalSyntheticApiModelOutline0.m:50 igk.a:1 iej.dispatchDraw:115 android.view.View.draw:26345 android.view.View.updateDisplayListIfDirty:25175 
05-02 19:05:58.520   403   403 I View    : setRequestedFrameRate frameRate=NaN, this=iej{d1fcc01 VFED..... ........ 315,0-1540,1530 aid=1073741825}, caller=android.view.ViewGroup.setRequestedFrameRate:9952 nz$$ExternalSyntheticApiModelOutline0.m:50 igk.a:1 iej.dispatchDraw:106 android.view.View.draw:26345 
05-02 19:05:58.520   403   403 I View    : setRequestedFrameRate frameRate=NaN, this=android.view.View{b65f7f0 V.ED..... ........ 0,0-0,0}, caller=nz$$ExternalSyntheticApiModelOutline0.m:50 igk.a:1 iej.dispatchDraw:115 android.view.View.draw:26345 android.view.View.updateDisplayListIfDirty:25175 
05-02 19:05:58.538   403   403 I View    : setRequestedFrameRate frameRate=NaN, this=iej{d1fcc01 VFED..... ........ 315,0-1540,1530 aid=1073741825}, caller=android.view.ViewGroup.setRequestedFrameRate:9952 nz$$ExternalSyntheticApiModelOutline0.m:50 igk.a:1 iej.dispatchDraw:106 android.view.View.draw:26345 
05-02 19:05:58.538   403   403 I View    : setRequestedFrameRate frameRate=NaN, this=android.view.View{b65f7f0 V.ED..... ........ 0,0-0,0}, caller=nz$$ExternalSyntheticApiModelOutline0.m:50 igk.a:1 iej.dispatchDraw:115 android.view.View.draw:26345 android.view.View.updateDisplayListIfDirty:25175 
05-02 19:05:58.554   403   403 I View    : setRequestedFrameRate frameRate=NaN, this=iej{d1fcc01 VFED..... ........ 315,0-1540,1530 aid=1073741825}, caller=android.view.ViewGroup.setRequestedFrameRate:9952 nz$$ExternalSyntheticApiModelOutline0.m:50 igk.a:1 iej.dispatchDraw:106 android.view.View.draw:26345 
05-02 19:05:58.555   403   403 I View    : setRequestedFrameRate frameRate=NaN, this=android.view.View{b65f7f0 V.ED..... ........ 0,0-0,0}, caller=nz$$ExternalSyntheticApiModelOutline0.m:50 igk.a:1 iej.dispatchDraw:115 android.view.View.draw:26345 android.view.View.updateDisplayListIfDirty:25175 
05-02 19:05:58.570   403   403 I View    : setRequestedFrameRate frameRate=NaN, this=iej{d1fcc01 VFED..... ........ 315,0-1540,1530 aid=1073741825}, caller=android.view.ViewGroup.setRequestedFrameRate:9952 nz$$ExternalSyntheticApiModelOutline0.m:50 igk.a:1 iej.dispatchDraw:106 android.view.View.draw:26345 
05-02 19:05:58.570   403   403 I View    : setRequestedFrameRate frameRate=NaN, this=android.view.View{b65f7f0 V.ED..... ........ 0,0-0,0}, caller=nz$$ExternalSyntheticApiModelOutline0.m:50 igk.a:1 iej.dispatchDraw:115 android.view.View.draw:26345 android.view.View.updateDisplayListIfDirty:25175 
05-02 19:05:58.588   403   403 I View    : setRequestedFrameRate frameRate=NaN, this=iej{d1fcc01 VFED..... ........ 315,0-1540,1530 aid=1073741825}, caller=android.view.ViewGroup.setRequestedFrameRate:9952 nz$$ExternalSyntheticApiModelOutline0.m:50 igk.a:1 iej.dispatchDraw:106 android.view.View.draw:26345 
05-02 19:05:58.589   403   403 I View    : setRequestedFrameRate frameRate=NaN, this=android.view.View{b65f7f0 V.ED..... ........ 0,0-0,0}, caller=nz$$ExternalSyntheticApiModelOutline0.m:50 igk.a:1 iej.dispatchDraw:115 android.view.View.draw:26345 android.view.View.updateDisplayListIfDirty:25175 
05-02 19:05:58.603   403   403 I View    : setRequestedFrameRate frameRate=NaN, this=iej{d1fcc01 VFED..... ........ 315,0-1540,1530 aid=1073741825}, caller=android.view.ViewGroup.setRequestedFrameRate:9952 nz$$ExternalSyntheticApiModelOutline0.m:50 igk.a:1 iej.dispatchDraw:106 android.view.View.draw:26345 
05-02 19:05:58.603   403   403 I View    : setRequestedFrameRate frameRate=NaN, this=android.view.View{b65f7f0 V.ED..... ........ 0,0-0,0}, caller=nz$$ExternalSyntheticApiModelOutline0.m:50 igk.a:1 iej.dispatchDraw:115 android.view.View.draw:26345 android.view.View.updateDisplayListIfDirty:25175 
05-02 19:05:58.616   480   480 D BoundBrokerSvc: onUnbind: Intent { act=com.google.android.gms.measurement.START xflg=0x4 pkg=com.google.android.gms }
05-02 19:05:58.619 18580 18684 E d       : (Berry)(1.16)handleAudioPathTask() : can't get dual play mode - Attempt to invoke virtual method 'boolean android.bluetooth.BluetoothA2dp.semIsDualPlayMode()' on a null object reference
05-02 19:05:58.620   403   403 I View    : setRequestedFrameRate frameRate=NaN, this=iej{d1fcc01 VFED..... ........ 315,0-1540,1530 aid=1073741825}, caller=android.view.ViewGroup.setRequestedFrameRate:9952 nz$$ExternalSyntheticApiModelOutline0.m:50 igk.a:1 iej.dispatchDraw:106 android.view.View.draw:26345 
05-02 19:05:58.620   403   403 I View    : setRequestedFrameRate frameRate=NaN, this=android.view.View{b65f7f0 V.ED..... ........ 0,0-0,0}, caller=nz$$ExternalSyntheticApiModelOutline0.m:50 igk.a:1 iej.dispatchDraw:115 android.view.View.draw:26345 android.view.View.updateDisplayListIfDirty:25175 
05-02 19:05:58.637   403   403 I View    : setRequestedFrameRate frameRate=NaN, this=iej{d1fcc01 VFED..... ........ 315,0-1540,1530 aid=1073741825}, caller=android.view.ViewGroup.setRequestedFrameRate:9952 nz$$ExternalSyntheticApiModelOutline0.m:50 igk.a:1 iej.dispatchDraw:106 android.view.View.draw:26345 
05-02 19:05:58.637   403   403 I View    : setRequestedFrameRate frameRate=NaN, this=android.view.View{b65f7f0 V.ED..... ........ 0,0-0,0}, caller=nz$$ExternalSyntheticApiModelOutline0.m:50 igk.a:1 iej.dispatchDraw:115 android.view.View.draw:26345 android.view.View.updateDisplayListIfDirty:25175 
05-02 19:05:58.653   403   403 I View    : setRequestedFrameRate frameRate=NaN, this=iej{d1fcc01 VFED..... ........ 315,0-1540,1530 aid=1073741825}, caller=android.view.ViewGroup.setRequestedFrameRate:9952 nz$$ExternalSyntheticApiModelOutline0.m:50 igk.a:1 iej.dispatchDraw:106 android.view.View.draw:26345 
05-02 19:05:58.654   403   403 I View    : setRequestedFrameRate frameRate=NaN, this=android.view.View{b65f7f0 V.ED..... ........ 0,0-0,0}, caller=nz$$ExternalSyntheticApiModelOutline0.m:50 igk.a:1 iej.dispatchDraw:115 android.view.View.draw:26345 android.view.View.updateDisplayListIfDirty:25175 
05-02 19:05:58.669   403   403 I View    : setRequestedFrameRate frameRate=NaN, this=iej{d1fcc01 VFED..... ........ 315,0-1540,1530 aid=1073741825}, caller=android.view.ViewGroup.setRequestedFrameRate:9952 nz$$ExternalSyntheticApiModelOutline0.m:50 igk.a:1 iej.dispatchDraw:106 android.view.View.draw:26345 
05-02 19:05:58.670   403   403 I View    : setRequestedFrameRate frameRate=NaN, this=android.view.View{b65f7f0 V.ED..... ........ 0,0-0,0}, caller=nz$$ExternalSyntheticApiModelOutline0.m:50 igk.a:1 iej.dispatchDraw:115 android.view.View.draw:26345 android.view.View.updateDisplayListIfDirty:25175 
05-02 19:05:58.687   403   403 I View    : setRequestedFrameRate frameRate=NaN, this=iej{d1fcc01 VFED..... ........ 315,0-1540,1530 aid=1073741825}, caller=android.view.ViewGroup.setRequestedFrameRate:9952 nz$$ExternalSyntheticApiModelOutline0.m:50 igk.a:1 iej.dispatchDraw:106 android.view.View.draw:26345 
05-02 19:05:58.688   403   403 I View    : setRequestedFrameRate frameRate=NaN, this=android.view.View{b65f7f0 V.ED..... ........ 0,0-0,0}, caller=nz$$ExternalSyntheticApiModelOutline0.m:50 igk.a:1 iej.dispatchDraw:115 android.view.View.draw:26345 android.view.View.updateDisplayListIfDirty:25175 
05-02 19:05:58.703   403   403 I View    : setRequestedFrameRate frameRate=NaN, this=iej{d1fcc01 VFED..... ........ 315,0-1540,1530 aid=1073741825}, caller=android.view.ViewGroup.setRequestedFrameRate:9952 nz$$ExternalSyntheticApiModelOutline0.m:50 igk.a:1 iej.dispatchDraw:106 android.view.View.draw:26345 
05-02 19:05:58.703   403   403 I View    : setRequestedFrameRate frameRate=NaN, this=android.view.View{b65f7f0 V.ED..... ........ 0,0-0,0}, caller=nz$$ExternalSyntheticApiModelOutline0.m:50 igk.a:1 iej.dispatchDraw:115 android.view.View.draw:26345 android.view.View.updateDisplayListIfDirty:25175 
05-02 19:05:58.720   403   403 I View    : setRequestedFrameRate frameRate=NaN, this=iej{d1fcc01 VFED..... ........ 315,0-1540,1530 aid=1073741825}, caller=android.view.ViewGroup.setRequestedFrameRate:9952 nz$$ExternalSyntheticApiModelOutline0.m:50 igk.a:1 iej.dispatchDraw:106 android.view.View.draw:26345 
05-02 19:05:58.720   403   403 I View    : setRequestedFrameRate frameRate=NaN, this=android.view.View{b65f7f0 V.ED..... ........ 0,0-0,0}, caller=nz$$ExternalSyntheticApiModelOutline0.m:50 igk.a:1 iej.dispatchDraw:115 android.view.View.draw:26345 android.view.View.updateDisplayListIfDirty:25175 
05-02 19:05:58.736   403   403 I View    : setRequestedFrameRate frameRate=NaN, this=iej{d1fcc01 VFED..... ........ 315,0-1540,1530 aid=1073741825}, caller=android.view.ViewGroup.setRequestedFrameRate:9952 nz$$ExternalSyntheticApiModelOutline0.m:50 igk.a:1 iej.dispatchDraw:106 android.view.View.draw:26345 
05-02 19:05:58.737   403   403 I View    : setRequestedFrameRate frameRate=NaN, this=android.view.View{b65f7f0 V.ED..... ........ 0,0-0,0}, caller=nz$$ExternalSyntheticApiModelOutline0.m:50 igk.a:1 iej.dispatchDraw:115 android.view.View.draw:26345 android.view.View.updateDisplayListIfDirty:25175 
05-02 19:05:58.741 12016 14023 I NSLocationMonitor: getGPSUsingApps() called
05-02 19:05:58.742 14059  4194 I NSLocationManager_FLP: getGPSUsingApps, No change
05-02 19:05:58.749 12016 14023 D MARs:ActiveTrafficFilter: filter : com.sec.android.app.shealth(0)
05-02 19:05:58.749 12016 14023 D FreecessHandler: freeze com.sec.android.app.shealth(10347) result : 8
05-02 19:05:58.753   403   403 I View    : setRequestedFrameRate frameRate=NaN, this=iej{d1fcc01 VFED..... ........ 315,0-1540,1530 aid=1073741825}, caller=android.view.ViewGroup.setRequestedFrameRate:9952 nz$$ExternalSyntheticApiModelOutline0.m:50 igk.a:1 iej.dispatchDraw:106 android.view.View.draw:26345 
05-02 19:05:58.753   403   403 I View    : setRequestedFrameRate frameRate=NaN, this=android.view.View{b65f7f0 V.ED..... ........ 0,0-0,0}, caller=nz$$ExternalSyntheticApiModelOutline0.m:50 igk.a:1 iej.dispatchDraw:115 android.view.View.draw:26345 android.view.View.updateDisplayListIfDirty:25175 
05-02 19:05:58.769   403   403 I View    : setRequestedFrameRate frameRate=NaN, this=iej{d1fcc01 VFED..... ........ 315,0-1540,1530 aid=1073741825}, caller=android.view.ViewGroup.setRequestedFrameRate:9952 nz$$ExternalSyntheticApiModelOutline0.m:50 igk.a:1 iej.dispatchDraw:106 android.view.View.draw:26345 
05-02 19:05:58.769   403   403 I View    : setRequestedFrameRate frameRate=NaN, this=android.view.View{b65f7f0 V.ED..... ........ 0,0-0,0}, caller=nz$$ExternalSyntheticApiModelOutline0.m:50 igk.a:1 iej.dispatchDraw:115 android.view.View.draw:26345 android.view.View.updateDisplayListIfDirty:25175 
05-02 19:05:58.785   403   403 I View    : setRequestedFrameRate frameRate=NaN, this=iej{d1fcc01 VFED..... ........ 315,0-1540,1530 aid=1073741825}, caller=android.view.ViewGroup.setRequestedFrameRate:9952 nz$$ExternalSyntheticApiModelOutline0.m:50 igk.a:1 iej.dispatchDraw:106 android.view.View.draw:26345 
05-02 19:05:58.785   403   403 I View    : setRequestedFrameRate frameRate=NaN, this=android.view.View{b65f7f0 V.ED..... ........ 0,0-0,0}, caller=nz$$ExternalSyntheticApiModelOutline0.m:50 igk.a:1 iej.dispatchDraw:115 android.view.View.draw:26345 android.view.View.updateDisplayListIfDirty:25175 
05-02 19:05:58.802   403   403 I View    : setRequestedFrameRate frameRate=NaN, this=iej{d1fcc01 VFED..... ........ 315,0-1540,1530 aid=1073741825}, caller=android.view.ViewGroup.setRequestedFrameRate:9952 nz$$ExternalSyntheticApiModelOutline0.m:50 igk.a:1 iej.dispatchDraw:106 android.view.View.draw:26345 
05-02 19:05:58.802   403   403 I View    : setRequestedFrameRate frameRate=NaN, this=android.view.View{b65f7f0 V.ED..... ........ 0,0-0,0}, caller=nz$$ExternalSyntheticApiModelOutline0.m:50 igk.a:1 iej.dispatchDraw:115 android.view.View.draw:26345 android.view.View.updateDisplayListIfDirty:25175 
05-02 19:05:58.819   403   403 I View    : setRequestedFrameRate frameRate=NaN, this=iej{d1fcc01 VFED..... ........ 315,0-1540,1530 aid=1073741825}, caller=android.view.ViewGroup.setRequestedFrameRate:9952 nz$$ExternalSyntheticApiModelOutline0.m:50 igk.a:1 iej.dispatchDraw:106 android.view.View.draw:26345 
05-02 19:05:58.819   403   403 I View    : setRequestedFrameRate frameRate=NaN, this=android.view.View{b65f7f0 V.ED..... ........ 0,0-0,0}, caller=nz$$ExternalSyntheticApiModelOutline0.m:50 igk.a:1 iej.dispatchDraw:115 android.view.View.draw:26345 android.view.View.updateDisplayListIfDirty:25175 
05-02 19:05:58.836   403   403 I View    : setRequestedFrameRate frameRate=NaN, this=iej{d1fcc01 VFED..... ........ 315,0-1540,1530 aid=1073741825}, caller=android.view.ViewGroup.setRequestedFrameRate:9952 nz$$ExternalSyntheticApiModelOutline0.m:50 igk.a:1 iej.dispatchDraw:106 android.view.View.draw:26345 
05-02 19:05:58.836   403   403 I View    : setRequestedFrameRate frameRate=NaN, this=android.view.View{b65f7f0 V.ED..... ........ 0,0-0,0}, caller=nz$$ExternalSyntheticApiModelOutline0.m:50 igk.a:1 iej.dispatchDraw:115 android.view.View.draw:26345 android.view.View.updateDisplayListIfDirty:25175 
05-02 19:05:58.852   403   403 I View    : setRequestedFrameRate frameRate=NaN, this=iej{d1fcc01 VFED..... ........ 315,0-1540,1530 aid=1073741825}, caller=android.view.ViewGroup.setRequestedFrameRate:9952 nz$$ExternalSyntheticApiModelOutline0.m:50 igk.a:1 iej.dispatchDraw:106 android.view.View.draw:26345 
05-02 19:05:58.852   403   403 I View    : setRequestedFrameRate frameRate=NaN, this=android.view.View{b65f7f0 V.ED..... ........ 0,0-0,0}, caller=nz$$ExternalSyntheticApiModelOutline0.m:50 igk.a:1 iej.dispatchDraw:115 android.view.View.draw:26345 android.view.View.updateDisplayListIfDirty:25175 
05-02 19:05:58.869   403   403 I View    : setRequestedFrameRate frameRate=NaN, this=iej{d1fcc01 VFED..... ........ 315,0-1540,1530 aid=1073741825}, caller=android.view.ViewGroup.setRequestedFrameRate:9952 nz$$ExternalSyntheticApiModelOutline0.m:50 igk.a:1 iej.dispatchDraw:106 android.view.View.draw:26345 
05-02 19:05:58.869   403   403 I View    : setRequestedFrameRate frameRate=NaN, this=android.view.View{b65f7f0 V.ED..... ........ 0,0-0,0}, caller=nz$$ExternalSyntheticApiModelOutline0.m:50 igk.a:1 iej.dispatchDraw:115 android.view.View.draw:26345 android.view.View.updateDisplayListIfDirty:25175 
05-02 19:05:58.880 12016 12069 I system_server: Background young concurrent mark compact GC freed 33MB AllocSpace bytes, 162(3168KB) LOS objects, 15% free, 205MB/242MB, paused 1.434ms,7.121ms total 134.806ms
05-02 19:05:58.883 12016 12071 W System  : A resource failed to call release. 
05-02 19:05:58.885   403   403 I View    : setRequestedFrameRate frameRate=NaN, this=iej{d1fcc01 VFED..... ........ 315,0-1540,1530 aid=1073741825}, caller=android.view.ViewGroup.setRequestedFrameRate:9952 nz$$ExternalSyntheticApiModelOutline0.m:50 igk.a:1 iej.dispatchDraw:106 android.view.View.draw:26345 
05-02 19:05:58.886   403   403 I View    : setRequestedFrameRate frameRate=NaN, this=android.view.View{b65f7f0 V.ED..... ........ 0,0-0,0}, caller=nz$$ExternalSyntheticApiModelOutline0.m:50 igk.a:1 iej.dispatchDraw:115 android.view.View.draw:26345 android.view.View.updateDisplayListIfDirty:25175 
05-02 19:05:58.886 12016 12071 W System  : A resource failed to call release. 
05-02 19:05:58.905   403   403 I View    : setRequestedFrameRate frameRate=NaN, this=iej{d1fcc01 VFED..... ........ 315,0-1540,1530 aid=1073741825}, caller=android.view.ViewGroup.setRequestedFrameRate:9952 nz$$ExternalSyntheticApiModelOutline0.m:50 igk.a:1 iej.dispatchDraw:106 android.view.View.draw:26345 
05-02 19:05:58.905   403   403 I View    : setRequestedFrameRate frameRate=NaN, this=android.view.View{b65f7f0 V.ED..... ........ 0,0-0,0}, caller=nz$$ExternalSyntheticApiModelOutline0.m:50 igk.a:1 iej.dispatchDraw:115 android.view.View.draw:26345 android.view.View.updateDisplayListIfDirty:25175 
05-02 19:05:58.920   403   403 I View    : setRequestedFrameRate frameRate=NaN, this=iej{d1fcc01 VFED..... ........ 315,0-1540,1530 aid=1073741825}, caller=android.view.ViewGroup.setRequestedFrameRate:9952 nz$$ExternalSyntheticApiModelOutline0.m:50 igk.a:1 iej.dispatchDraw:106 android.view.View.draw:26345 
05-02 19:05:58.920   403   403 I View    : setRequestedFrameRate frameRate=NaN, this=android.view.View{b65f7f0 V.ED..... ........ 0,0-0,0}, caller=nz$$ExternalSyntheticApiModelOutline0.m:50 igk.a:1 iej.dispatchDraw:115 android.view.View.draw:26345 android.view.View.updateDisplayListIfDirty:25175 
05-02 19:05:58.938   403   403 I View    : setRequestedFrameRate frameRate=NaN, this=iej{d1fcc01 VFED..... ........ 315,0-1540,1530 aid=1073741825}, caller=android.view.ViewGroup.setRequestedFrameRate:9952 nz$$ExternalSyntheticApiModelOutline0.m:50 igk.a:1 iej.dispatchDraw:106 android.view.View.draw:26345 
05-02 19:05:58.938   403   403 I View    : setRequestedFrameRate frameRate=NaN, this=android.view.View{b65f7f0 V.ED..... ........ 0,0-0,0}, caller=nz$$ExternalSyntheticApiModelOutline0.m:50 igk.a:1 iej.dispatchDraw:115 android.view.View.draw:26345 android.view.View.updateDisplayListIfDirty:25175 
05-02 19:05:58.953   403   403 I View    : setRequestedFrameRate frameRate=NaN, this=iej{d1fcc01 VFED..... ........ 315,0-1540,1530 aid=1073741825}, caller=android.view.ViewGroup.setRequestedFrameRate:9952 nz$$ExternalSyntheticApiModelOutline0.m:50 igk.a:1 iej.dispatchDraw:106 android.view.View.draw:26345 
05-02 19:05:58.953   403   403 I View    : setRequestedFrameRate frameRate=NaN, this=android.view.View{b65f7f0 V.ED..... ........ 0,0-0,0}, caller=nz$$ExternalSyntheticApiModelOutline0.m:50 igk.a:1 iej.dispatchDraw:115 android.view.View.draw:26345 android.view.View.updateDisplayListIfDirty:25175 
05-02 19:05:58.970   403   403 I View    : setRequestedFrameRate frameRate=NaN, this=iej{d1fcc01 VFED..... ........ 315,0-1540,1530 aid=1073741825}, caller=android.view.ViewGroup.setRequestedFrameRate:9952 nz$$ExternalSyntheticApiModelOutline0.m:50 igk.a:1 iej.dispatchDraw:106 android.view.View.draw:26345 
05-02 19:05:58.970   403   403 I View    : setRequestedFrameRate frameRate=NaN, this=android.view.View{b65f7f0 V.ED..... ........ 0,0-0,0}, caller=nz$$ExternalSyntheticApiModelOutline0.m:50 igk.a:1 iej.dispatchDraw:115 android.view.View.draw:26345 android.view.View.updateDisplayListIfDirty:25175 
05-02 19:05:58.986   403   403 I View    : setRequestedFrameRate frameRate=NaN, this=iej{d1fcc01 VFED..... ........ 315,0-1540,1530 aid=1073741825}, caller=android.view.ViewGroup.setRequestedFrameRate:9952 nz$$ExternalSyntheticApiModelOutline0.m:50 igk.a:1 iej.dispatchDraw:106 android.view.View.draw:26345 
05-02 19:05:58.986   403   403 I View    : setRequestedFrameRate frameRate=NaN, this=android.view.View{b65f7f0 V.ED..... ........ 0,0-0,0}, caller=nz$$ExternalSyntheticApiModelOutline0.m:50 igk.a:1 iej.dispatchDraw:115 android.view.View.draw:26345 android.view.View.updateDisplayListIfDirty:25175 
05-02 19:05:59.003   403   403 I View    : setRequestedFrameRate frameRate=NaN, this=iej{d1fcc01 VFED..... ........ 315,0-1540,1530 aid=1073741825}, caller=android.view.ViewGroup.setRequestedFrameRate:9952 nz$$ExternalSyntheticApiModelOutline0.m:50 igk.a:1 iej.dispatchDraw:106 android.view.View.draw:26345 
05-02 19:05:59.003   403   403 I View    : setRequestedFrameRate frameRate=NaN, this=android.view.View{b65f7f0 V.ED..... ........ 0,0-0,0}, caller=nz$$ExternalSyntheticApiModelOutline0.m:50 igk.a:1 iej.dispatchDraw:115 android.view.View.draw:26345 android.view.View.updateDisplayListIfDirty:25175 
05-02 19:05:59.019   403   403 I View    : setRequestedFrameRate frameRate=NaN, this=iej{d1fcc01 VFED..... ........ 315,0-1540,1530 aid=1073741825}, caller=android.view.ViewGroup.setRequestedFrameRate:9952 nz$$ExternalSyntheticApiModelOutline0.m:50 igk.a:1 iej.dispatchDraw:106 android.view.View.draw:26345 
05-02 19:05:59.020   403   403 I View    : setRequestedFrameRate frameRate=NaN, this=android.view.View{b65f7f0 V.ED..... ........ 0,0-0,0}, caller=nz$$ExternalSyntheticApiModelOutline0.m:50 igk.a:1 iej.dispatchDraw:115 android.view.View.draw:26345 android.view.View.updateDisplayListIfDirty:25175 
05-02 19:05:59.036   403   403 I View    : setRequestedFrameRate frameRate=NaN, this=iej{d1fcc01 VFED..... ........ 315,0-1540,1530 aid=1073741825}, caller=android.view.ViewGroup.setRequestedFrameRate:9952 nz$$ExternalSyntheticApiModelOutline0.m:50 igk.a:1 iej.dispatchDraw:106 android.view.View.draw:26345 
05-02 19:05:59.037   403   403 I View    : setRequestedFrameRate frameRate=NaN, this=android.view.View{b65f7f0 V.ED..... ........ 0,0-0,0}, caller=nz$$ExternalSyntheticApiModelOutline0.m:50 igk.a:1 iej.dispatchDraw:115 android.view.View.draw:26345 android.view.View.updateDisplayListIfDirty:25175 
05-02 19:05:59.054   403   403 I View    : setRequestedFrameRate frameRate=NaN, this=iej{d1fcc01 VFED..... ........ 315,0-1540,1530 aid=1073741825}, caller=android.view.ViewGroup.setRequestedFrameRate:9952 nz$$ExternalSyntheticApiModelOutline0.m:50 igk.a:1 iej.dispatchDraw:106 android.view.View.draw:26345 
05-02 19:05:59.055   403   403 I View    : setRequestedFrameRate frameRate=NaN, this=android.view.View{b65f7f0 V.ED..... ........ 0,0-0,0}, caller=nz$$ExternalSyntheticApiModelOutline0.m:50 igk.a:1 iej.dispatchDraw:115 android.view.View.draw:26345 android.view.View.updateDisplayListIfDirty:25175 
05-02 19:05:59.070   403   403 I View    : setRequestedFrameRate frameRate=NaN, this=iej{d1fcc01 VFED..... ........ 315,0-1540,1530 aid=1073741825}, caller=android.view.ViewGroup.setRequestedFrameRate:9952 nz$$ExternalSyntheticApiModelOutline0.m:50 igk.a:1 iej.dispatchDraw:106 android.view.View.draw:26345 
05-02 19:05:59.070   403   403 I View    : setRequestedFrameRate frameRate=NaN, this=android.view.View{b65f7f0 V.ED..... ........ 0,0-0,0}, caller=nz$$ExternalSyntheticApiModelOutline0.m:50 igk.a:1 iej.dispatchDraw:115 android.view.View.draw:26345 android.view.View.updateDisplayListIfDirty:25175 
05-02 19:05:59.086   403   403 I View    : setRequestedFrameRate frameRate=NaN, this=iej{d1fcc01 VFED..... ........ 315,0-1540,1530 aid=1073741825}, caller=android.view.ViewGroup.setRequestedFrameRate:9952 nz$$ExternalSyntheticApiModelOutline0.m:50 igk.a:1 iej.dispatchDraw:106 android.view.View.draw:26345 
05-02 19:05:59.087   403   403 I View    : setRequestedFrameRate frameRate=NaN, this=android.view.View{b65f7f0 V.ED..... ........ 0,0-0,0}, caller=nz$$ExternalSyntheticApiModelOutline0.m:50 igk.a:1 iej.dispatchDraw:115 android.view.View.draw:26345 android.view.View.updateDisplayListIfDirty:25175 
05-02 19:05:59.103   403   403 I View    : setRequestedFrameRate frameRate=NaN, this=iej{d1fcc01 VFED..... ........ 315,0-1540,1530 aid=1073741825}, caller=android.view.ViewGroup.setRequestedFrameRate:9952 nz$$ExternalSyntheticApiModelOutline0.m:50 igk.a:1 iej.dispatchDraw:106 android.view.View.draw:26345 
05-02 19:05:59.103   403   403 I View    : setRequestedFrameRate frameRate=NaN, this=android.view.View{b65f7f0 V.ED..... ........ 0,0-0,0}, caller=nz$$ExternalSyntheticApiModelOutline0.m:50 igk.a:1 iej.dispatchDraw:115 android.view.View.draw:26345 android.view.View.updateDisplayListIfDirty:25175 
05-02 19:05:59.119   403   403 I View    : setRequestedFrameRate frameRate=NaN, this=iej{d1fcc01 VFED..... ........ 315,0-1540,1530 aid=1073741825}, caller=android.view.ViewGroup.setRequestedFrameRate:9952 nz$$ExternalSyntheticApiModelOutline0.m:50 igk.a:1 iej.dispatchDraw:106 android.view.View.draw:26345 
05-02 19:05:59.120   403   403 I View    : setRequestedFrameRate frameRate=NaN, this=android.view.View{b65f7f0 V.ED..... ........ 0,0-0,0}, caller=nz$$ExternalSyntheticApiModelOutline0.m:50 igk.a:1 iej.dispatchDraw:115 android.view.View.draw:26345 android.view.View.updateDisplayListIfDirty:25175 
05-02 19:05:59.136   403   403 I View    : setRequestedFrameRate frameRate=NaN, this=iej{d1fcc01 VFED..... ........ 315,0-1540,1530 aid=1073741825}, caller=android.view.ViewGroup.setRequestedFrameRate:9952 nz$$ExternalSyntheticApiModelOutline0.m:50 igk.a:1 iej.dispatchDraw:106 android.view.View.draw:26345 
05-02 19:05:59.136   403   403 I View    : setRequestedFrameRate frameRate=NaN, this=android.view.View{b65f7f0 V.ED..... ........ 0,0-0,0}, caller=nz$$ExternalSyntheticApiModelOutline0.m:50 igk.a:1 iej.dispatchDraw:115 android.view.View.draw:26345 android.view.View.updateDisplayListIfDirty:25175 
05-02 19:05:59.154   403   403 I View    : setRequestedFrameRate frameRate=NaN, this=iej{d1fcc01 VFED..... ........ 315,0-1540,1530 aid=1073741825}, caller=android.view.ViewGroup.setRequestedFrameRate:9952 nz$$ExternalSyntheticApiModelOutline0.m:50 igk.a:1 iej.dispatchDraw:106 android.view.View.draw:26345 
05-02 19:05:59.154   403   403 I View    : setRequestedFrameRate frameRate=NaN, this=android.view.View{b65f7f0 V.ED..... ........ 0,0-0,0}, caller=nz$$ExternalSyntheticApiModelOutline0.m:50 igk.a:1 iej.dispatchDraw:115 android.view.View.draw:26345 android.view.View.updateDisplayListIfDirty:25175 
05-02 19:05:59.170   403   403 I View    : setRequestedFrameRate frameRate=NaN, this=iej{d1fcc01 VFED..... ........ 315,0-1540,1530 aid=1073741825}, caller=android.view.ViewGroup.setRequestedFrameRate:9952 nz$$ExternalSyntheticApiModelOutline0.m:50 igk.a:1 iej.dispatchDraw:106 android.view.View.draw:26345 
05-02 19:05:59.170   403   403 I View    : setRequestedFrameRate frameRate=NaN, this=android.view.View{b65f7f0 V.ED..... ........ 0,0-0,0}, caller=nz$$ExternalSyntheticApiModelOutline0.m:50 igk.a:1 iej.dispatchDraw:115 android.view.View.draw:26345 android.view.View.updateDisplayListIfDirty:25175 
05-02 19:05:59.186   403   403 I View    : setRequestedFrameRate frameRate=NaN, this=iej{d1fcc01 VFED..... ........ 315,0-1540,1530 aid=1073741825}, caller=android.view.ViewGroup.setRequestedFrameRate:9952 nz$$ExternalSyntheticApiModelOutline0.m:50 igk.a:1 iej.dispatchDraw:106 android.view.View.draw:26345 
05-02 19:05:59.187   403   403 I View    : setRequestedFrameRate frameRate=NaN, this=android.view.View{b65f7f0 V.ED..... ........ 0,0-0,0}, caller=nz$$ExternalSyntheticApiModelOutline0.m:50 igk.a:1 iej.dispatchDraw:115 android.view.View.draw:26345 android.view.View.updateDisplayListIfDirty:25175 
05-02 19:05:59.203   403   403 I View    : setRequestedFrameRate frameRate=NaN, this=iej{d1fcc01 VFED..... ........ 315,0-1540,1530 aid=1073741825}, caller=android.view.ViewGroup.setRequestedFrameRate:9952 nz$$ExternalSyntheticApiModelOutline0.m:50 igk.a:1 iej.dispatchDraw:106 android.view.View.draw:26345 
05-02 19:05:59.203   403   403 I View    : setRequestedFrameRate frameRate=NaN, this=android.view.View{b65f7f0 V.ED..... ........ 0,0-0,0}, caller=nz$$ExternalSyntheticApiModelOutline0.m:50 igk.a:1 iej.dispatchDraw:115 android.view.View.draw:26345 android.view.View.updateDisplayListIfDirty:25175 
05-02 19:05:59.219   403   403 I View    : setRequestedFrameRate frameRate=NaN, this=iej{d1fcc01 VFED..... ........ 315,0-1540,1530 aid=1073741825}, caller=android.view.ViewGroup.setRequestedFrameRate:9952 nz$$ExternalSyntheticApiModelOutline0.m:50 igk.a:1 iej.dispatchDraw:106 android.view.View.draw:26345 
05-02 19:05:59.220   403   403 I View    : setRequestedFrameRate frameRate=NaN, this=android.view.View{b65f7f0 V.ED..... ........ 0,0-0,0}, caller=nz$$ExternalSyntheticApiModelOutline0.m:50 igk.a:1 iej.dispatchDraw:115 android.view.View.draw:26345 android.view.View.updateDisplayListIfDirty:25175 
05-02 19:05:59.236   403   403 I View    : setRequestedFrameRate frameRate=NaN, this=iej{d1fcc01 VFED..... ........ 315,0-1540,1530 aid=1073741825}, caller=android.view.ViewGroup.setRequestedFrameRate:9952 nz$$ExternalSyntheticApiModelOutline0.m:50 igk.a:1 iej.dispatchDraw:106 android.view.View.draw:26345 
05-02 19:05:59.236   403   403 I View    : setRequestedFrameRate frameRate=NaN, this=android.view.View{b65f7f0 V.ED..... ........ 0,0-0,0}, caller=nz$$ExternalSyntheticApiModelOutline0.m:50 igk.a:1 iej.dispatchDraw:115 android.view.View.draw:26345 android.view.View.updateDisplayListIfDirty:25175 
05-02 19:05:59.254   403   403 I View    : setRequestedFrameRate frameRate=NaN, this=iej{d1fcc01 VFED..... ........ 315,0-1540,1530 aid=1073741825}, caller=android.view.ViewGroup.setRequestedFrameRate:9952 nz$$ExternalSyntheticApiModelOutline0.m:50 igk.a:1 iej.dispatchDraw:106 android.view.View.draw:26345 
05-02 19:05:59.254   403   403 I View    : setRequestedFrameRate frameRate=NaN, this=android.view.View{b65f7f0 V.ED..... ........ 0,0-0,0}, caller=nz$$ExternalSyntheticApiModelOutline0.m:50 igk.a:1 iej.dispatchDraw:115 android.view.View.draw:26345 android.view.View.updateDisplayListIfDirty:25175 
05-02 19:05:59.269   403   403 I View    : setRequestedFrameRate frameRate=NaN, this=iej{d1fcc01 VFED..... ........ 315,0-1540,1530 aid=1073741825}, caller=android.view.ViewGroup.setRequestedFrameRate:9952 nz$$ExternalSyntheticApiModelOutline0.m:50 igk.a:1 iej.dispatchDraw:106 android.view.View.draw:26345 
05-02 19:05:59.270   403   403 I View    : setRequestedFrameRate frameRate=NaN, this=android.view.View{b65f7f0 V.ED..... ........ 0,0-0,0}, caller=nz$$ExternalSyntheticApiModelOutline0.m:50 igk.a:1 iej.dispatchDraw:115 android.view.View.draw:26345 android.view.View.updateDisplayListIfDirty:25175 
05-02 19:05:59.280  2455  2455 I CNSS    : /sys/wifi/max_chipset_log_size doesn't exist
05-02 19:05:59.286   403   403 I View    : setRequestedFrameRate frameRate=NaN, this=iej{d1fcc01 VFED..... ........ 315,0-1540,1530 aid=1073741825}, caller=android.view.ViewGroup.setRequestedFrameRate:9952 nz$$ExternalSyntheticApiModelOutline0.m:50 igk.a:1 iej.dispatchDraw:106 android.view.View.draw:26345 
05-02 19:05:59.287   403   403 I View    : setRequestedFrameRate frameRate=NaN, this=android.view.View{b65f7f0 V.ED..... ........ 0,0-0,0}, caller=nz$$ExternalSyntheticApiModelOutline0.m:50 igk.a:1 iej.dispatchDraw:115 android.view.View.draw:26345 android.view.View.updateDisplayListIfDirty:25175 
05-02 19:05:59.304   403   403 I View    : setRequestedFrameRate frameRate=NaN, this=iej{d1fcc01 VFED..... ........ 315,0-1540,1530 aid=1073741825}, caller=android.view.ViewGroup.setRequestedFrameRate:9952 nz$$ExternalSyntheticApiModelOutline0.m:50 igk.a:1 iej.dispatchDraw:106 android.view.View.draw:26345 
05-02 19:05:59.304   403   403 I View    : setRequestedFrameRate frameRate=NaN, this=android.view.View{b65f7f0 V.ED..... ........ 0,0-0,0}, caller=nz$$ExternalSyntheticApiModelOutline0.m:50 igk.a:1 iej.dispatchDraw:115 android.view.View.draw:26345 android.view.View.updateDisplayListIfDirty:25175 
05-02 19:05:59.305 12016 15969 D SemWifiUsabilityStatsMonitor: onWifiUsabilityStats - seqNum 53905, isSameBssidAndFreq true
05-02 19:05:59.306 12016 12551 E SemWifiLinkQualityMonitor: Too old or invalid TMI: currentTime=1777763159306 lastDateWindow=1777757191000
05-02 19:05:59.307 12016 12552 D InsDataManager: onOutageCountUpdate() - Outage Data: 0, LQ : N. Outage Triggered: false
05-02 19:05:59.308 12016 12552 D SemInsManager: {"bssid": "b9eadb505745","rssi": -35.0,"latency": 0.0,"outage_count": 0,"lq_callback_triggered": false,"outage_log": "Unreliable statistics: -35.0 / 0 / 0 / 0 / 5 || b9eadb505745: 0.000 / 0.000 / @ || N N / 0 0 / N 103.0 / N X 1 / 523273097 0 || 2026-05-02 17:26:31  / 0: 0 0 0 0 0 0 / 0: 0 0 0 0 0 0 / 0: 0 0 0 0 0 0""Magnetic Sensor Events size": "0""Pressure Sensor Events size": "0"}
05-02 19:05:59.319   403   403 I View    : setRequestedFrameRate frameRate=NaN, this=iej{d1fcc01 VFED..... ........ 315,0-1540,1530 aid=1073741825}, caller=android.view.ViewGroup.setRequestedFrameRate:9952 nz$$ExternalSyntheticApiModelOutline0.m:50 igk.a:1 iej.dispatchDraw:106 android.view.View.draw:26345 
05-02 19:05:59.320   403   403 I View    : setRequestedFrameRate frameRate=NaN, this=android.view.View{b65f7f0 V.ED..... ........ 0,0-0,0}, caller=nz$$ExternalSyntheticApiModelOutline0.m:50 igk.a:1 iej.dispatchDraw:115 android.view.View.draw:26345 android.view.View.updateDisplayListIfDirty:25175 
05-02 19:05:59.328 12016 12569 D SGM:GameManager: identifyGamePackage. com.android.vending, mCurrentUserId: 0, callingMethodInfo: com.samsung.android.game.SemGameManager.isGamePackage(SemGameManager.java:106)
05-02 19:05:59.329 12016 12569 D SGM:SemGameManager: isGamePackage(), pkgName=com.android.vending, ret=false
05-02 19:05:59.337   403   403 I View    : setRequestedFrameRate frameRate=NaN, this=iej{d1fcc01 VFED..... ........ 315,0-1540,1530 aid=1073741825}, caller=android.view.ViewGroup.setRequestedFrameRate:9952 nz$$ExternalSyntheticApiModelOutline0.m:50 igk.a:1 iej.dispatchDraw:106 android.view.View.draw:26345 
05-02 19:05:59.337   403   403 I View    : setRequestedFrameRate frameRate=NaN, this=android.view.View{b65f7f0 V.ED..... ........ 0,0-0,0}, caller=nz$$ExternalSyntheticApiModelOutline0.m:50 igk.a:1 iej.dispatchDraw:115 android.view.View.draw:26345 android.view.View.updateDisplayListIfDirty:25175 
05-02 19:05:59.354   403   403 I View    : setRequestedFrameRate frameRate=NaN, this=iej{d1fcc01 VFED..... ........ 315,0-1540,1530 aid=1073741825}, caller=android.view.ViewGroup.setRequestedFrameRate:9952 nz$$ExternalSyntheticApiModelOutline0.m:50 igk.a:1 iej.dispatchDraw:106 android.view.View.draw:26345 
05-02 19:05:59.354   403   403 I View    : setRequestedFrameRate frameRate=NaN, this=android.view.View{b65f7f0 V.ED..... ........ 0,0-0,0}, caller=nz$$ExternalSyntheticApiModelOutline0.m:50 igk.a:1 iej.dispatchDraw:115 android.view.View.draw:26345 android.view.View.updateDisplayListIfDirty:25175 
05-02 19:05:59.370   403   403 I View    : setRequestedFrameRate frameRate=NaN, this=iej{d1fcc01 VFED..... ........ 315,0-1540,1530 aid=1073741825}, caller=android.view.ViewGroup.setRequestedFrameRate:9952 nz$$ExternalSyntheticApiModelOutline0.m:50 igk.a:1 iej.dispatchDraw:106 android.view.View.draw:26345 
05-02 19:05:59.370   403   403 I View    : setRequestedFrameRate frameRate=NaN, this=android.view.View{b65f7f0 V.ED..... ........ 0,0-0,0}, caller=nz$$ExternalSyntheticApiModelOutline0.m:50 igk.a:1 iej.dispatchDraw:115 android.view.View.draw:26345 android.view.View.updateDisplayListIfDirty:25175 
05-02 19:05:59.386   403   403 I View    : setRequestedFrameRate frameRate=NaN, this=iej{d1fcc01 VFED..... ........ 315,0-1540,1530 aid=1073741825}, caller=android.view.ViewGroup.setRequestedFrameRate:9952 nz$$ExternalSyntheticApiModelOutline0.m:50 igk.a:1 iej.dispatchDraw:106 android.view.View.draw:26345 
05-02 19:05:59.387   403   403 I View    : setRequestedFrameRate frameRate=NaN, this=android.view.View{b65f7f0 V.ED..... ........ 0,0-0,0}, caller=nz$$ExternalSyntheticApiModelOutline0.m:50 igk.a:1 iej.dispatchDraw:115 android.view.View.draw:26345 android.view.View.updateDisplayListIfDirty:25175 
05-02 19:05:59.403   403   403 I View    : setRequestedFrameRate frameRate=NaN, this=iej{d1fcc01 VFED..... ........ 315,0-1540,1530 aid=1073741825}, caller=android.view.ViewGroup.setRequestedFrameRate:9952 nz$$ExternalSyntheticApiModelOutline0.m:50 igk.a:1 iej.dispatchDraw:106 android.view.View.draw:26345 
05-02 19:05:59.403   403   403 I View    : setRequestedFrameRate frameRate=NaN, this=android.view.View{b65f7f0 V.ED..... ........ 0,0-0,0}, caller=nz$$ExternalSyntheticApiModelOutline0.m:50 igk.a:1 iej.dispatchDraw:115 android.view.View.draw:26345 android.view.View.updateDisplayListIfDirty:25175 
05-02 19:05:59.409  2145  2204 E HeatmapThread: ECT Thread time in milliseconds: 1777763159
05-02 19:05:59.415  2145  2204 D HeatmapThread: !@ batteryplugType : 2
