05-02 19:06:03.361 12016 14774 V WindowManager: Collecting in transition 5480: Task{d83b23d #2774 type=standard I=com.android.vending/com.google.android.finsky.protectdialogs.activity.PlayProtectDialogsActivity}, caller=com.android.server.wm.Transition.collectExistenceChange:40 com.android.server.wm.Transition.collectClose:7 com.android.server.wm.ActivityRecord.finishIfPossible:72 com.android.server.wm.ActivityClientController.finishActivity:268 android.app.IActivityClientController$Stub.onTransact:840 
05-02 19:06:03.361 12016 14774 D WindowManager: prepareSync <SYNC_STATE_WAITING_FOR_DRAW>, mPrepareSyncSeqId=0, win=Window{72c1a1c u0 com.android.vending/com.google.android.finsky.protectdialogs.activity.PlayProtectDialogsActivity}
05-02 19:06:03.361 12016 14774 D WindowManager: prepareSync <SYNC_STATE_WAITING_FOR_DRAW>, mPrepareSyncSeqId=0, win=Window{9e6dfbb u0 com.android.vending/com.google.android.finsky.protectdialogs.activity.PlayProtectDialogsActivity}
05-02 19:06:03.362 12716 12801 V WindowManagerShell: Transition requested (#5480): android.os.BinderProxy@9aef579 TransitionRequestInfo { type = CLOSE, triggerTask = TaskInfo{userId=0 taskId=2774 effectiveUid=10259 displayId=0 isRunning=false baseIntent=Intent { flg=0x10800000 cmp=com.android.vending/com.google.android.finsky.protectdialogs.activity.PlayProtectDialogsActivity } baseActivity=null topActivity=null origActivity=null realActivity=ComponentInfo{com.android.vending/com.google.android.finsky.protectdialogs.activity.PlayProtectDialogsActivity} numActivities=0 lastActiveTime=1076494923 supportsMultiWindow=true resizeMode=1 isResizeable=true minWidth=-1 minHeight=-1 maxWidth=-1 maxHeight=-1 defaultMinSize=220 desktopDefaultMinSize=304 token=WCT{android.window.IWindowContainerToken$Stub$Proxy@2df92be} topActivityType=1 pictureInPictureParams=null shouldDockBigOverlays=false launchIntoPipHostTaskId=-1 lastParentTaskIdBeforePip=-1 displayCutoutSafeInsets=Rect(0, 0 - 0, 0) topActivityInfo=null launchCookies=[] positionInParent=Point(0, 0) parentTaskId=-1 isFocused=true isVisible=true isVisibleRequested=true isTopActivityNoDisplay=false isSleeping=false locusId=null displayAreaFeatureId=1 isTopActivityTransparent=false isActivityStackTransparent=true lastNonFullscreenBounds=Rect(511, 566 - 1346, 1538) capturedLink=null capturedLinkTimestamp=0 requestedVisibleTypes=-9 topActivityRequestOpenInBrowserEducationTimestamp=0 appCompatTaskInfo=AppCompatTaskInfo { topActivityInSizeCompat=false eligibleForLetterboxEducation= false isLetterboxEducationEnabled= false isLetterboxDoubleTapEnabled= false eligibleForUserAspectRatioButton= false topActivityBoundsLetterboxed= false isFromLetterboxDoubleTap= false topActivityLetterboxVerticalPosition= -1 topActivityLetterboxHorizontalPosition= -1 topActivityLetterboxWidth=-1 topActivityLetterboxHeight=-1 topActivityAppBounds=Rect(0, 0 - 0, 0) isUserFullscreenOverrideEnabled=false isSystemFullscreenOverrideEnabled=false hasMinAspectRatioOverride=false topActivityLetterboxBounds=null cameraCompatTaskInfo=CameraCompatTaskInfo { freeformCameraCompatMode=undefined} topActivityBounds=null topActivityInDisplayCompat=false singleTapFromLetterbox=false} topActivityMainWindowFrame=null originallySupportedMultiWindow=true hasWallpaper=false rootAffinity=null isTopTaskInStage=false CoverLauncherWidgetTask=false LaunchedFromAppsCoverLauncherTask=false LaunchedFromMultistarCoverLauncherTask=false isAllowedSeamlessRotation=false isTopTransparentActivity=true isAliasManaged=false hasConfigChanged=false snappingGuideBounds=null isAiKeyRemoveAppTask=false lastDesktopWindowingBounds=null lastExternalDesktopWindowingBounds=null isTranslucentTask=true isTopFullScreenWindow=true isFullSizeWindow=true safeCutoutInsets=Rect(-100000, 84 - 100000, 100000)}, pipChange = null, remoteTransition = null, displayChange = null, flags = 0, debugId = 5480 }
05-02 19:06:03.362 12016 14774 D ActivityTaskManager: scheduleTopResumedActivityChanged, onTop=false, r=ActivityRecord{20102667 u0 com.android.vending/com.google.android.finsky.protectdialogs.activity.PlayProtectDialogsActivity t2774 f}}, caller=com.android.server.wm.ActivityTaskSupervisor.scheduleTopResumedActivityStateLossIfNeeded:19 com.android.server.wm.ActivityTaskSupervisor.updateTopResumedActivityIfNeeded:20 com.android.server.wm.TaskDisplayArea.positionChildAt:252 com.android.server.wm.Task.moveToFront:40 com.android.server.wm.Task.adjustFocusToNextFocusableTask:171 com.android.server.wm.ActivityRecord.finishIfPossible:114 
05-02 19:06:03.362 12716 12801 V ShellDesktopMode: DesktopTasksController: isDesktopModeShowing: hasVisibleTasks=false hasTopTransparentFullscreenTask=false
05-02 19:06:03.362 12716 12801 V ShellDesktopMode: DesktopTasksController: isDesktopModeShowing: hasVisibleTasks=false hasTopTransparentFullscreenTask=false
05-02 19:06:03.362 12716 12801 D ShellDesktopMode: handleRequest: TransitionRequestInfo {type=2, tid=2774, debugId=5480}
05-02 19:06:03.362 12716 12801 V ShellDesktopMode: DesktopTasksController: skipping handleRequest reason=transition type not handled (2)
05-02 19:06:03.362 12016 14774 V WindowManager: Collecting in transition 5480: ActivityRecord{20102667 u0 com.android.vending/com.google.android.finsky.protectdialogs.activity.PlayProtectDialogsActivity t2774 f}}, caller=com.android.server.wm.TransitionController.collect:7 com.android.server.wm.ActivityRecord.setVisibility:132 com.android.server.wm.ActivityRecord.finishIfPossible:130 com.android.server.wm.ActivityClientController.finishActivity:268 android.app.IActivityClientController$Stub.onTransact:840 
05-02 19:06:03.364 12016 14774 D SurfaceComposerClient: setCornerRadius ## 603d293 com.google.android.packageinstaller/com.android.packageinstaller.InstallInstalling#219665 cornerRadius=0.000000
05-02 19:06:03.364 12016 14774 D SurfaceComposerClient: setCornerRadius ## dda60c1 com.google.android.packageinstaller/com.android.packageinstaller.DeleteStagedFileOnResult#219631 cornerRadius=0.000000
05-02 19:06:03.364 12016 14774 D SurfaceComposerClient: setCornerRadius ## 151eaa4 com.pocketnode.app/com.pocketnode.app.MainActivity#219578 cornerRadius=0.000000
05-02 19:06:03.364 12016 14774 D SurfaceControl: restrictHighRefreshRate, enabled=false
05-02 19:06:03.364  2153  4275 I SurfaceFlinger: HRR : 0
05-02 19:06:03.365 12016 12016 I WindowManager: Relayout Window{be2c175 u0 android}: viewVisibility=8 req=248x248 ty=2006 d0
05-02 19:06:03.365 12016 12016 E WindowManager: win=Window{be2c175 u0 android} destroySurfaces: appStopped=true cleanupOnResume=false win.mWindowRemovalAllowed=false win.mRemoveOnExit=false win.mViewVisibility=8 caller=com.android.server.wm.WindowManagerService.tryStartExitingAnimation:134 com.android.server.wm.WindowManagerService.relayoutWindow:1213 com.android.server.wm.Session.relayout:27 android.view.ViewRootImpl.relayoutWindow:11593 android.view.ViewRootImpl.performTraversals:4804 android.view.ViewRootImpl.doTraversal:3924 android.view.ViewRootImpl$TraversalRunnable.run:12903 
05-02 19:06:03.365 12016 12016 D SurfaceComposerClient: setCornerRadius ## 603d293 com.google.android.packageinstaller/com.android.packageinstaller.InstallInstalling#219665 cornerRadius=0.000000
05-02 19:06:03.365 12016 12016 D SurfaceComposerClient: setCornerRadius ## dda60c1 com.google.android.packageinstaller/com.android.packageinstaller.DeleteStagedFileOnResult#219631 cornerRadius=0.000000
05-02 19:06:03.365 12016 12016 D SurfaceComposerClient: setCornerRadius ## 151eaa4 com.pocketnode.app/com.pocketnode.app.MainActivity#219578 cornerRadius=0.000000
05-02 19:06:03.366 12016 12016 D SurfaceComposerClient: setCornerRadius ## 603d293 com.google.android.packageinstaller/com.android.packageinstaller.InstallInstalling#219665 cornerRadius=0.000000
05-02 19:06:03.366 12016 12016 D SurfaceComposerClient: setCornerRadius ## dda60c1 com.google.android.packageinstaller/com.android.packageinstaller.DeleteStagedFileOnResult#219631 cornerRadius=0.000000
05-02 19:06:03.366 12016 12016 D SurfaceComposerClient: setCornerRadius ## 151eaa4 com.pocketnode.app/com.pocketnode.app.MainActivity#219578 cornerRadius=0.000000
05-02 19:06:03.366   403   403 I View    : setRequestedFrameRate frameRate=NaN, this=iej{d1fcc01 VFED..... ........ 315,0-1540,1511 aid=1073741825}, caller=android.view.ViewGroup.setRequestedFrameRate:9952 nz$$ExternalSyntheticApiModelOutline0.m:50 igk.a:1 iej.dispatchDraw:106 android.view.View.draw:26345 
05-02 19:06:03.366   403   403 I View    : setRequestedFrameRate frameRate=NaN, this=android.view.View{b65f7f0 V.ED..... ........ 0,0-0,0}, caller=nz$$ExternalSyntheticApiModelOutline0.m:50 igk.a:1 iej.dispatchDraw:115 android.view.View.draw:26345 android.view.View.updateDisplayListIfDirty:25175 
05-02 19:06:03.366 12016 12016 D WindowManager: Changing focus from Window{72c1a1c u0 com.android.vending/com.google.android.finsky.protectdialogs.activity.PlayProtectDialogsActivity} to Window{8ecf159 u0 com.google.android.packageinstaller/com.android.packageinstaller.InstallInstalling} displayId=0 Callers=com.android.server.wm.WindowManagerService.relayoutWindow:1422 com.android.server.wm.Session.relayout:27 android.view.ViewRootImpl.relayoutWindow:11593 android.view.ViewRootImpl.performTraversals:4804 
05-02 19:06:03.367 12016 12016 I WindowManager: Cancelling animation restarting=true, leash=Surface(name=Surface(name=7c00331 NavigationBar0)/@0x9c938e4 - animation-leash of insets_animation)/@0x81ab852
05-02 19:06:03.367 12016 12016 I WindowManager: Reparenting to original parent: Surface(name=WindowToken{a8fe3d8 type=2019 android.os.BinderProxy@ee6734a})/@0xe5ae14d, destroy=false, surface=Surface(name=7c00331 NavigationBar0)/@0x9c938e4
05-02 19:06:03.367 12016 12016 I WindowManager: Reparenting to leash, surface=Surface(name=7c00331 NavigationBar0)/@0x9c938e4, leashParent=Surface(name=WindowToken{a8fe3d8 type=2019 android.os.BinderProxy@ee6734a})/@0xe5ae14d
05-02 19:06:03.367  2153  4275 I SurfaceFlinger: id=219692 createSurf, flag=24000, Surface(name=7c00331 NavigationBar0)/@0x9c938e4 - animation-leash of insets_animation#219692
05-02 19:06:03.367 12016 12016 D WindowManager: makeSurface duration=1 leash=Surface(name=Surface(name=7c00331 NavigationBar0)/@0x9c938e4 - animation-leash of insets_animation)/@0xa359642
05-02 19:06:03.367 12016 12016 D InsetsSourceProvider: updateControlForTarget: control=InsetsSourceControl: {3fa80001 mType=navigationBars initiallyVisible mSurfacePosition=Point(0, 2285) mInsetsHint=Insets{left=0, top=0, right=0, bottom=149}}, target=Window{8ecf159 u0 com.google.android.packageinstaller/com.android.packageinstaller.InstallInstalling}, from=com.android.server.wm.InsetsStateController.onControlTargetChanged:83 com.android.server.wm.InsetsPolicy.updateBarControlTarget:225 com.android.server.wm.DisplayPolicy.updateSystemBarAttributes:262 com.android.server.wm.WindowManagerService.updateFocusedWindowLocked:372 com.android.server.wm.WindowManagerService.relayoutWindow:1422 
05-02 19:06:03.367  2153  2153 I SurfaceFlinger: [LayerHierarchy{RequestedLayerState{#219691} no children}] reparent to OffscreenRoot
05-02 19:06:03.367  2153  2153 I SurfaceFlinger: [LayerHierarchy{RequestedLayerState{#219691} no children}] RelativeParent to null
05-02 19:06:03.367  2153  2153 I SurfaceFlinger: [Surface(name=7c00331 NavigationBar0)/@0x9c938e4 - animation-leash of insets_animation#219692] attach to parent LayerHierarchy{RequestedLayerState{WindowToken{a8fe3d8 type=2019 android.os.BinderProxy@ee6734a}#102852 parentId=102768} 2 children}
05-02 19:06:03.368 12016 12016 I WindowManager: Cancelling animation restarting=true, leash=Surface(name=Surface(name=a81d755 StatusBar)/@0xf64d113 - animation-leash of insets_animation)/@0x1970420
05-02 19:06:03.368 12016 12016 I WindowManager: Reparenting to original parent: Surface(name=WindowToken{4c9a20c type=2000 android.os.BinderProxy@37cf15e})/@0xd52ff50, destroy=false, surface=Surface(name=a81d755 StatusBar)/@0xf64d113
05-02 19:06:03.368 12016 12016 I WindowManager: Reparenting to leash, surface=Surface(name=a81d755 StatusBar)/@0xf64d113, leashParent=Surface(name=WindowToken{4c9a20c type=2000 android.os.BinderProxy@37cf15e})/@0xd52ff50
05-02 19:06:03.368  2153  2345 I SurfaceFlinger: id=219693 createSurf, flag=24000, Surface(name=a81d755 StatusBar)/@0xf64d113 - animation-leash of insets_animation#219693
05-02 19:06:03.368 12016 12016 D WindowManager: makeSurface duration=1 leash=Surface(name=Surface(name=a81d755 StatusBar)/@0xf64d113 - animation-leash of insets_animation)/@0x9fe6b90
05-02 19:06:03.368   403  3825 W qdgralloc: getInterlacedFlag: getMetaData returned 3, defaulting to interlaced_flag = 0
05-02 19:06:03.368 12016 12016 D InsetsSourceProvider: updateControlForTarget: control=InsetsSourceControl: {25440000 mType=statusBars initiallyVisible mSurfacePosition=Point(0, 0) mInsetsHint=Insets{left=0, top=94, right=0, bottom=0}}, target=Window{8ecf159 u0 com.google.android.packageinstaller/com.android.packageinstaller.InstallInstalling}, from=com.android.server.wm.InsetsStateController.onControlTargetChanged:83 com.android.server.wm.InsetsPolicy.updateBarControlTarget:212 com.android.server.wm.DisplayPolicy.updateSystemBarAttributes:262 com.android.server.wm.WindowManagerService.updateFocusedWindowLocked:372 com.android.server.wm.WindowManagerService.relayoutWindow:1422 
05-02 19:06:03.368 12016 12016 I WindowManager: Cancelling animation restarting=true, leash=Surface(name=Surface(name=744db6d TaskbarWindow)/@0xa5e2c46 - animation-leash of insets_animation)/@0xf88079e
05-02 19:06:03.368 12016 12016 I WindowManager: Reparenting to original parent: Surface(name=WindowToken{7d44784 type=2024 android.os.BinderProxy@314bbbf})/@0xfba5e07, destroy=false, surface=Surface(name=744db6d TaskbarWindow)/@0xa5e2c46
05-02 19:06:03.368 12016 12016 I WindowManager: Reparenting to leash, surface=Surface(name=744db6d TaskbarWindow)/@0xa5e2c46, leashParent=Surface(name=WindowToken{7d44784 type=2024 android.os.BinderProxy@314bbbf})/@0xfba5e07
05-02 19:06:03.368  2153  2763 I SurfaceFlinger: id=219694 createSurf, flag=24000, Surface(name=744db6d TaskbarWindow)/@0xa5e2c46 - animation-leash of insets_animation#219694
05-02 19:06:03.369 12016 12016 D WindowManager: makeSurface duration=0 leash=Surface(name=Surface(name=744db6d TaskbarWindow)/@0xa5e2c46 - animation-leash of insets_animation)/@0xb0ad48e
05-02 19:06:03.369 12016 12016 D InsetsSourceProvider: updateControlForTarget: control=InsetsSourceControl: {e520001 mType=navigationBars initiallyVisible mSurfacePosition=Point(0, 2011) mInsetsHint=Insets{left=0, top=0, right=0, bottom=149}}, target=Window{8ecf159 u0 com.google.android.packageinstaller/com.android.packageinstaller.InstallInstalling}, from=com.android.server.wm.InsetsStateController.onControlTargetChanged:83 com.android.server.wm.InsetsPolicy.updateBarControlTarget:225 com.android.server.wm.DisplayPolicy.updateSystemBarAttributes:262 com.android.server.wm.WindowManagerService.updateFocusedWindowLocked:372 com.android.server.wm.WindowManagerService.relayoutWindow:1422 
05-02 19:06:03.369 12016 12016 D WindowManager: updateSystemBarAttributes: displayId=0, focusedCanBeNavColorWin=false, win=Window{8ecf159 u0 com.google.android.packageinstaller/com.android.packageinstaller.InstallInstalling}, navColorWin=Window{8ecf159 u0 com.google.android.packageinstaller/com.android.packageinstaller.InstallInstalling}, caller=com.android.server.wm.WindowManagerService.updateFocusedWindowLocked:372 com.android.server.wm.WindowManagerService.relayoutWindow:1422 com.android.server.wm.Session.relayout:27 
05-02 19:06:03.369 12016 12016 D WindowManager: updateSystemBarAttributes, bhv=1, apr=0, statusBarAprRegions=[AppearanceRegion{ bounds=[0,0][1856,2160]}], requestedVisibilities=-9
05-02 19:06:03.369 12016 12016 V SystemKeyManager: updateFocusedWindow() is called, com.google.android.packageinstaller/com.android.packageinstaller.InstallInstalling
05-02 19:06:03.369 12016 12016 I SystemKeyManager: requested systemKeyInfo size=1 focusedWindow=com.google.android.packageinstaller/com.android.packageinstaller.InstallInstalling
05-02 19:06:03.369 12016 12016 I SystemKeyManager: requested systemKeyInfo size=1 focusedWindow=com.google.android.packageinstaller/com.android.packageinstaller.InstallInstalling
05-02 19:06:03.369 12016 14775 V WindowManager: Starting Transition 5480, caller=com.android.server.wm.WindowOrganizerController.startTransition:47 com.android.server.wm.WindowOrganizerController.startTransition:1 android.window.IWindowOrganizerController$Stub.onTransact:259 
05-02 19:06:03.370 12016 12137 D SurfaceComposerClient: setCornerRadius ## 603d293 com.google.android.packageinstaller/com.android.packageinstaller.InstallInstalling#219665 cornerRadius=0.000000
05-02 19:06:03.370 12016 12137 D SurfaceComposerClient: setCornerRadius ## dda60c1 com.google.android.packageinstaller/com.android.packageinstaller.DeleteStagedFileOnResult#219631 cornerRadius=0.000000
05-02 19:06:03.370 12016 12137 D SurfaceComposerClient: setCornerRadius ## 151eaa4 com.pocketnode.app/com.pocketnode.app.MainActivity#219578 cornerRadius=0.000000
05-02 19:06:03.370 12016 12016 I WindowManager: Relayout hash=be2c175, pid=12016, syncId=-1: mAttrs={(589,1349)(wrapxwrap) gr=TOP LEFT CENTER sim={adjust=pan} layoutInDisplayCutoutMode=shortEdges ty=SYSTEM_OVERLAY fmt=TRANSLUCENT
05-02 19:06:03.370 12016 12016 I WindowManager:   fl=1000718
05-02 19:06:03.370 12016 12016 I WindowManager:   bhv=2
05-02 19:06:03.370 12016 12016 I WindowManager:   fitTypes=206
05-02 19:06:03.370 12016 12016 I WindowManager:   frameRateBoostOnTouch=true
05-02 19:06:03.370 12016 12016 I WindowManager:   dvrrWindowFrameRateHint=true naviIconColor=0
05-02 19:06:03.370 12016 12016 I WindowManager:   sfl=20000}
05-02 19:06:03.370  2153  2153 D SurfaceFlinger: Display 4630946165277524611 HWC layers:
05-02 19:06:03.370  2153  2153 D SurfaceFlinger:        DEVICE |           63221918597123 | 00002102 | RGBA_8888    |    0.0    0.0 2160.0 1856.0 |    0    0 2160 1856 | com.pocketnode.app/com.pocketnode.app.MainActivity$_14720#219579 (5)
05-02 19:06:03.370  2153  2153 D SurfaceFlinger:        DEVICE |           83038897701324 | 00002100 | RGBA_8888    |    0.0    0.0  112.0 1192.0 |  996  332 1108 1524 | com.google.android.packageinstaller/[...]leteStagedFileOnResult$_19334#219632 (1)
05-02 19:06:03.370  2153  2153 D SurfaceFlinger:        DEVICE |           83038897701340 | 00002100 | RGBA_8888    |    0.0    0.0  112.0 1192.0 |  996  332 1108 1524 | com.google.android.packageinstaller/[...]ller.InstallInstalling$_19334#219667 (1)
05-02 19:06:03.370  2153  2153 D SurfaceFlinger:   SOLID_COLOR |                        0 | 00000000 | N/A          |    0.0    0.0    0.0    0.0 |    0    0 2160 1856 | Dim Layer for - Task=2773#219625 (0)
05-02 19:06:03.370  2153  2153 D SurfaceFlinger:        DEVICE |           83038897701338 | 00002100 | RGBA_8888    |    0.0    0.0  703.0 1278.0 | 1358  289 2061 1567 | com.google.android.packageinstaller/[...]ller.InstallInstalling$_19334#219666 (1054)
05-02 19:06:03.370  2153  2153 D SurfaceFlinger:        DEVICE |        
05-02 19:06:03.370  2153  2153 D SurfaceFlinger:     1730871820753 | 00002100 | RGBA_8888    |    0.0    0.0  298.0  298.0 |  903  779 1201 1077 | com.android.vending/com.google.andro[...]ayProtectDialogsActivity$_403#219681 (1)
05-02 19:06:03.370  2153  2153 D SurfaceFlinger:   SOLID_COLOR |                        0 | 00000000 | N/A          |    0.0    0.0    0.0    0.0 |    0    0 2160 1856 | Dim Layer for - Task=2774#219686 (0)
05-02 19:06:03.370  2153  2153 D SurfaceFlinger:        DEVICE |            1730871820765 | 00002100 | RGBA_8888    |    0.0  100.0 1711.0 1956.0 |  197    0 1908 1856 | com.android.vending/com.google.andro[...]ayProtectDialogsActivity$_403#219682 (838)
05-02 19:06:03.370  2153  2153 D SurfaceFlinger:        DEVICE |           54614804169693 | 00002100 | RGBA_8888    |    0.0    0.0   94.0 1856.0 |    0    0   94 1856 | StatusBar$_12716#102864 (129505)
05-02 19:06:03.370  2153  2153 D SurfaceFlinger:        DEVICE |           57153129821708 | 00002100 | RGBA_8888    |    0.0    0.0  423.0   67.0 |  283    0  706   67 | com.sec.android.app.launcher/com.sam[...]app.CocktailBarService$_13307#218595 (1)
05-02 19:06:03.370  2153  2153 D SurfaceFlinger:        DEVICE |           57153129821630 | 00002100 | RGBA_8888    |    0.0    0.0  149.0 1856.0 | 2011    0 2160 1856 | Ta
05-02 19:06:03.370  2153  2153 D SurfaceFlinger: skbarWindow$_13307#102932 (74448)
05-02 19:06:03.370  2153  2153 D SurfaceFlinger: 
05-02 19:06:03.371 12016 12016 I VRI[]@fa8c314: Relayout returned: old=(589,1349,837,1597) new=(589,1349,837,1597) relayoutAsync=false req=(248,248)8 dur=9 res=0x2 s={false 0x0} ch=true seqId=0
05-02 19:06:03.371  2153  2763 I SurfaceFlinger: id=219691 Removed #219691 (356)
05-02 19:06:03.371 12016 12137 D SurfaceComposerClient: setCornerRadius ## 603d293 com.google.android.packageinstaller/com.android.packageinstaller.InstallInstalling#219665 cornerRadius=0.000000
05-02 19:06:03.371 13307 10840 I HoneySpace.RecentTasks: onRecentTasksChanged
05-02 19:06:03.371 12016 12137 D SurfaceComposerClient: setCornerRadius ## dda60c1 com.google.android.packageinstaller/com.android.packageinstaller.DeleteStagedFileOnResult#219631 cornerRadius=0.000000
05-02 19:06:03.371 12016 12016 D VRI[]@fa8c314: Not drawing due to not visible. Reason=View.GONE
05-02 19:06:03.371 12016 12137 D SurfaceComposerClient: setCornerRadius ## 151eaa4 com.pocketnode.app/com.pocketnode.app.MainActivity#219578 cornerRadius=0.000000
05-02 19:06:03.371 13307 13397 I HoneySpace.TopTaskSource: onTaskMovedToFront : taskId = 2773, displayId = 0
05-02 19:06:03.372 12716 12716 D FlexPanelStartController: not support state, mMwEnabled=true, mIsTableMode=false, mDesktopMode=false, mFlexModePanelEnabled=true, mIsImeShowing=false, mIsQuickPanelShowing=false, mIsTaskBarAppsEnabled=false, mIsGlobalActionVisible=false, mOnRecentsAnimation=false, isSupportRotation=false, mIsKeyguardVisible=false
05-02 19:06:03.372 13307 13399 I HoneySpace.TopTaskUseCase: topTasks 2773 ComponentInfo{com.google.android.packageinstaller/com.android.packageinstaller.InstallInstalling}[displayId=0]
05-02 19:06:03.373 12716 12716 D TaskbarDelegate: onSystemBarAttributesChanged() - displayId:0, appearance:0, navbarColorManagedByIme: false, packageName: com.google.android.packageinstaller
05-02 19:06:03.373 12716 12716 D NavigationBarControllerImpl: setNavigationBarShortcut requestClass : com.android.wm.shell.controlpanel.activity.FlexPanelActivity, remoteViews : null, position : 0, priority : 11
05-02 19:06:03.373 13307 13396 I HoneySpace.TaskbarEventTracker: invokeEvent() called with: event = OnSystemBarAttributesChanged(displayId=0, behavior=1)
05-02 19:06:03.373 12716 12716 D RemoteViewPack: OnSetRemoteView RemoteViewShortcut(requestClass=com.android.wm.shell.controlpanel.activity.FlexPanelActivity, remoteViews=null, position=0, priority=11)
05-02 19:06:03.373 12716 12716 D NavBarStateManager: NavBarStates(0) isGameMode: false
05-02 19:06:03.373 12716 12716 D TaskBarPack: OnSetRemoteView Bundle[{remoteViews=null, priority=11, position=0, requestClass=com.android.wm.shell.controlpanel.activity.FlexPanelActivity}]
05-02 19:06:03.373 13307 13396 I HoneySpace.TaskbarEventTracker: invokeEvent() called with: event = HandleNavigationBarEvent(eventData=NavBarEvents(eventType=ON_APPEARANCE_CHANGED, iconType=null, remoteViewBundle=null, iconBitmapBundle=null, orderDefault=true, position=0, rotationLocked=false, transientShowing=false, appearance=0, pluginBundle=null, hiddenByKnox=false, insetsBundle=null, displayId=0))
05-02 19:06:03.374 13307 13396 I HoneySpace.TaskbarEventTracker: invokeEvent() called with: event = HandleNavigationBarEvent(eventData=NavBarEvents(eventType=ON_UPDATE_NAVBAR_REMOTEVIEWS, iconType=null, remoteViewBundle=Bundle[mParcelledData.dataSize=264], iconBitmapBundle=null, orderDefault=true, position=0, rotationLocked=false, transientShowing=false, appearance=0, pluginBundle=null, hiddenByKnox=false, insetsBundle=null, displayId=0))
05-02 19:06:03.374 13307 13307 I HoneySpace.TaskbarPot@222250385@OneUI: HandleNavigationBarEvent: ON_APPEARANCE_CHANGED
05-02 19:06:03.374 13307 13307 I HoneySpace.TaskbarPot@222250385@OneUI: updateAppearance appearance:0
05-02 19:06:03.374 13307 13307 I HoneySpace.TaskbarPot@222250385@OneUI: setTaskbarBGAlpha default : true, fixAlpha : 0
05-02 19:06:03.374 13307 13307 I HoneySpace.TaskbarPot@222250385@OneUI: HandleNavigationBarEvent: ON_UPDATE_NAVBAR_REMOTEVIEWS
05-02 19:06:03.374 13307 13307 I HoneySpace.TaskbarPot@222250385@OneUI:     requestClass: com.android.wm.shell.controlpanel.activity.FlexPanelActivity, null: true, position: 0, priority: 11
05-02 19:06:03.375 12016 14774 I SemDvfsHyPerManager: acquire hyper - AMS_ACT_RESUME/12016@20, type = -999
05-02 19:06:03.375 12016 14774 D ActivityManagerPerformance: AMP_acquire() ACT_RESUME
05-02 19:06:03.375 12016 14774 D SGM:FgCheckThread: TaskStackListener.onTaskFocusChanged(), taskId=2774, focused=false
05-02 19:06:03.375 12016 14774 D SGM:FgCheckThread: TaskStackListener.onTaskFocusChanged(), taskId=2773, focused=true
05-02 19:06:03.375 11763 11781 I HYPER-HAL: [RequestManager.cpp]acquire(): Acquired ID : 72438686  [12016 / 20]    HINT : AMS_ACT_RESUME    list : 
05-02 19:06:03.375 12016 12523 D BackgroundInstallControlService: Package event received: 0
05-02 19:06:03.376  2153  2153 I SurfaceFlinger: [Display 0 name="Built-in Screen"#102783] setFrameRateCategory: High
05-02 19:06:03.376  2153  2153 I SurfaceFlinger: destroyed #219691 form LifecycleManager
05-02 19:06:03.376  2153  2153 I SurfaceFlinger: [LayerHierarchy{RequestedLayerState{ImeContainer#102749 parentId=219672 relativeParentId=219672 z=1} 1 children}] RelativeParent to null
05-02 19:06:03.376  2153  2153 I SurfaceFlinger: [LayerHierarchy{RequestedLayerState{7c00331 NavigationBar0#102853 parentId=219692} 1 children}] reparent to LayerHierarchy{RequestedLayerState{Surface(name=7c00331 NavigationBar0)/@0x9c938e4 - animation-leash of insets_animation#219692 parentId=102852} 1 children}
05-02 19:06:03.376  2153  2153 I SurfaceFlinger: [LayerHierarchy{RequestedLayerState{a81d755 StatusBar#102857 parentId=219693} 1 children}] reparent to LayerHierarchy{RequestedLayerState{Surface(name=a81d755 StatusBar)/@0xf64d113 - animation-leash of insets_animation#219693 parentId=102856} 1 children}
05-02 19:06:03.376  2153  2153 I SurfaceFlinger: [LayerHierarchy{RequestedLayerState{744db6d TaskbarWindow#102927 parentId=219694} 1 children}] reparent to LayerHierarchy{RequestedLayerState{Surface(name=744db6d TaskbarWindow)/@0xa5e2c46 - animation-leash of insets_animation#219694 parentId=102926} 1 children}
05-02 19:06:03.376  2153  2153 I SurfaceFlinger: [LayerHierarchy{RequestedLayerState{Surface(name=744db6d TaskbarWindow)/@0xa5e2c46 - animation-leash of insets_animation#219680} no children}] reparent to OffscreenRoot
05-02 19:06:03.376  2153  2153 I SurfaceFlinger: [LayerHierarchy{RequestedLayerState{Surface(name=744db6d TaskbarWindow)/@0xa5e2c46 - animation-leash of insets_animation#219680} no children}] RelativeParent to null
05-02 19:06:03.376  2153  2153 I SurfaceFlinger: [LayerHierarchy{RequestedLayerState{Surface(name=a81d755 StatusBar)/@0xf64d113 - animation-leash of insets_animation#219679} no children}] reparent to OffscreenRoot
05-02 19:06:03.376  2153  2153 I SurfaceFlinger: [LayerHierarchy{RequestedLayerState{Surface(name=a81d755 StatusBar)/@0xf64d113 - animation-leash of insets_animation#219679} no children}] RelativeParent to null
05-02 19:06:03.376  2153  2153 I SurfaceFlinger: [LayerHierarchy{RequestedLayerState{Surface(name=7c00331 NavigationBar0)/@0x9c938e4 - animation-leash of insets_animation#219678} no children}] reparent to OffscreenRoot
05-02 19:06:03.376  2153  2153 I SurfaceFlinger: [LayerHierarchy{RequestedLayerState{Surface(name=7c00331 NavigationBar0)/@0x9c938e4 - animation-leash of insets_animation#219678} no children}] RelativeParent to null
05-02 19:06:03.376  2153  2153 I SurfaceFlinger: [Surface(name=744db6d TaskbarWindow)/@0xa5e2c46 - animation-leash of insets_animation#219694] attach to parent LayerHierarchy{RequestedLayerState{WindowToken{7d44784 type=2024 android.os.BinderProxy@314bbbf}#102926 parentId=102768 z=1} 1 children}
05-02 19:06:03.376  2153  2153 I SurfaceFlinger: [Surface(name=a81d755 StatusBar)/@0xf64d113 - animation-leash of insets_animation#219693] attach to parent LayerHierarchy{RequestedLayerState{WindowToken{4c9a20c type=2000 android.os.BinderProxy@37cf15e}#102856 parentId=102751} 1 children}
05-02 19:06:03.376  2153  2153 I SurfaceFlinger: id=219691 onLayerDestroyed from LayerHierarchyBuilder(RequestedLayerState{#219691 !handle})
05-02 19:06:03.376 12016 14774 D SGM:FgCheckThread:   sendRunningComponentFocus(), pkgName: com.google.android.packageinstaller, userId: 0
05-02 19:06:03.376 12016 14774 D InputDispatcher: Focused application(0): ActivityRecord{76278653 u0 com.google.android.packageinstaller/com.android.packageinstaller.InstallInstalling t2773}
05-02 19:06:03.376 12016 14774 D ActivityTaskManager: scheduleTopResumedActivityChanged, onTop=true, r=ActivityRecord{76278653 u0 com.google.android.packageinstaller/com.android.packageinstaller.InstallInstalling t2773}, caller=com.android.server.wm.ActivityTaskSupervisor.scheduleTopResumedActivityStateIfNeeded:18 com.android.server.wm.ActivityTaskSupervisor.updateTopResumedActivityIfNeeded:54 com.android.server.wm.TaskFragment.setResumedActivity:75 com.android.server.wm.ActivityRecord.setState:116 com.android.server.wm.TaskFragment.resumeTopActivity:1718 com.android.server.wm.Task.resumeTopActivityInnerLocked:174 
05-02 19:06:03.376 12016 12390 D SGM:FgCheckThread: onLooperPrepared(), msg: MSG_TASK_FOCUSED, pkgName: com.google.android.packageinstaller, userId: 0
05-02 19:06:03.376 12016 12390 D SGM:FgCheckThread: handleTaskFocused().
05-02 19:06:03.376 12016 12390 D SGM:FgCheckThread: sendFocusOutConditionally() - mPrevNotiPkg: KILL_YOURSELF, userId: 0
05-02 19:06:03.376 12016 12390 D SGM:FgCheckThread:   handleTaskFocused(), pkgName: com.google.android.packageinstaller, userID:0 mResumedPkgMap does not containsKey.
05-02 19:06:03.376 12016 12139 D SurfaceComposerClient: [SEC_SF_EFFECTS] setBackgroundBlurRadius ## Dim Layer for - Task=2774#219686 backgroundBlurRadius=0
05-02 19:06:03.376 12016 12139 D SurfaceComposerClient: [SEC_SF_EFFECTS] setBackgroundBlurRadius ## Dim Layer for - Task=2774#219686 backgroundBlurRadius=0
05-02 19:06:03.377 12016 14774 V WindowManager: Computed rotation=ROTATION_0 (0) for display id=0 based on lastOrientation=SCREEN_ORIENTATION_UNSPECIFIED (-1) and oldRotation=ROTATION_0 (0), caller=com.android.server.wm.DisplayRotation.updateOrientation:79 com.android.server.wm.DisplayContent.updateOrientation:41 com.android.server.wm.DisplayContent.updateOrientationAndComputeConfig:48 com.android.server.wm.RootWindowContainer.ensureVisibilityAndConfig:7 com.android.server.wm.TaskFragment.resumeTopActivity:1737 com.android.server.wm.Task.resumeTopActivityInnerLocked:174 
05-02 19:06:03.377 12016 12485 D AS.MultiSoundManager: mForegroundUid = 10082
05-02 19:06:03.377  2153  2153 I Layer   : id=219691 Destroyed #219691
05-02 19:06:03.377 12016 14774 D BLASTSyncEngine: SyncGroup 5480: Set ready true, caller=com.android.server.wm.BLASTSyncEngine.setReady:32 com.android.server.wm.Transition.applyReady:54 com.android.server.wm.Transition.setReady:72 com.android.server.wm.TransitionController.setReady:6 com.android.server.wm.DisplayContent.executeAppTransition:4 com.android.server.wm.ActivityRecord.completeResumeLocked:115 
05-02 19:06:03.378 12016 14774 D SurfaceComposerClient: setCornerRadius ## 603d293 com.google.android.packageinstaller/com.android.packageinstaller.InstallInstalling#219665 cornerRadius=0.000000
05-02 19:06:03.378 12016 14774 D SurfaceComposerClient: setCornerRadius ## dda60c1 com.google.android.packageinstaller/com.android.packageinstaller.DeleteStagedFileOnResult#219631 cornerRadius=0.000000
05-02 19:06:03.378 12016 14774 D SurfaceComposerClient: setCornerRadius ## 151eaa4 com.pocketnode.app/com.pocketnode.app.MainActivity#219578 cornerRadius=0.000000
05-02 19:06:03.379 12016 14774 V WindowManager: SyncGroup 5480: Finished!
05-02 19:06:03.379 12016 14774 D ChangeTransitionController: onTransactionReady: TransitionRecord{62005b7 id=5480 type=CLOSE flags=0x0 c=[
05-02 19:06:03.379 12016 14774 D ChangeTransitionController:    ChangeInfo{433f4af container=ActivityRecord{20102667 u0 com.android.vending/com.google.android.finsky.protectdialogs.activity.PlayProtectDialogsActivity t2774 f}} flags=0x0}
05-02 19:06:03.379 12016 14774 D ChangeTransitionController:    ChangeInfo{d06b0bc container=DefaultTaskDisplayArea_d0@73140618 flags=0x0}
05-02 19:06:03.379 12016 14774 D ChangeTransitionController:    ChangeInfo{31ab845 container=Display{#0 state=ON size=1856x2160 ROTATION_0} flags=0x0}
05-02 19:06:03.379 12016 14774 D ChangeTransitionController:    ChangeInfo{e3ab9a container=Task{d83b23d #2774 type=standard I=com.android.vending/com.google.android.finsky.protectdialogs.activity.PlayProtectDialogsActivity} flags=0x0}
05-02 19:06:03.379 12016 14774 D ChangeTransitionController: ]
05-02 19:06:03.379 12016 14774 D ChangeTransitionController: }
05-02 19:06:03.379 12016 14774 V WindowManager: Start calculating TransitionInfo based on participants: {ActivityRecord{20102667 u0 com.android.vending/com.google.android.finsky.protectdialogs.activity.PlayProtectDialogsActivity t2774 f}}, Task{becdebc #2773 type=standard A=10082:com.google.android.packageinstaller}, Task{d83b23d #2774 type=standard I=com.android.vending/com.google.android.finsky.protectdialogs.activity.PlayProtectDialogsActivity}}
05-02 19:06:03.379 12016 14774 V WindowManager:   Final targets: [ChangeInfo{2552ccb container=Task{becdebc #2773 type=standard A=10082:com.google.android.packageinstaller} flags=0x20}, ChangeInfo{e3ab9a container=Task{d83b23d #2774 type=standard I=com.android.vending/com.google.android.finsky.protectdialogs.activity.PlayProtectDialogsActivity} flags=0x10}]
05-02 19:06:03.379  2153  2905 I SurfaceFlinger: id=219678 Removed Surface(name=7c00331 NavigationBar0)/@0x9c938e4 - animation-leash of insets_animation#219678 (355)
05-02 19:06:03.379  2153  2905 I SurfaceFlinger: id=219695 createSurf, flag=84004, Transition Root: Task=2773#219695
05-02 19:06:03.379 12016 14774 D SurfaceComposerClient: setCornerRadius ## Task=2774#219671 cornerRadius=0.000000
05-02 19:06:03.379 12016 14774 D SurfaceComposerClient: setCornerRadius ## Task=2773#219612 cornerRadius=0.000000
05-02 19:06:03.379 12016 14774 V WindowManager: Calling onTransitionReady: {id=5480 t=CLOSE f=0x0 trk=0 r=[0@Point(0, 0)] c=[
05-02 19:06:03.379 12016 14774 V WindowManager:         {WCT{RemoteToken{cbc24d7 Task{becdebc #2773 type=standard A=10082:com.google.android.packageinstaller}}} m=CHANGE f=TRANSLUCENT|MOVE_TO_TOP|EDGE_EXTENSION_RESTRICTION leash=Surface(name=Task=2773)/@0x7d1f671 sb=Rect(0, 0 - 1856, 2160) eb=Rect(0, 0 - 1856, 2160) epz=Point(1856, 2160) d=0 taskParent=-1 inset=Rect(0, 94 - 0, 149)},
05-02 19:06:03.379 12016 14774 V WindowManager:         {WCT{RemoteToken{998de68 Task{d83b23d #2774 type=standard I=com.android.vending/com.google.android.finsky.protectdialogs.activity.PlayProtectDialogsActivity}}} m=CLOSE f=TRANSLUCENT|EDGE_EXTENSION_RESTRICTION leash=Surface(name=Task=2774)/@0xc18a75a sb=Rect(0, 0 - 1856, 2160) eb=Rect(0, 0 - 1856, 2160) epz=Point(1856, 2160) d=0 taskParent=-1 inset=Rect(0, 94 - 0, 149)}
05-02 19:06:03.379 12016 14774 V WindowManager:     ]}
05-02 19:06:03.380  2153  2776 D SurfaceFlinger: [input] setFocusedWindow: 8ecf159 com.google.android.packageinstaller/com.android.packageinstaller.InstallInstalling
05-02 19:06:03.380 12016 14794 D InputDispatcher: Once focus requested (0): 8ecf159 com.google.android.packageinstaller/com.android.packageinstaller.InstallInstalling
05-02 19:06:03.380 12016 14794 D InputDispatcher: Focus left window (0): 72c1a1c com.android.vending/com.google.android.finsky.protectdialogs.activity.PlayProtectDialogsActivity
05-02 19:06:03.380 12016 14794 D InputDispatcher: Focus entered window (0): 8ecf159 com.google.android.packageinstaller/com.android.packageinstaller.InstallInstalling
05-02 19:06:03.380 12016 14774 D RestrictionPolicy: isScreenCaptureEnabled : ret=true userId=0
05-02 19:06:03.380 12016 14774 D RestrictionPolicy: isScreenCaptureEnabled : ret=true userId=0
05-02 19:06:03.380 12016 14774 D ScreenCapture: [Capture_TEST] : setIsScreenShotBySystem true
05-02 19:06:03.380 12016 14774 I SurfaceComposerClient: captureLayers:childrenOnly:1, sync:1
05-02 19:06:03.381   403  3825 W qdgralloc: getInterlacedFlag: getMetaData returned 3, defaulting to interlaced_flag = 0
05-02 19:06:03.381 12716 13820 V WindowManagerShell: onTransitionReady(transaction=51608330792617)
05-02 19:06:03.381 12716 12801 V WindowManagerShell: onTransitionReady (#5480) android.os.BinderProxy@9aef579: {id=5480 t=CLOSE f=0x0 trk=0 r=[0@Point(0, 0)] c=[
05-02 19:06:03.381 12716 12801 V WindowManagerShell:         {m=CHANGE f=TRANSLUCENT|MOVE_TO_TOP|EDGE_EXTENSION_RESTRICTION leash=Surface(name=Task=2773)/@0x4db8f1f sb=Rect(0, 0 - 1856, 2160) eb=Rect(0, 0 - 1856, 2160) epz=Point(1856, 2160) d=0 taskParent=-1 inset=Rect(0, 94 - 0, 149)},
05-02 19:06:03.381 12716 12801 V WindowManagerShell:         {m=CLOSE f=TRANSLUCENT|EDGE_EXTENSION_RESTRICTION leash=Surface(name=Task=2774)/@0x811926c sb=Rect(0, 0 - 1856, 2160) eb=Rect(0, 0 - 1856, 2160) epz=Point(1856, 2160) d=0 taskParent=-1 inset=Rect(0, 94 - 0, 149)}
05-02 19:06:03.381 12716 12801 V WindowManagerShell:     ]}
05-02 19:06:03.381 12716 12801 V ShellDesktopMode: DesktopModeLogger: taskInfo map after processing changes 0
05-02 19:06:03.381 12716 12801 D ShellDesktopMode: DesktopTaskChangeListener: onTaskChanging for taskId=2773, displayId=0
05-02 19:06:03.381 12716 12801 D ShellDesktopMode: DesktopTaskChangeListener: onTaskClosing for taskId=2774, displayId=0
05-02 19:06:03.381 12716 12801 I SurfaceControlRegistry: hide, t=FinishTransaction_SyncId<5480> sc=Task=2774, caller=android.view.SurfaceControl$Transaction.hide:3583 com.android.wm.shell.transition.Transitions.dispatchReady:1263 com.android.wm.shell.transition.Transitions.onTransitionReady:251 com.android.wm.shell.transition.Transitions$TransitionPlayerImpl$$ExternalSyntheticLambda0.run:13 android.os.Handler.handleCallback:995 android.os.Handler.dispatchMessage:103 
05-02 19:06:03.381 12716 12801 V WindowManagerShell: Playing animation for (#5480) android.os.BinderProxy@9aef579@0
05-02 19:06:03.381 12716 12801 I SurfaceControlRegistry: show, t=StartTransaction_SyncId<5480> sc=Transition Root: Task=2773, caller=android.view.SurfaceControl$Transaction.show:3557 com.android.wm.shell.transition.Transitions.playTransition:79 com.android.wm.shell.transition.Transitions.processReadyQueue:239 com.android.wm.shell.transition.Transitions.dispatchReady:1352 com.android.wm.shell.transition.Transitions.onTransitionReady:251 com.android.wm.shell.transition.Transitions$TransitionPlayerImpl$$ExternalSyntheticLambda0.run:13 
05-02 19:06:03.382 12716 12801 D ShellSplitScreen: startAnimation: transition=5480 isSplitActive=false
05-02 19:06:03.382 12716 12801 V ShellRecents: RecentsTransitionHandler.startAnimation: no controller found
05-02 19:06:03.382 12716 12801 V ShellDesktopMode: DesktopMixedTransitionHandler: No pending desktop transition
05-02 19:06:03.382 12716 12801 V WindowManagerShell: Transition doesn't have explicit remote, search filters for match for {id=5480 t=CLOSE f=0x0 trk=0 r=[0@Point(0, 0)] c=[{m=CHANGE f=TRANSLUCENT|MOVE_TO_TOP|EDGE_EXTENSION_RESTRICTION leash=Surface(name=Task=2773)/@0x4db8f1f sb=Rect(0, 0 - 1856, 2160) eb=Rect(0, 0 - 1856, 2160) epz=Point(1856, 2160) d=0 taskParent=-1 inset=Rect(0, 94 - 0, 149)},{m=CLOSE f=TRANSLUCENT|EDGE_EXTENSION_RESTRICTION leash=Surface(name=Task=2774)/@0x811926c sb=Rect(0, 0 - 1856, 2160) eb=Rect(0, 0 - 1856, 2160) epz=Point(1856, 2160) d=0 taskParent=-1 inset=Rect(0, 94 - 0, 149)}]}
05-02 19:06:03.382 12716 12801 V WindowManagerShell:  Checking filter Pair{{types=[] flags=0x0] notFlags=0x100 checks=[{atype=home independent=true modes=[OPEN,TO_FRONT] flags=NONE mustBeTask=false order=TOP topActivity=ComponentInfo{com.sec.android.app.launcher/com.sec.android.app.launcher.Launcher} launchCookie=null windowingMode=undefined},{atype=recents independent=true modes=[CLOSE,TO_BACK] flags=NONE mustBeTask=false order=ANY topActivity=null launchCookie=null windowingMode=undefined}]} RemoteTransition { remoteTransition = android.window.IRemoteTransition$Stub$Proxy@bcc0bd4, appThread = android.app.IApplicationThread$Stub$Proxy@b73d17d, debugName = QuickstepLaunchHomeFromRecentsflags =NONE }}
05-02 19:06:03.382 12716 12801 V WindowManagerShell:  Checking filter Pair{{types=[] flags=0x0] notFlags=0x100 checks=[{atype=home independent=true modes=[OPEN,TO_FRONT] flags=NONE mustBeTask=false order=TOP topActivity=ComponentInfo{com.sec.android.app.launcher/com.sec.android.app.launcher.Launcher} launchCookie=null windowingMode=undefined},{atype=standard independent=true modes=[CLOSE,TO_BACK] flags=NONE mustBeTask=false order=ANY topActivity=null launchCookie=null windowingMode=undefined}]} RemoteTransition { remoteTransition = android.window.IRemoteTransition$Stub$Proxy@dd27872, appThread = android.app.IApplicationThread$Stub$Proxy@d7c34c3, debugName = QuickstepLaunchHomeflags =NONE }}
05-02 19:06:03.382 12716 12801 V WindowManagerShell:  Delegate animation for (#5480) to null
05-02 19:06:03.382 12716 12801 V WindowManagerShell: start default transition animation, info = {id=5480 t=CLOSE f=0x0 trk=0 r=[0@Point(0, 0)] c=[{m=CHANGE f=TRANSLUCENT|MOVE_TO_TOP|EDGE_EXTENSION_RESTRICTION leash=Surface(name=Task=2773)/@0x4db8f1f sb=Rect(0, 0 - 1856, 2160) eb=Rect(0, 0 - 1856, 2160) epz=Point(1856, 2160) d=0 taskParent=-1 inset=Rect(0, 94 - 0, 149)},{m=CLOSE f=TRANSLUCENT|EDGE_EXTENSION_RESTRICTION leash=Surface(name=Task=2774)/@0x811926c sb=Rect(0, 0 - 1856, 2160) eb=Rect(0, 0 - 1856, 2160) epz=Point(1856, 2160) d=0 taskParent=-1 inset=Rect(0, 94 - 0, 149)}]}
05-02 19:06:03.382 12716 12801 V WindowManagerShell: loadAnimation: anim=android.view.animation.AnimationSet@1b3fe3b animAttr=0x7 type=CLOSE isEntrance=false
05-02 19:06:03.382 12716 12801 V WindowManagerShell:    wallpaperTransit=WALLPAPER_NONE translucent=true
05-02 19:06:03.382 12716 12801 V WindowManagerShell:    change={m=CLOSE f=TRANSLUCENT|EDGE_EXTENSION_RESTRICTION leash=Surface(name=Task=2774)/@0x811926c sb=Rect(0, 0 - 1856, 2160) eb=Rect(0, 0 - 1856, 2160) epz=Point(1856, 2160) d=0 taskParent=-1 inset=Rect(0, 94 - 0, 149)}
05-02 19:06:03.382 12716 12801 I SurfaceControlRegistry: apply, t=StartTransaction_SyncId<5480>, caller=android.view.SurfaceControl$Transaction.apply:3459 android.view.SurfaceControl$Transaction.apply:3447 android.view.SurfaceControl$Transaction.apply:3397 com.android.wm.shell.transition.DefaultTransitionHandler.startAnimation:3387 com.android.wm.shell.transition.Transitions.dispatchTransition:90 com.android.wm.shell.transition.Transitions.playTransition:774 
05-02 19:06:03.382 12716 12801 V WindowManagerShell:  animated by com.android.wm.shell.transition.DefaultTransitionHandler@92ec858
05-02 19:06:03.384  2153  2345 I SurfaceFlinger: Capture layer list: 	 com.android.vending/com.google.android.finsky.protectdialogs.activity.PlayProtectDialogsActivity$_403#219681(seamlessTransition:0)
05-02 19:06:03.384  2153  2345 I SurfaceFlinger: Capture layer list: 	 com.android.vending/com.google.android.finsky.protectdialogs.activity.PlayProtectDialogsActivity$_403#219682(seamlessTransition:0)
05-02 19:06:03.384 12016 12139 D SurfaceComposerClient: [SEC_SF_EFFECTS] setBackgroundBlurRadius ## Dim Layer for - Task=2774#219686 backgroundBlurRadius=0
05-02 19:06:03.384  2153  2153 I SurfaceFlinger: RequestedLayer [Transition Root: Task=2773#219695] hidden!! flag  from(1) --> to(0)
05-02 19:06:03.384  2153  2153 I SurfaceFlinger: destroyed Surface(name=7c00331 NavigationBar0)/@0x9c938e4 - animation-leash of insets_animation#219678 form LifecycleManager
05-02 19:06:03.384  2153  2153 I SurfaceFlinger: [LayerHierarchy{RequestedLayerState{Task=2773#219612 parentId=219695 z=3} 2 children}] reparent to LayerHierarchy{RequestedLayerState{Transition Root: Task=2773#219695 parentId=102744 z=38} 1 children}
05-02 19:06:03.384  2153  2153 I SurfaceFlinger: [LayerHierarchy{RequestedLayerState{Task=2774#219671 parentId=219695 z=4} 1 children}] reparent to LayerHierarchy{RequestedLayerState{Transition Root: Task=2773#219695 parentId=102744 z=38} 2 children}
05-02 19:06:03.384  2153  2153 I SurfaceFlinger: [Transition Root: Task=2773#219695] attach to parent LayerHierarchy{RequestedLayerState{DefaultTaskDisplayArea_d0#102744 parentId=102743} 40 children}
05-02 19:06:03.384  2153  2153 I SurfaceFlinger: id=219678 onLayerDestroyed from LayerHierarchyBuilder(RequestedLayerState{Surface(name=7c00331 NavigationBar0)/@0x9c938e4 - animation-leash of insets_animation#219678 !handle})
05-02 19:06:03.384  2153  2372 D RenderEngine: [SEC_SF_EFFECTS] drawLayersInternal,1483, Rendering layer ScreenCaptureFillLayer at index 0
05-02 19:06:03.384  2153  2372 D RenderEngine: [SEC_SF_EFFECTS] drawLayersInternal,1483, Rendering layer com.android.vending/com.google.android.finsky.protectdialogs.activity.PlayProtectDialogsActivity$_403#219681 at index 1
05-02 19:06:03.384  2153  2372 D RenderEngine: [SEC_SF_EFFECTS] drawLayersInternal,1483, Rendering layer com.android.vending/com.google.android.finsky.protectdialogs.activity.PlayProtectDialogsActivity$_403#219682 at index 2
05-02 19:06:03.385  2153  2153 I Layer   : id=219678 Destroyed Surface(name=7c00331 NavigationBar0)/@0x9c938e4 - animation-leash of insets_animation#219678
05-02 19:06:03.385 19334 19334 D VRI[InstallInstalling]@fd9a0a3: mThreadedRenderer.initializeIfNeeded()#2 mSurface={isValid=true 0xb400006f47ecbeb0}
05-02 19:06:03.385 19334 19334 I ImeFocusController: onPreWindowFocus: skipped hasWindowFocus=true mHasImeFocus=false
05-02 19:06:03.385 19334 19334 I ImeFocusController: onPostWindowFocus: skipped hasWindowFocus=true mHasImeFocus=false
05-02 19:06:03.387 12016 14774 D RestrictionPolicy: isScreenCaptureEnabled : ret=true userId=0
05-02 19:06:03.387 12016 14774 D RestrictionPolicy: isScreenCaptureEnabled : ret=true userId=0
05-02 19:06:03.388 12016 12132 V WindowManager: Sent Transition (#5480) createdAt=05-02 19:06:03.360 via request=TransitionRequestInfo { type = CLOSE, triggerTask = TaskInfo{userId=0 taskId=2774 effectiveUid=10259 displayId=0 isRunning=false baseIntent=Intent { flg=0x10800000 cmp=com.android.vending/com.google.android.finsky.protectdialogs.activity.PlayProtectDialogsActivity } baseActivity=null topActivity=null origActivity=null realActivity=ComponentInfo{com.android.vending/com.google.android.finsky.protectdialogs.activity.PlayProtectDialogsActivity} numActivities=0 lastActiveTime=1076494923 supportsMultiWindow=true resizeMode=1 isResizeable=true minWidth=-1 minHeight=-1 maxWidth=-1 maxHeight=-1 defaultMinSize=220 desktopDefaultMinSize=304 token=WCT{RemoteToken{998de68 Task{d83b23d #2774 type=standard I=com.android.vending/com.google.android.finsky.protectdialogs.activity.PlayProtectDialogsActivity}}} topActivityType=1 pictureInPictureParams=null shouldDockBigOverlays=false launchIntoPipHostTaskId=-1 lastParentTaskIdBeforePip=-1 displayCutoutSafeInsets=Rect(0, 0 - 0, 0) topActivityInfo=null launchCookies=[] positionInParent=Point(0, 0) parentTaskId=-1 isFocused=true isVisible=true isVisibleRequested=true isTopActivityNoDisplay=false isSleeping=false locusId=null displayAreaFeatureId=1 isTopActivityTransparent=false isActivityStackTransparent=true lastNonFullscreenBounds=Rect(511, 566 - 1346, 1538) capturedLink=null capturedLinkTimestamp=0 requestedVisibleTypes=-9 topActivityRequestOpenInBrowserEducationTimestamp=0 appCompatTaskInfo=AppCompatTaskInfo { topActivityInSizeCompat=false eligibleForLetterboxEducation= false isLetterboxEducationEnabled= false isLetterboxDoubleTapEnabled= false eligibleForUserAspectRatioButton= false topActivityBoundsLetterboxed= false isFromLetterboxDoubleTap= false topActivityLetterboxVerticalPosition= -1 topActivityLetterboxHorizontalPosition= -1 topActivityLetterboxWidth=-1 topActivityLetterboxHeight=-1 topActivityAppBounds=Rect(0, 0 - 0, 0) isUserFullscreenOverrideEnabled=false isSystemFullscreenOverrideEnabled=false hasMinAspectRatioOverride=false topActivityLetterboxBounds=null cameraCompatTaskInfo=CameraCompatTaskInfo { freeformCameraCompatMode=undefined} topActivityBounds=null topActivityInDisplayCompat=false singleTapFromLetterbox=false} topActivityMainWindowFrame=null originallySupportedMultiWindow=true hasWallpaper=false rootAffinity=null isTopTaskInStage=false CoverLauncherWidgetTask=false LaunchedFromAppsCoverLauncherTask=false LaunchedFromMultistarCoverLauncherTask=false isAllowedSeamlessRotation=false isTopTransparentActivity=true isAliasManaged=false hasConfigChanged=false snappingGuideBounds=null isAiKeyRemoveAppTask=false lastDesktopWindowingBounds=null lastExternalDesktopWindowingBounds=null isTranslucentTask=true isTopFullScreenWindow=true isFullSizeWindow=true safeCutoutInsets=Rect(-100000, 84 - 100000, 100000)}, pipChange = null, remoteTransition = null, displayChange = null, flags = 0, debugId = 5480 }
05-02 19:06:03.388 12016 12132 V WindowManager:     startWCT=WindowContainerTransaction { changes= {} hops= [] errorCallbackToken=null taskFragmentOrganizer=null }
05-02 19:06:03.388 12016 12132 V WindowManager:     info={id=5480 t=CLOSE f=0x0 trk=0 r=[0@Point(0, 0)] c=[
